==== 2026-10-09T12:47:12-04:00 capture · clean · a fresh scratch copy of the tree
== 2026-10-09T12:47:12-04:00 capture[smoke] · task M0-D11 · box laserax-ai :: bash tests/capture/check.sh {case}
== 2026-10-09T12:47:12-04:00 capture[refuse] · task M0-D11 · box laserax-ai :: bash tests/capture/check.sh {case}
-- capture[refuse] · exit=0 · 39.48 s
capture refuse: a not-built action, an unknown action and a bad id each refused, exit 4
=== GO ===

-- capture[smoke] · exit=0 · 40.31 s
SR-ADAPTER name=llvmpipe (LLVM 20.1.2, 256 bits) backend=Vulkan driver=llvmpipe
SR-CAPTURE paused paused.png 1760x940
SR-CAPTURE running running.png 1760x940
SR-CAPTURE DONE 2 /tmp/tmp.aadEVGR0XF
2 PNGs of (1760, 940) with different pixels, captions.json valid
capture smoke: ok
=== GO ===

==== 2026-10-09T12:47:52-04:00 capture · plant capture-no-captions · a fresh scratch copy of the tree
planted capture-no-captions: tests/plants/capture-no-captions.patch -> crates/sr-app/src/capture.rs
== 2026-10-09T12:47:52-04:00 capture[smoke] · task M0-D11 · box laserax-ai :: bash tests/capture/check.sh {case}
== 2026-10-09T12:47:52-04:00 capture[refuse] · task M0-D11 · box laserax-ai :: bash tests/capture/check.sh {case}
-- capture[refuse] · exit=0 · 37.87 s
capture refuse: a not-built action, an unknown action and a bad id each refused, exit 4
=== GO ===

-- capture[smoke] · exit=1 · 38.41 s
SR-ADAPTER name=llvmpipe (LLVM 20.1.2, 256 bits) backend=Vulkan driver=llvmpipe
SR-CAPTURE paused paused.png 1760x940
SR-CAPTURE running running.png 1760x940
SR-CAPTURE DONE 2 /tmp/tmp.TZUzqAPCw9
Traceback (most recent call last):
  File "<stdin>", line 3, in <module>
FileNotFoundError: [Errno 2] No such file or directory: '/tmp/tmp.TZUzqAPCw9/captions.json'
=== NO-GO: the captures do not match §3.3 ===

==== 2026-10-09T12:50:12-04:00 capture · clean · a fresh scratch copy of the tree
== 2026-10-09T12:50:12-04:00 capture[smoke] · task M0-D11 · box laserax-ai :: bash tests/capture/check.sh {case}
== 2026-10-09T12:50:12-04:00 capture[refuse] · task M0-D11 · box laserax-ai :: bash tests/capture/check.sh {case}
-- capture[refuse] · exit=0 · 36.35 s
capture refuse: a not-built action, an unknown action and a bad id each refused, exit 4
=== GO ===

-- capture[smoke] · exit=0 · 36.99 s
SR-ADAPTER name=llvmpipe (LLVM 20.1.2, 256 bits) backend=Vulkan driver=llvmpipe
SR-CAPTURE paused paused.png 1760x940
SR-CAPTURE running running.png 1760x940
SR-CAPTURE DONE 2 /tmp/tmp.EsXTPf3kPI
2 PNGs of (1760, 940) with different pixels, captions.json valid
capture smoke: ok
=== GO ===

==== 2026-10-09T12:50:49-04:00 capture · plant capture-no-captions · a fresh scratch copy of the tree
planted capture-no-captions: tests/plants/capture-no-captions.patch -> crates/sr-app/src/capture.rs
== 2026-10-09T12:50:49-04:00 capture[smoke] · task M0-D11 · box laserax-ai :: bash tests/capture/check.sh {case}
== 2026-10-09T12:50:49-04:00 capture[refuse] · task M0-D11 · box laserax-ai :: bash tests/capture/check.sh {case}
-- capture[refuse] · exit=0 · 38.70 s
capture refuse: a not-built action, an unknown action and a bad id each refused, exit 4
=== GO ===

-- capture[smoke] · exit=1 · 39.84 s
SR-ADAPTER name=llvmpipe (LLVM 20.1.2, 256 bits) backend=Vulkan driver=llvmpipe
SR-CAPTURE paused paused.png 1760x940
SR-CAPTURE running running.png 1760x940
SR-CAPTURE DONE 2 /tmp/tmp.3t9EQeIkS3
Traceback (most recent call last):
  File "<stdin>", line 3, in <module>
FileNotFoundError: [Errno 2] No such file or directory: '/tmp/tmp.3t9EQeIkS3/captions.json'
=== NO-GO: the captures do not match §3.3 ===

