==== 2026-10-09T18:03:09-04:00 boot · clean · a fresh scratch copy of the tree
== 2026-10-09T18:03:09-04:00 boot · task M0-D14 · box laserax-ai :: bash tests/smoke.sh headless-boot
-- boot · exit=0 · 31.03 s
headless-boot: ready - exit 0, 0.7s (log /tmp/pb-redarm-lfxa683c/arm0/milestones/m0/logs/M0-D14.launch.headless-boot.log)
headless-boot: pid 128296 not signalled - gone
headless-boot: log /tmp/pb-redarm-lfxa683c/arm0/milestones/m0/logs/M0-D14.launch.headless-boot.log
services: 1, ready: 1, failures: 0
summary.json: 13 keys of §2.12.2, steps = 200
boot headless-boot: built in 30 s, booted and checked in 1 s
=== GO ===

==== 2026-10-09T18:03:40-04:00 boot · plant scene-refuse · a fresh scratch copy of the tree
planted scene-refuse: tests/plants/scene-refuse.patch -> crates/sr-engine/src/headless.rs
== 2026-10-09T18:03:40-04:00 boot · task M0-D14 · box laserax-ai :: bash tests/smoke.sh headless-boot
-- boot · exit=1 · 30.89 s
headless-boot: exited 4 (log /tmp/pb-redarm-lfxa683c/arm1/milestones/m0/logs/M0-D14.launch.headless-boot.log)
headless-boot: pid 138777 not signalled - gone
headless-boot: log /tmp/pb-redarm-lfxa683c/arm1/milestones/m0/logs/M0-D14.launch.headless-boot.log
services: 1, ready: 0, failures: 1
FAIL headless-boot: exited 4 (log /tmp/pb-redarm-lfxa683c/arm1/milestones/m0/logs/M0-D14.launch.headless-boot.log)
=== NO-GO: launch.py smoke headless-boot did not end GO ===

==== 2026-10-09T18:09:47-04:00 boot · clean · a fresh scratch copy of the tree
== 2026-10-09T18:09:47-04:00 boot · task M0-D14 · box laserax-ai :: bash tests/smoke.sh headless-boot
-- boot · exit=0 · 21.35 s
headless-boot: ready - exit 0, 0.5s (log /tmp/pb-redarm-sc1u0zak/arm0/milestones/m0/logs/M0-D14.launch.headless-boot.log)
headless-boot: pid 195694 not signalled - gone
headless-boot: log /tmp/pb-redarm-sc1u0zak/arm0/milestones/m0/logs/M0-D14.launch.headless-boot.log
services: 1, ready: 1, failures: 0
summary.json: 13 keys of §2.12.2, steps = 200
boot headless-boot: built in 21 s, booted and checked in 1 s
=== GO ===

==== 2026-10-09T18:10:09-04:00 boot · plant scene-refuse · a fresh scratch copy of the tree
planted scene-refuse: tests/plants/scene-refuse.patch -> crates/sr-engine/src/headless.rs
== 2026-10-09T18:10:09-04:00 boot · task M0-D14 · box laserax-ai :: bash tests/smoke.sh headless-boot
-- boot · exit=1 · 21.80 s
headless-boot: exited 4 (log /tmp/pb-redarm-sc1u0zak/arm1/milestones/m0/logs/M0-D14.launch.headless-boot.log)
headless-boot: pid 203644 not signalled - gone
headless-boot: log /tmp/pb-redarm-sc1u0zak/arm1/milestones/m0/logs/M0-D14.launch.headless-boot.log
services: 1, ready: 0, failures: 1
FAIL headless-boot: exited 4 (log /tmp/pb-redarm-sc1u0zak/arm1/milestones/m0/logs/M0-D14.launch.headless-boot.log)
=== NO-GO: launch.py smoke headless-boot did not end GO ===

