==== 2026-10-09T17:48:49-04:00 desktop · clean · a fresh scratch copy of the tree
== 2026-10-09T17:48:49-04:00 desktop[window] · task M0-D12 · box laserax-ai :: bash tests/smoke.sh {case}
== 2026-10-09T17:48:49-04:00 desktop[launcher] · task M0-D12 · box laserax-ai :: bash tests/smoke.sh {case}
-- desktop[window] · exit=0 · 26.92 s
game-xvfb: ready on http://127.0.0.1:47811/status, 0.3s (log /tmp/pb-redarm-h4om1a2_/arm0/milestones/m0/logs/M0-D12.launch.game-xvfb.log)
game-xvfb: pid 48637 stopped; its X server :99, pid 48636 stopped
game-xvfb: log /tmp/pb-redarm-h4om1a2_/arm0/milestones/m0/logs/M0-D12.launch.game-xvfb.log
services: 1, ready: 1, failures: 0
boot game-xvfb: built in 27 s, booted and checked in 0 s
=== GO ===

-- desktop[launcher] · exit=0 · 27.47 s
game-xvfb: ready on http://127.0.0.1:47811/status, 0.3s (log /tmp/pb-redarm-h4om1a2_/arm0/milestones/m0/logs/launcher.launch.game-xvfb.log)
services: 1, ready: 1
=== GO ===
Sandbox Reactions is running. Press Enter to close it.
headless-boot: nothing recorded
game: nothing recorded
game-xvfb: pid 48724 stopped; its X server :99, pid 48723 stopped
game-offscreen: nothing recorded
services: 4, stopped: 4
=== GO ===
launcher game-xvfb: built in 27 s, started, stopped, nothing left running
=== GO ===

==== 2026-10-09T17:49:17-04:00 desktop · plant status-never-ready · a fresh scratch copy of the tree
planted status-never-ready: tests/plants/status-never-ready.patch -> crates/sr-app/src/desktop.rs
== 2026-10-09T17:49:17-04:00 desktop[window] · task M0-D12 · box laserax-ai :: bash tests/smoke.sh {case}
== 2026-10-09T17:49:17-04:00 desktop[launcher] · task M0-D12 · box laserax-ai :: bash tests/smoke.sh {case}
-- desktop[window] · exit=1 · 114.92 s
game-xvfb: not ready within 90s (log /tmp/pb-redarm-h4om1a2_/arm1/milestones/m0/logs/M0-D12.launch.game-xvfb.log)
game-xvfb: pid 54377 stopped; its X server :99, pid 54376 stopped
game-xvfb: log /tmp/pb-redarm-h4om1a2_/arm1/milestones/m0/logs/M0-D12.launch.game-xvfb.log
services: 1, ready: 0, failures: 1
FAIL game-xvfb: not ready within 90s (log /tmp/pb-redarm-h4om1a2_/arm1/milestones/m0/logs/M0-D12.launch.game-xvfb.log)
=== NO-GO: launch.py smoke game-xvfb did not end GO ===

-- desktop[launcher] · exit=1 · 205.07 s
game-xvfb: not ready within 90s (log /tmp/pb-redarm-h4om1a2_/arm1/milestones/m0/logs/launcher.launch.game-xvfb.log)
services: 1, ready: 0
FAIL game-xvfb: not ready within 90s (log /tmp/pb-redarm-h4om1a2_/arm1/milestones/m0/logs/launcher.launch.game-xvfb.log)
=== NO-GO: 1 failure(s) ===
Sandbox Reactions is running. Press Enter to close it.
headless-boot: nothing recorded
game: nothing recorded
game-xvfb: pid 57065 stopped; its X server :99, pid 57048 stopped
game-offscreen: nothing recorded
services: 4, stopped: 4
=== GO ===
=== NO-GO: the launcher never reached ready ===

==== 2026-10-09T17:52:42-04:00 desktop · plant launcher-no-stop · a fresh scratch copy of the tree
planted launcher-no-stop: tests/plants/launcher-no-stop.patch -> start.sh
== 2026-10-09T17:52:42-04:00 desktop[window] · task M0-D12 · box laserax-ai :: bash tests/smoke.sh {case}
== 2026-10-09T17:52:42-04:00 desktop[launcher] · task M0-D12 · box laserax-ai :: bash tests/smoke.sh {case}
-- desktop[window] · exit=0 · 24.56 s
game-xvfb: ready on http://127.0.0.1:47811/status, 0.5s (log /tmp/pb-redarm-h4om1a2_/arm2/milestones/m0/logs/M0-D12.launch.game-xvfb.log)
game-xvfb: pid 63967 stopped; its X server :99, pid 63966 stopped
game-xvfb: log /tmp/pb-redarm-h4om1a2_/arm2/milestones/m0/logs/M0-D12.launch.game-xvfb.log
services: 1, ready: 1, failures: 0
boot game-xvfb: built in 24 s, booted and checked in 0 s
=== GO ===

-- desktop[launcher] · exit=1 · 25.26 s
game-xvfb: ready on http://127.0.0.1:47811/status, 0.5s (log /tmp/pb-redarm-h4om1a2_/arm2/milestones/m0/logs/launcher.launch.game-xvfb.log)
services: 1, ready: 1
=== GO ===
Sandbox Reactions is running. Press Enter to close it.
=== NO-GO: the launcher did not stop game-xvfb ===

