==== 2026-10-10T14:13:33-04:00 web · clean · a fresh scratch copy of the tree
== 2026-10-10T14:13:34-04:00 web[build] · task M0-D17 · box Laser2025-20 :: bash tests/web/check.sh {case}
== 2026-10-10T14:13:34-04:00 web[no-webgpu] · task M0-D17 · box Laser2025-20 :: bash tests/web/check.sh {case}
== 2026-10-10T14:13:34-04:00 web[ready] · task M0-D17 · box Laser2025-20 :: bash tests/web/check.sh {case}
-- web[no-webgpu] · exit=0 · 82.16 s
web build: trunk 0.21.14, 4.1M wasm; check on line 37, wasm on line 47
web: ready on port 47812, 0.5s (log C:\Users\YohanBelanger\AppData\Local\Temp\pb-redarm-m836rxlf\arm0\milestones\m0\logs\M0-D17.launch.web.log)
services: 1, ready: 1
web smoke no-webgpu: C:\Program Files\Google\Chrome\Application\chrome.exe (154.0.8037.99) on win32, flags --headless=new --enable-unsafe-webgpu, http://127.0.0.1:47812
sandbox: on (--no-sandbox absent from Chrome's command line)
SR-CHROME-ADAPTER vendor=nvidia architecture=lovelace device= description= fallback=false
no-webgpu: srState "no-webgpu" after 0.1 s, the three web.no_webgpu_* texts exact, no wasm fetched
=== GO ===

-- web[build] · exit=0 · 115.28 s
web build: trunk 0.21.14, 4.1M wasm; check on line 37, wasm on line 47
=== GO ===

-- web[ready] · exit=0 · 126.75 s
web: ready on port 47812, 0.5s (log C:\Users\YohanBelanger\AppData\Local\Temp\pb-redarm-m836rxlf\arm0\milestones\m0\logs\M0-D17.launch.web.log)
services: 1, ready: 1
web smoke ready: C:\Program Files\Google\Chrome\Application\chrome.exe (154.0.8037.99) on win32, flags --headless=new --enable-unsafe-webgpu, http://127.0.0.1:47812
sandbox: on (--no-sandbox absent from Chrome's command line)
SR-ADAPTER  (BrowserWebGpu, Other, driver )
SR-CHROME-ADAPTER vendor=nvidia architecture=lovelace device= description= fallback=false
ready: srState "ready" after 0.8 s
=== GO ===

==== 2026-10-10T14:15:42-04:00 web · plant web-no-gpu-check · a fresh scratch copy of the tree
planted web-no-gpu-check: tests/plants/web-no-gpu-check.patch -> web/index.html
== 2026-10-10T14:15:42-04:00 web[build] · task M0-D17 · box Laser2025-20 :: bash tests/web/check.sh {case}
== 2026-10-10T14:15:42-04:00 web[ready] · task M0-D17 · box Laser2025-20 :: bash tests/web/check.sh {case}
== 2026-10-10T14:15:42-04:00 web[no-webgpu] · task M0-D17 · box Laser2025-20 :: bash tests/web/check.sh {case}
-- web[no-webgpu] · exit=1 · 34.89 s
web no-webgpu: index.html has no navigator.gpu check
=== NO-GO: index.html has no navigator.gpu check ===

-- web[build] · exit=1 · 71.03 s
web build: index.html has no navigator.gpu check
=== NO-GO: index.html has no navigator.gpu check ===

-- web[ready] · exit=1 · 106.78 s
web ready: index.html has no navigator.gpu check
=== NO-GO: index.html has no navigator.gpu check ===

==== 2026-10-10T14:17:30-04:00 web · plant web-autoload · a fresh scratch copy of the tree
planted web-autoload: tests/plants/web-autoload.patch -> web/Trunk.toml
== 2026-10-10T14:17:30-04:00 web[build] · task M0-D17 · box Laser2025-20 :: bash tests/web/check.sh {case}
== 2026-10-10T14:17:30-04:00 web[ready] · task M0-D17 · box Laser2025-20 :: bash tests/web/check.sh {case}
== 2026-10-10T14:17:30-04:00 web[no-webgpu] · task M0-D17 · box Laser2025-20 :: bash tests/web/check.sh {case}
-- web[no-webgpu] · exit=1 · 41.02 s
web no-webgpu: trunk's auto-loader or preload for the wasm is still in index.html
=== NO-GO: trunk's auto-loader or preload for the wasm is still in index.html ===

-- web[build] · exit=1 · 86.28 s
web build: trunk's auto-loader or preload for the wasm is still in index.html
=== NO-GO: trunk's auto-loader or preload for the wasm is still in index.html ===

-- web[ready] · exit=1 · 119.11 s
web ready: trunk's auto-loader or preload for the wasm is still in index.html
=== NO-GO: trunk's auto-loader or preload for the wasm is still in index.html ===

==== 2026-10-10T14:19:31-04:00 web · plant never-ready · a fresh scratch copy of the tree
planted never-ready: tests/plants/never-ready.patch -> crates/sr-app/src/web.rs
== 2026-10-10T14:19:31-04:00 web[build] · task M0-D17 · box Laser2025-20 :: bash tests/web/check.sh {case}
== 2026-10-10T14:19:31-04:00 web[ready] · task M0-D17 · box Laser2025-20 :: bash tests/web/check.sh {case}
== 2026-10-10T14:19:31-04:00 web[no-webgpu] · task M0-D17 · box Laser2025-20 :: bash tests/web/check.sh {case}
-- web[build] · exit=0 · 37.41 s
web build: trunk 0.21.14, 4.1M wasm; check on line 37, wasm on line 47
=== GO ===

-- web[ready] · exit=1 · 80.88 s
web: ready on port 47812, 0.5s (log C:\Users\YohanBelanger\AppData\Local\Temp\pb-redarm-m836rxlf\arm3\milestones\m0\logs\M0-D17.launch.web.log)
services: 1, ready: 1
web smoke ready: C:\Program Files\Google\Chrome\Application\chrome.exe (154.0.8037.99) on win32, flags --headless=new --enable-unsafe-webgpu, http://127.0.0.1:47812
sandbox: on (--no-sandbox absent from Chrome's command line)
=== NO-GO: ready: srState is "loading" after 30 s; never ready - console.warning: The powerPreference option is currently ignored when calling requestAdapter() on Windows. See https://crbug.com/369219127 | console.error: Failed to load resource: the server responded with a status of 404 (File not found) | console.warning: The powerPreference option is currently ignored when calling requestAdapter() on Windows. See https://crbug.com/369219127 ===

-- web[no-webgpu] · exit=0 · 92.09 s
web: ready on port 47812, 0.5s (log C:\Users\YohanBelanger\AppData\Local\Temp\pb-redarm-m836rxlf\arm3\milestones\m0\logs\M0-D17.launch.web.log)
services: 1, ready: 1
web smoke no-webgpu: C:\Program Files\Google\Chrome\Application\chrome.exe (154.0.8037.99) on win32, flags --headless=new --enable-unsafe-webgpu, http://127.0.0.1:47812
sandbox: on (--no-sandbox absent from Chrome's command line)
SR-CHROME-ADAPTER vendor=nvidia architecture=lovelace device= description= fallback=false
no-webgpu: srState "no-webgpu" after 0.1 s, the three web.no_webgpu_* texts exact, no wasm fetched
=== GO ===

==== 2026-10-10T14:21:04-04:00 web · plant smoke-no-sandbox · a fresh scratch copy of the tree
planted smoke-no-sandbox: tests/plants/smoke-no-sandbox.patch -> web/smoke.mjs
== 2026-10-10T14:21:05-04:00 web[build] · task M0-D17 · box Laser2025-20 :: bash tests/web/check.sh {case}
== 2026-10-10T14:21:05-04:00 web[ready] · task M0-D17 · box Laser2025-20 :: bash tests/web/check.sh {case}
== 2026-10-10T14:21:05-04:00 web[no-webgpu] · task M0-D17 · box Laser2025-20 :: bash tests/web/check.sh {case}
-- web[build] · exit=0 · 36.98 s
web build: trunk 0.21.14, 4.1M wasm; check on line 37, wasm on line 47
=== GO ===

-- web[ready] · exit=1 · 50.06 s
web: ready on port 47812, 0.5s (log C:\Users\YohanBelanger\AppData\Local\Temp\pb-redarm-m836rxlf\arm4\milestones\m0\logs\M0-D17.launch.web.log)
services: 1, ready: 1
web smoke ready: C:\Program Files\Google\Chrome\Application\chrome.exe (154.0.8037.99) on win32, flags --headless=new --enable-unsafe-webgpu, http://127.0.0.1:47812
sandbox: OFF (--no-sandbox in Chrome's command line)
=== NO-GO: ready: Chrome runs with --no-sandbox, which contract §6.2.3 leaves out (playwright-core adds it unless chromiumSandbox is on) ===

-- web[no-webgpu] · exit=1 · 60.31 s
web: ready on port 47812, 0.5s (log C:\Users\YohanBelanger\AppData\Local\Temp\pb-redarm-m836rxlf\arm4\milestones\m0\logs\M0-D17.launch.web.log)
services: 1, ready: 1
web smoke no-webgpu: C:\Program Files\Google\Chrome\Application\chrome.exe (154.0.8037.99) on win32, flags --headless=new --enable-unsafe-webgpu, http://127.0.0.1:47812
sandbox: OFF (--no-sandbox in Chrome's command line)
=== NO-GO: no-webgpu: Chrome runs with --no-sandbox, which contract §6.2.3 leaves out (playwright-core adds it unless chromiumSandbox is on) ===

==== 2026-10-10T14:23:57-04:00 web · clean · a fresh scratch copy of the tree
== 2026-10-10T14:23:57-04:00 web[build] · task M0-D17 · box Laser2025-20 :: bash tests/web/check.sh {case}
== 2026-10-10T14:23:57-04:00 web[ready] · task M0-D17 · box Laser2025-20 :: bash tests/web/check.sh {case}
== 2026-10-10T14:23:57-04:00 web[no-webgpu] · task M0-D17 · box Laser2025-20 :: bash tests/web/check.sh {case}
-- web[build] · exit=0 · 34.73 s
web build: trunk 0.21.14, 4.1M wasm; check on line 37, wasm on line 47
=== GO ===

-- web[ready] · exit=0 · 49.08 s
web: ready on port 47812, 0.5s (log C:\Users\YohanBelanger\AppData\Local\Temp\pb-redarm-hqbczh1a\arm0\milestones\m0\logs\M0-D17.launch.web.log)
services: 1, ready: 1
web smoke ready: C:\Program Files\Google\Chrome\Application\chrome.exe (154.0.8037.99) on win32, flags --headless=new --enable-unsafe-webgpu, http://127.0.0.1:47812
sandbox: on (--no-sandbox absent from Chrome's command line)
SR-ADAPTER  (BrowserWebGpu, Other, driver )
SR-CHROME-ADAPTER vendor=nvidia architecture=lovelace device= description= fallback=false
ready: srState "ready" after 0.8 s
=== GO ===

-- web[no-webgpu] · exit=0 · 60.98 s
web: ready on port 47812, 0.5s (log C:\Users\YohanBelanger\AppData\Local\Temp\pb-redarm-hqbczh1a\arm0\milestones\m0\logs\M0-D17.launch.web.log)
services: 1, ready: 1
web smoke no-webgpu: C:\Program Files\Google\Chrome\Application\chrome.exe (154.0.8037.99) on win32, flags --headless=new --enable-unsafe-webgpu, http://127.0.0.1:47812
sandbox: on (--no-sandbox absent from Chrome's command line)
SR-CHROME-ADAPTER vendor=nvidia architecture=lovelace device= description= fallback=false
no-webgpu: srState "no-webgpu" after 0.1 s, the three web.no_webgpu_* texts exact, no wasm fetched
=== GO ===

==== 2026-10-10T14:25:00-04:00 web · plant web-no-gpu-check · a fresh scratch copy of the tree
planted web-no-gpu-check: tests/plants/web-no-gpu-check.patch -> web/index.html
== 2026-10-10T14:25:00-04:00 web[build] · task M0-D17 · box Laser2025-20 :: bash tests/web/check.sh {case}
== 2026-10-10T14:25:00-04:00 web[ready] · task M0-D17 · box Laser2025-20 :: bash tests/web/check.sh {case}
== 2026-10-10T14:25:00-04:00 web[no-webgpu] · task M0-D17 · box Laser2025-20 :: bash tests/web/check.sh {case}
-- web[ready] · exit=1 · 41.92 s
web ready: index.html has no navigator.gpu check
=== NO-GO: index.html has no navigator.gpu check ===

-- web[no-webgpu] · exit=1 · 114.25 s
web no-webgpu: index.html has no navigator.gpu check
=== NO-GO: index.html has no navigator.gpu check ===

-- web[build] · exit=1 · 142.19 s
web build: index.html has no navigator.gpu check
=== NO-GO: index.html has no navigator.gpu check ===

==== 2026-10-10T14:27:23-04:00 web · plant web-autoload · a fresh scratch copy of the tree
planted web-autoload: tests/plants/web-autoload.patch -> web/Trunk.toml
== 2026-10-10T14:27:23-04:00 web[build] · task M0-D17 · box Laser2025-20 :: bash tests/web/check.sh {case}
== 2026-10-10T14:27:23-04:00 web[ready] · task M0-D17 · box Laser2025-20 :: bash tests/web/check.sh {case}
== 2026-10-10T14:27:23-04:00 web[no-webgpu] · task M0-D17 · box Laser2025-20 :: bash tests/web/check.sh {case}
-- web[no-webgpu] · exit=1 · 34.36 s
web no-webgpu: trunk's auto-loader or preload for the wasm is still in index.html
=== NO-GO: trunk's auto-loader or preload for the wasm is still in index.html ===

-- web[build] · exit=1 · 67.03 s
web build: trunk's auto-loader or preload for the wasm is still in index.html
=== NO-GO: trunk's auto-loader or preload for the wasm is still in index.html ===

-- web[ready] · exit=1 · 101.39 s
web ready: trunk's auto-loader or preload for the wasm is still in index.html
=== NO-GO: trunk's auto-loader or preload for the wasm is still in index.html ===

==== 2026-10-10T14:29:06-04:00 web · plant never-ready · a fresh scratch copy of the tree
planted never-ready: tests/plants/never-ready.patch -> crates/sr-app/src/web.rs
== 2026-10-10T14:29:06-04:00 web[build] · task M0-D17 · box Laser2025-20 :: bash tests/web/check.sh {case}
== 2026-10-10T14:29:06-04:00 web[ready] · task M0-D17 · box Laser2025-20 :: bash tests/web/check.sh {case}
== 2026-10-10T14:29:06-04:00 web[no-webgpu] · task M0-D17 · box Laser2025-20 :: bash tests/web/check.sh {case}
-- web[no-webgpu] · exit=0 · 92.67 s
web build: trunk 0.21.14, 4.1M wasm; check on line 37, wasm on line 47
web: ready on port 47812, 0.5s (log C:\Users\YohanBelanger\AppData\Local\Temp\pb-redarm-hqbczh1a\arm3\milestones\m0\logs\M0-D17.launch.web.log)
services: 1, ready: 1
web smoke no-webgpu: C:\Program Files\Google\Chrome\Application\chrome.exe (154.0.8037.99) on win32, flags --headless=new --enable-unsafe-webgpu, http://127.0.0.1:47812
sandbox: on (--no-sandbox absent from Chrome's command line)
SR-CHROME-ADAPTER vendor=nvidia architecture=lovelace device= description= fallback=false
no-webgpu: srState "no-webgpu" after 0.1 s, the three web.no_webgpu_* texts exact, no wasm fetched
=== GO ===

-- web[ready] · exit=1 · 137.31 s
web: ready on port 47812, 0.5s (log C:\Users\YohanBelanger\AppData\Local\Temp\pb-redarm-hqbczh1a\arm3\milestones\m0\logs\M0-D17.launch.web.log)
services: 1, ready: 1
web smoke ready: C:\Program Files\Google\Chrome\Application\chrome.exe (154.0.8037.99) on win32, flags --headless=new --enable-unsafe-webgpu, http://127.0.0.1:47812
sandbox: on (--no-sandbox absent from Chrome's command line)
=== NO-GO: ready: srState is "loading" after 30 s; never ready - console.warning: The powerPreference option is currently ignored when calling requestAdapter() on Windows. See https://crbug.com/369219127 | console.error: Failed to load resource: the server responded with a status of 404 (File not found) | console.warning: The powerPreference option is currently ignored when calling requestAdapter() on Windows. See https://crbug.com/369219127 ===

-- web[build] · exit=0 · 188.77 s
web build: trunk 0.21.14, 4.1M wasm; check on line 37, wasm on line 47
=== GO ===

==== 2026-10-10T14:32:16-04:00 web · plant smoke-no-sandbox · a fresh scratch copy of the tree
planted smoke-no-sandbox: tests/plants/smoke-no-sandbox.patch -> web/smoke.mjs
== 2026-10-10T14:32:16-04:00 web[build] · task M0-D17 · box Laser2025-20 :: bash tests/web/check.sh {case}
== 2026-10-10T14:32:16-04:00 web[ready] · task M0-D17 · box Laser2025-20 :: bash tests/web/check.sh {case}
== 2026-10-10T14:32:16-04:00 web[no-webgpu] · task M0-D17 · box Laser2025-20 :: bash tests/web/check.sh {case}
-- web[ready] · exit=1 · 47.20 s
web build: trunk 0.21.14, 4.1M wasm; check on line 37, wasm on line 47
web: ready on port 47812, 0.5s (log C:\Users\YohanBelanger\AppData\Local\Temp\pb-redarm-hqbczh1a\arm4\milestones\m0\logs\M0-D17.launch.web.log)
services: 1, ready: 1
web smoke ready: C:\Program Files\Google\Chrome\Application\chrome.exe (154.0.8037.99) on win32, flags --headless=new --enable-unsafe-webgpu, http://127.0.0.1:47812
sandbox: OFF (--no-sandbox in Chrome's command line)
=== NO-GO: ready: Chrome runs with --no-sandbox, which contract §6.2.3 leaves out (playwright-core adds it unless chromiumSandbox is on) ===

-- web[no-webgpu] · exit=1 · 57.19 s
web: ready on port 47812, 0.5s (log C:\Users\YohanBelanger\AppData\Local\Temp\pb-redarm-hqbczh1a\arm4\milestones\m0\logs\M0-D17.launch.web.log)
services: 1, ready: 1
web smoke no-webgpu: C:\Program Files\Google\Chrome\Application\chrome.exe (154.0.8037.99) on win32, flags --headless=new --enable-unsafe-webgpu, http://127.0.0.1:47812
sandbox: OFF (--no-sandbox in Chrome's command line)
=== NO-GO: no-webgpu: Chrome runs with --no-sandbox, which contract §6.2.3 leaves out (playwright-core adds it unless chromiumSandbox is on) ===

-- web[build] · exit=0 · 97.89 s
web build: trunk 0.21.14, 4.1M wasm; check on line 37, wasm on line 47
=== GO ===

