== 2026-10-09T18:02:58-04:00 capture[smoke] · task M0-D14 · box laserax-ai :: bash tests/capture/check.sh {case}
== 2026-10-09T18:02:59-04:00 capture[refuse] · task M0-D14 · box laserax-ai :: bash tests/capture/check.sh {case}
-- capture[refuse] · exit=0 · 1.17 s
capture refuse: a not-built action, an unknown action and a bad id each refused, exit 4
=== GO ===

-- capture[smoke] · exit=0 · 2.82 s
SR-ADAPTER name=llvmpipe (LLVM 20.1.2, 256 bits) backend=Vulkan driver=llvmpipe
SR-CAPTURE paused paused.png 1760x940
SR-CAPTURE running running.png 1760x940
SR-CAPTURE DONE 2 /tmp/tmp.wFXRGUUEm8
2 PNGs of (1760, 940) with different pixels, captions.json valid
capture smoke: ok
=== GO ===

== 2026-10-09T18:09:41-04:00 capture[smoke] · task M0-D14 · box laserax-ai :: bash tests/capture/check.sh {case}
== 2026-10-09T18:09:41-04:00 capture[refuse] · task M0-D14 · box laserax-ai :: bash tests/capture/check.sh {case}
-- capture[refuse] · exit=0 · 0.11 s
capture refuse: a not-built action, an unknown action and a bad id each refused, exit 4
=== GO ===

-- capture[smoke] · exit=0 · 0.92 s
SR-ADAPTER name=llvmpipe (LLVM 20.1.2, 256 bits) backend=Vulkan driver=llvmpipe
SR-CAPTURE paused paused.png 1760x940
SR-CAPTURE running running.png 1760x940
SR-CAPTURE DONE 2 /tmp/tmp.OJC4Its66r
2 PNGs of (1760, 940) with different pixels, captions.json valid
capture smoke: ok
=== GO ===

