== 2026-10-10T16:25:07-04:00 web[build] · task M0-D19 · box laserax-ai :: bash tests/web/check.sh {case}
== 2026-10-10T16:25:07-04:00 web[ready] · task M0-D19 · box laserax-ai :: bash tests/web/check.sh {case}
== 2026-10-10T16:25:07-04:00 web[no-webgpu] · task M0-D19 · box laserax-ai :: bash tests/web/check.sh {case}
-- web[build] · exit=0 · 3.52 s
web build: trunk 0.21.14, 4.1M wasm; check on line 38, wasm on line 48
=== GO ===

-- web[ready] · exit=0 · 4.69 s
web: ready on port 47812, 0.0s (log /home/ybelanger/private/sandbox_reactions/milestones/m0/logs/M0-D19.launch.web.log)
services: 1, ready: 1
web smoke ready: /usr/bin/google-chrome (155.0.8059.39) on linux, flags --headless=new --use-angle=vulkan --enable-features=Vulkan --disable-vulkan-surface --enable-unsafe-webgpu, http://127.0.0.1:47812
sandbox: on (--no-sandbox absent from Chrome's command line)
SR-ADAPTER  (BrowserWebGpu, Other, driver )
SR-CHROME-ADAPTER vendor=nvidia architecture=turing device= description= fallback=false
ready: srState "ready" after 0.6 s
=== GO ===

-- web[no-webgpu] · exit=0 · 5.48 s
web: ready on port 47812, 0.0s (log /home/ybelanger/private/sandbox_reactions/milestones/m0/logs/M0-D19.launch.web.log)
services: 1, ready: 1
web smoke no-webgpu: /usr/bin/google-chrome (155.0.8059.39) on linux, flags --headless=new --use-angle=vulkan --enable-features=Vulkan --disable-vulkan-surface --enable-unsafe-webgpu, http://127.0.0.1:47812
sandbox: on (--no-sandbox absent from Chrome's command line)
no-webgpu: srState "no-webgpu" after 0.0 s, the three web.no_webgpu_* texts exact, no wasm fetched
=== GO ===

== 2026-10-10T16:30:31-04:00 web[build] · task M0-D19 · box laserax-ai :: bash tests/web/check.sh {case}
== 2026-10-10T16:30:31-04:00 web[no-webgpu] · task M0-D19 · box laserax-ai :: bash tests/web/check.sh {case}
== 2026-10-10T16:30:31-04:00 web[ready] · task M0-D19 · box laserax-ai :: bash tests/web/check.sh {case}
-- web[ready] · exit=0 · 1.32 s
web: ready on port 47812, 0.0s (log /home/ybelanger/private/sandbox_reactions/milestones/m0/logs/M0-D19.launch.web.log)
services: 1, ready: 1
web smoke ready: /usr/bin/google-chrome (155.0.8059.39) on linux, flags --headless=new --use-angle=vulkan --enable-features=Vulkan --disable-vulkan-surface --enable-unsafe-webgpu, http://127.0.0.1:47812
sandbox: on (--no-sandbox absent from Chrome's command line)
SR-ADAPTER  (BrowserWebGpu, Other, driver )
SR-CHROME-ADAPTER vendor=nvidia architecture=turing device= description= fallback=false
ready: srState "ready" after 0.6 s
=== GO ===

-- web[no-webgpu] · exit=0 · 2.07 s
web: ready on port 47812, 0.0s (log /home/ybelanger/private/sandbox_reactions/milestones/m0/logs/M0-D19.launch.web.log)
services: 1, ready: 1
web smoke no-webgpu: /usr/bin/google-chrome (155.0.8059.39) on linux, flags --headless=new --use-angle=vulkan --enable-features=Vulkan --disable-vulkan-surface --enable-unsafe-webgpu, http://127.0.0.1:47812
sandbox: on (--no-sandbox absent from Chrome's command line)
no-webgpu: srState "no-webgpu" after 0.0 s, the three web.no_webgpu_* texts exact, no wasm fetched
=== GO ===

-- web[build] · exit=0 · 5.44 s
web build: trunk 0.21.14, 4.1M wasm; check on line 38, wasm on line 48
=== GO ===

