== 2026-10-09T18:46:20-04:00 state · task M0-D13 · box Laser2025-20 :: bash tests/gpu.sh state physics
-- state · exit=0 · 142.84 s
    Blocking waiting for file lock on package cache
    Blocking waiting for file lock on package cache
    Blocking waiting for file lock on package cache
    Blocking waiting for file lock on build directory
   Compiling thiserror v2.0.21
   Compiling log v0.4.34
   Compiling smallvec v1.16.2
   Compiling raw-window-handle v0.6.2
   Compiling num-traits v0.2.19
   Compiling wgpu v30.0.1
   Compiling parking_lot_core v0.9.12
   Compiling parking_lot v0.12.5
   Compiling naga-types v30.0.1
   Compiling gpu-allocator v0.28.0
   Compiling wgpu-types v30.0.1
   Compiling half v2.7.1
   Compiling ordered-float v5.5.0
   Compiling naga v30.0.1
   Compiling wgpu-naga-bridge v30.0.1
   Compiling wgpu-hal v30.0.1
   Compiling wgpu-core-deps-windows-linux-android v30.0.1
   Compiling wgpu-core v30.0.1
   Compiling sr-engine v0.0.0 (C:\workspace\sandbox_reactions\crates\sr-engine)
    Finished `release` profile [optimized] target(s) in 2m 05s
     Running tests\gpu\main.rs (build/target\release\deps\gpu-2e58d81167947221.exe)

running 6 tests
test state::a_step_is_p0_to_p9_with_p8s_renormalisation_its_only_dispatch_today ... SR-ADAPTER name=NVIDIA GeForce RTX 4080 Laptop GPU backend=Vulkan driver=NVIDIA
ok
test state::one_step_renormalises_the_species_and_leaves_the_other_channels_bit_identical ... SR-ADAPTER name=NVIDIA GeForce RTX 4080 Laptop GPU backend=Vulkan driver=NVIDIA
4096 cells: worst |Σ X − 1| = 1.8719583749771118e-7, worst |X − oracle| = 6.857620882261273e-8 (tolerance 1e-6)
ok
test state::round_trip_600x400_is_bit_exact_with_a_distinct_value_per_channel_and_cell ... SR-ADAPTER name=NVIDIA GeForce RTX 4080 Laptop GPU backend=Vulkan driver=NVIDIA
round trip 600 × 400: 3360000 values bit-exact
ok
test state::two_runs_from_the_same_state_are_bit_identical ... SR-ADAPTER name=NVIDIA GeForce RTX 4080 Laptop GPU backend=Vulkan driver=NVIDIA
ok
test state::upload_refuses_anything_but_14_planes_of_the_world ... SR-ADAPTER name=NVIDIA GeForce RTX 4080 Laptop GPU backend=Vulkan driver=NVIDIA
ok
test state::world_config_takes_multiples_of_8_within_64_to_2048 ... ok

test result: ok. 6 passed; 0 failed; 0 ignored; 0 measured; 10 filtered out; finished in 15.15s


