== 2026-10-09T17:58:53-04:00 M0-D14 · box laserax-ai :: bash tests/gpu.sh adapter (repro)
    Finished `release` profile [optimized] target(s) in 0.07s
     Running tests/gpu/main.rs (build/target/release/deps/gpu-96f3c8909aeb02b8)

running 10 tests
test adapter::live_default_pick_prints_which_adapter_it_is ... SR-ADAPTER name=Quadro RTX 4000 backend=Vulkan driver=NVIDIA
SR-ADAPTER name=Quadro RTX 4000 backend=Vulkan driver=NVIDIA
ok
test adapter::live_device_limits_equal_webgpu_defaults_never_the_adapters_own ... listed: Quadro RTX 4000 (Vulkan, DiscreteGpu, driver NVIDIA)
listed: NVIDIA GeForce RTX 5090 (Vulkan, DiscreteGpu, driver NVIDIA)
listed: Intel(R) Graphics (RPL-S) (Vulkan, IntegratedGpu, driver Intel open-source Mesa driver)
listed: llvmpipe (LLVM 20.1.2, 256 bits) (Vulkan, Cpu, driver llvmpipe)
SR-ADAPTER name=Quadro RTX 4000 backend=Vulkan driver=NVIDIA
Quadro RTX 4000: adapter allows 49152 B workgroup storage, device has 16384 B
SR-ADAPTER name=NVIDIA GeForce RTX 5090 backend=Vulkan driver=NVIDIA
NVIDIA GeForce RTX 5090: adapter allows 49152 B workgroup storage, device has 16384 B
SR-ADAPTER name=Intel(R) Graphics (RPL-S) backend=Vulkan driver=Intel open-source Mesa driver
Intel(R) Graphics (RPL-S): adapter allows 65536 B workgroup storage, device has 16384 B
SR-ADAPTER name=llvmpipe (LLVM 20.1.2, 256 bits) backend=Vulkan driver=llvmpipe
llvmpipe (LLVM 20.1.2, 256 bits): adapter allows 32768 B workgroup storage, device has 16384 B
ok
test adapter::live_no_match_names_every_adapter_the_box_has ... listed: Quadro RTX 4000 (Vulkan, DiscreteGpu, driver NVIDIA)
listed: NVIDIA GeForce RTX 5090 (Vulkan, DiscreteGpu, driver NVIDIA)
listed: Intel(R) Graphics (RPL-S) (Vulkan, IntegratedGpu, driver Intel open-source Mesa driver)
listed: llvmpipe (LLVM 20.1.2, 256 bits) (Vulkan, Cpu, driver llvmpipe)
no adapter name contains "no-such-gpu-xyz"; adapters seen: [0] Quadro RTX 4000 (Vulkan, DiscreteGpu, driver NVIDIA); [1] NVIDIA GeForce RTX 5090 (Vulkan, DiscreteGpu, driver NVIDIA); [2] Intel(R) Graphics (RPL-S) (Vulkan, IntegratedGpu, driver Intel open-source Mesa driver); [3] llvmpipe (LLVM 20.1.2, 256 bits) (Vulkan, Cpu, driver llvmpipe)
ok
test adapter::live_one_device_per_adapter_found_by_a_differently_cased_name ... listed: Quadro RTX 4000 (Vulkan, DiscreteGpu, driver NVIDIA)
listed: NVIDIA GeForce RTX 5090 (Vulkan, DiscreteGpu, driver NVIDIA)
listed: Intel(R) Graphics (RPL-S) (Vulkan, IntegratedGpu, driver Intel open-source Mesa driver)
listed: llvmpipe (LLVM 20.1.2, 256 bits) (Vulkan, Cpu, driver llvmpipe)
SR-ADAPTER name=Quadro RTX 4000 backend=Vulkan driver=NVIDIA

thread 'adapter::live_one_device_per_adapter_found_by_a_differently_cased_name' (96999) panicked at crates/sr-engine/tests/gpu/main.rs:129:37:
no device for "NVIDIA GeForce RTX 5090": no adapter name contains "nvidia geforce rtx 5090"; adapters seen: [0] Intel(R) Graphics (RPL-S) (Vulkan, IntegratedGpu, driver Intel open-source Mesa driver); [1] llvmpipe (LLVM 20.1.2, 256 bits) (Vulkan, Cpu, driver llvmpipe)
note: run with `RUST_BACKTRACE=1` environment variable to display a backtrace
FAILED
test adapter::live_this_boxs_adapters_are_listed ... listed: Intel(R) Graphics (RPL-S) (Vulkan, IntegratedGpu, driver Intel open-source Mesa driver)
listed: llvmpipe (LLVM 20.1.2, 256 bits) (Vulkan, Cpu, driver llvmpipe)

thread 'adapter::live_this_boxs_adapters_are_listed' (97018) panicked at crates/sr-engine/tests/gpu/main.rs:118:9:
adapters missing on this box: ["Quadro RTX 4000", "RTX 5090"]; wgpu lists: [AdapterDesc { name: "Intel(R) Graphics (RPL-S)", backend: Vulkan, driver: "Intel open-source Mesa driver", device_type: IntegratedGpu }, AdapterDesc { name: "llvmpipe (LLVM 20.1.2, 256 bits)", backend: Vulkan, driver: "llvmpipe", device_type: Cpu }]
FAILED
test adapter::match_is_a_substring_of_the_name ... ok
test adapter::match_is_case_insensitive ... ok
test adapter::match_on_several_names_takes_vulkan_then_list_order ... ok
test adapter::match_prefers_vulkan_when_a_name_matches_on_two_backends ... ok
test adapter::no_match_is_an_error_naming_every_adapter_seen ... ok

failures:

failures:
    adapter::live_one_device_per_adapter_found_by_a_differently_cased_name
    adapter::live_this_boxs_adapters_are_listed

test result: FAILED. 8 passed; 2 failed; 0 ignored; 0 measured; 6 filtered out; finished in 2.53s

error: test failed, to rerun pass `-p sr-engine --test gpu`
exit=101
== 2026-10-09T17:59:00-04:00 alone: live_this_boxs_adapters_are_listed
    Finished `release` profile [optimized] target(s) in 0.06s
     Running tests/gpu/main.rs (build/target/release/deps/gpu-96f3c8909aeb02b8)

running 1 test
test adapter::live_this_boxs_adapters_are_listed ... listed: Quadro RTX 4000 (Vulkan, DiscreteGpu, driver NVIDIA)
listed: NVIDIA GeForce RTX 5090 (Vulkan, DiscreteGpu, driver NVIDIA)
listed: Intel(R) Graphics (RPL-S) (Vulkan, IntegratedGpu, driver Intel open-source Mesa driver)
listed: llvmpipe (LLVM 20.1.2, 256 bits) (Vulkan, Cpu, driver llvmpipe)
ok

test result: ok. 1 passed; 0 failed; 0 ignored; 0 measured; 15 filtered out; finished in 0.20s

exit=0
== 2026-10-09T17:59:00-04:00 alone: live_one_device_per_adapter_found_by_a_differently_cased_name
    Finished `release` profile [optimized] target(s) in 0.06s
     Running tests/gpu/main.rs (build/target/release/deps/gpu-96f3c8909aeb02b8)

running 1 test
test adapter::live_one_device_per_adapter_found_by_a_differently_cased_name ... listed: Quadro RTX 4000 (Vulkan, DiscreteGpu, driver NVIDIA)
listed: NVIDIA GeForce RTX 5090 (Vulkan, DiscreteGpu, driver NVIDIA)
listed: Intel(R) Graphics (RPL-S) (Vulkan, IntegratedGpu, driver Intel open-source Mesa driver)
listed: llvmpipe (LLVM 20.1.2, 256 bits) (Vulkan, Cpu, driver llvmpipe)
SR-ADAPTER name=Quadro RTX 4000 backend=Vulkan driver=NVIDIA
SR-ADAPTER name=NVIDIA GeForce RTX 5090 backend=Vulkan driver=NVIDIA
SR-ADAPTER name=Intel(R) Graphics (RPL-S) backend=Vulkan driver=Intel open-source Mesa driver
SR-ADAPTER name=llvmpipe (LLVM 20.1.2, 256 bits) backend=Vulkan driver=llvmpipe
ok

test result: ok. 1 passed; 0 failed; 0 ignored; 0 measured; 15 filtered out; finished in 1.16s

exit=0
== 2026-10-09T17:59:01-04:00 alone: live_device_limits_equal_webgpu_defaults_never_the_adapters_own
    Finished `release` profile [optimized] target(s) in 0.06s
     Running tests/gpu/main.rs (build/target/release/deps/gpu-96f3c8909aeb02b8)

running 1 test
test adapter::live_device_limits_equal_webgpu_defaults_never_the_adapters_own ... listed: Quadro RTX 4000 (Vulkan, DiscreteGpu, driver NVIDIA)
listed: NVIDIA GeForce RTX 5090 (Vulkan, DiscreteGpu, driver NVIDIA)
listed: Intel(R) Graphics (RPL-S) (Vulkan, IntegratedGpu, driver Intel open-source Mesa driver)
listed: llvmpipe (LLVM 20.1.2, 256 bits) (Vulkan, Cpu, driver llvmpipe)
SR-ADAPTER name=Quadro RTX 4000 backend=Vulkan driver=NVIDIA
Quadro RTX 4000: adapter allows 49152 B workgroup storage, device has 16384 B
SR-ADAPTER name=NVIDIA GeForce RTX 5090 backend=Vulkan driver=NVIDIA
NVIDIA GeForce RTX 5090: adapter allows 49152 B workgroup storage, device has 16384 B
SR-ADAPTER name=Intel(R) Graphics (RPL-S) backend=Vulkan driver=Intel open-source Mesa driver
Intel(R) Graphics (RPL-S): adapter allows 65536 B workgroup storage, device has 16384 B
SR-ADAPTER name=llvmpipe (LLVM 20.1.2, 256 bits) backend=Vulkan driver=llvmpipe
llvmpipe (LLVM 20.1.2, 256 bits): adapter allows 32768 B workgroup storage, device has 16384 B
ok

test result: ok. 1 passed; 0 failed; 0 ignored; 0 measured; 15 filtered out; finished in 1.13s

exit=0
== 2026-10-09T17:59:42-04:00 probe list
0: list Quadro RTX 4000,NVIDIA GeForce RTX 5090,Intel(R) Graphics (RPL-S),llvmpipe (LLVM 20.1.2, 256 bits)
1: list Quadro RTX 4000,NVIDIA GeForce RTX 5090,Intel(R) Graphics (RPL-S),llvmpipe (LLVM 20.1.2, 256 bits)
2: list Quadro RTX 4000,NVIDIA GeForce RTX 5090,Intel(R) Graphics (RPL-S),llvmpipe (LLVM 20.1.2, 256 bits)
3: list Quadro RTX 4000,NVIDIA GeForce RTX 5090,Intel(R) Graphics (RPL-S),llvmpipe (LLVM 20.1.2, 256 bits)
4: list Quadro RTX 4000,NVIDIA GeForce RTX 5090,Intel(R) Graphics (RPL-S),llvmpipe (LLVM 20.1.2, 256 bits)
5: list Quadro RTX 4000,NVIDIA GeForce RTX 5090,Intel(R) Graphics (RPL-S),llvmpipe (LLVM 20.1.2, 256 bits)
6: list Quadro RTX 4000,NVIDIA GeForce RTX 5090,Intel(R) Graphics (RPL-S),llvmpipe (LLVM 20.1.2, 256 bits)
7: list Quadro RTX 4000,NVIDIA GeForce RTX 5090,Intel(R) Graphics (RPL-S),llvmpipe (LLVM 20.1.2, 256 bits)
8: list Quadro RTX 4000,NVIDIA GeForce RTX 5090,Intel(R) Graphics (RPL-S),llvmpipe (LLVM 20.1.2, 256 bits)
9: list Quadro RTX 4000,NVIDIA GeForce RTX 5090,Intel(R) Graphics (RPL-S),llvmpipe (LLVM 20.1.2, 256 bits)
10: list Intel(R) Graphics (RPL-S),llvmpipe (LLVM 20.1.2, 256 bits)
11: list Intel(R) Graphics (RPL-S),llvmpipe (LLVM 20.1.2, 256 bits)
12: list Intel(R) Graphics (RPL-S),llvmpipe (LLVM 20.1.2, 256 bits)
13: list Intel(R) Graphics (RPL-S),llvmpipe (LLVM 20.1.2, 256 bits)
14: list Intel(R) Graphics (RPL-S),llvmpipe (LLVM 20.1.2, 256 bits)
15: list Intel(R) Graphics (RPL-S),llvmpipe (LLVM 20.1.2, 256 bits)
16: list Intel(R) Graphics (RPL-S),llvmpipe (LLVM 20.1.2, 256 bits)
17: list Intel(R) Graphics (RPL-S),llvmpipe (LLVM 20.1.2, 256 bits)
18: list Intel(R) Graphics (RPL-S),llvmpipe (LLVM 20.1.2, 256 bits)
19: list Intel(R) Graphics (RPL-S),llvmpipe (LLVM 20.1.2, 256 bits)
20: list Intel(R) Graphics (RPL-S),llvmpipe (LLVM 20.1.2, 256 bits)
21: list Intel(R) Graphics (RPL-S),llvmpipe (LLVM 20.1.2, 256 bits)
22: list Intel(R) Graphics (RPL-S),llvmpipe (LLVM 20.1.2, 256 bits)
23: list Intel(R) Graphics (RPL-S),llvmpipe (LLVM 20.1.2, 256 bits)
24: list Intel(R) Graphics (RPL-S),llvmpipe (LLVM 20.1.2, 256 bits)
25: list Intel(R) Graphics (RPL-S),llvmpipe (LLVM 20.1.2, 256 bits)
26: list Intel(R) Graphics (RPL-S),llvmpipe (LLVM 20.1.2, 256 bits)
27: list Intel(R) Graphics (RPL-S),llvmpipe (LLVM 20.1.2, 256 bits)
28: list Intel(R) Graphics (RPL-S),llvmpipe (LLVM 20.1.2, 256 bits)
29: list Intel(R) Graphics (RPL-S),llvmpipe (LLVM 20.1.2, 256 bits)
30: list Intel(R) Graphics (RPL-S),llvmpipe (LLVM 20.1.2, 256 bits)
31: list Intel(R) Graphics (RPL-S),llvmpipe (LLVM 20.1.2, 256 bits)
32: list Intel(R) Graphics (RPL-S),llvmpipe (LLVM 20.1.2, 256 bits)
33: list Intel(R) Graphics (RPL-S),llvmpipe (LLVM 20.1.2, 256 bits)
34: list Intel(R) Graphics (RPL-S),llvmpipe (LLVM 20.1.2, 256 bits)
35: list Intel(R) Graphics (RPL-S),llvmpipe (LLVM 20.1.2, 256 bits)
36: list Intel(R) Graphics (RPL-S),llvmpipe (LLVM 20.1.2, 256 bits)
37: list Intel(R) Graphics (RPL-S),llvmpipe (LLVM 20.1.2, 256 bits)
38: list Intel(R) Graphics (RPL-S),llvmpipe (LLVM 20.1.2, 256 bits)
39: list Intel(R) Graphics (RPL-S),llvmpipe (LLVM 20.1.2, 256 bits)
== 2026-10-09T17:59:45-04:00 probe drop quadro
0: ok Quadro RTX 4000 seen=Quadro,NVIDIA,Intel(R),llvmpipe
1: ok Quadro RTX 4000 seen=Quadro,NVIDIA,Intel(R),llvmpipe
2: ok Quadro RTX 4000 seen=Quadro,NVIDIA,Intel(R),llvmpipe
3: ok Quadro RTX 4000 seen=Quadro,NVIDIA,Intel(R),llvmpipe
4: ok Quadro RTX 4000 seen=Quadro,NVIDIA,Intel(R),llvmpipe
5: ok Quadro RTX 4000 seen=Quadro,NVIDIA,Intel(R),llvmpipe
6: ok Quadro RTX 4000 seen=Quadro,NVIDIA,Intel(R),llvmpipe
7: ok Quadro RTX 4000 seen=Quadro,NVIDIA,Intel(R),llvmpipe
8: ok Quadro RTX 4000 seen=Quadro,NVIDIA,Intel(R),llvmpipe
9: ok Quadro RTX 4000 seen=Quadro,NVIDIA,Intel(R),llvmpipe
10: ERR no adapter name contains "quadro"; adapters seen: [0] Intel(R) Graphics (RPL-S) (Vulkan, IntegratedGpu, driver Intel open-source Mesa driver); [1] llvmpipe (LLVM 20.1.2, 256 bits) (Vulkan, Cpu, driver llvmpipe)
== 2026-10-09T17:59:48-04:00 probe drop 5090
0: ok NVIDIA GeForce RTX 5090 seen=Quadro,NVIDIA,Intel(R),llvmpipe
1: ok NVIDIA GeForce RTX 5090 seen=Quadro,NVIDIA,Intel(R),llvmpipe
2: ok NVIDIA GeForce RTX 5090 seen=Quadro,NVIDIA,Intel(R),llvmpipe
3: ok NVIDIA GeForce RTX 5090 seen=Quadro,NVIDIA,Intel(R),llvmpipe
4: ok NVIDIA GeForce RTX 5090 seen=Quadro,NVIDIA,Intel(R),llvmpipe
5: ok NVIDIA GeForce RTX 5090 seen=Quadro,NVIDIA,Intel(R),llvmpipe
6: ok NVIDIA GeForce RTX 5090 seen=Quadro,NVIDIA,Intel(R),llvmpipe
7: ok NVIDIA GeForce RTX 5090 seen=Quadro,NVIDIA,Intel(R),llvmpipe
8: ok NVIDIA GeForce RTX 5090 seen=Quadro,NVIDIA,Intel(R),llvmpipe
9: ok NVIDIA GeForce RTX 5090 seen=Quadro,NVIDIA,Intel(R),llvmpipe
10: ERR no adapter name contains "5090"; adapters seen: [0] Intel(R) Graphics (RPL-S) (Vulkan, IntegratedGpu, driver Intel open-source Mesa driver); [1] llvmpipe (LLVM 20.1.2, 256 bits) (Vulkan, Cpu, driver llvmpipe)
== 2026-10-09T17:59:51-04:00 probe drop llvmpipe
0: ok llvmpipe (LLVM 20.1.2, 256 bits) seen=Quadro,NVIDIA,Intel(R),llvmpipe
1: ok llvmpipe (LLVM 20.1.2, 256 bits) seen=Quadro,NVIDIA,Intel(R),llvmpipe
2: ok llvmpipe (LLVM 20.1.2, 256 bits) seen=Quadro,NVIDIA,Intel(R),llvmpipe
3: ok llvmpipe (LLVM 20.1.2, 256 bits) seen=Quadro,NVIDIA,Intel(R),llvmpipe
4: ok llvmpipe (LLVM 20.1.2, 256 bits) seen=Quadro,NVIDIA,Intel(R),llvmpipe
5: ok llvmpipe (LLVM 20.1.2, 256 bits) seen=Quadro,NVIDIA,Intel(R),llvmpipe
6: ok llvmpipe (LLVM 20.1.2, 256 bits) seen=Quadro,NVIDIA,Intel(R),llvmpipe
7: ok llvmpipe (LLVM 20.1.2, 256 bits) seen=Quadro,NVIDIA,Intel(R),llvmpipe
8: ok llvmpipe (LLVM 20.1.2, 256 bits) seen=Quadro,NVIDIA,Intel(R),llvmpipe
9: ok llvmpipe (LLVM 20.1.2, 256 bits) seen=Quadro,NVIDIA,Intel(R),llvmpipe
10: ok llvmpipe (LLVM 20.1.2, 256 bits) seen=Intel(R),llvmpipe
11: ok llvmpipe (LLVM 20.1.2, 256 bits) seen=Intel(R),llvmpipe
12: ok llvmpipe (LLVM 20.1.2, 256 bits) seen=Intel(R),llvmpipe
13: ok llvmpipe (LLVM 20.1.2, 256 bits) seen=Intel(R),llvmpipe
14: ok llvmpipe (LLVM 20.1.2, 256 bits) seen=Intel(R),llvmpipe
15: ok llvmpipe (LLVM 20.1.2, 256 bits) seen=Intel(R),llvmpipe
16: ok llvmpipe (LLVM 20.1.2, 256 bits) seen=Intel(R),llvmpipe
17: ok llvmpipe (LLVM 20.1.2, 256 bits) seen=Intel(R),llvmpipe
18: ok llvmpipe (LLVM 20.1.2, 256 bits) seen=Intel(R),llvmpipe
19: ok llvmpipe (LLVM 20.1.2, 256 bits) seen=Intel(R),llvmpipe
20: ok llvmpipe (LLVM 20.1.2, 256 bits) seen=Intel(R),llvmpipe
21: ok llvmpipe (LLVM 20.1.2, 256 bits) seen=Intel(R),llvmpipe
22: ok llvmpipe (LLVM 20.1.2, 256 bits) seen=Intel(R),llvmpipe
23: ok llvmpipe (LLVM 20.1.2, 256 bits) seen=Intel(R),llvmpipe
24: ok llvmpipe (LLVM 20.1.2, 256 bits) seen=Intel(R),llvmpipe
25: ok llvmpipe (LLVM 20.1.2, 256 bits) seen=Intel(R),llvmpipe
26: ok llvmpipe (LLVM 20.1.2, 256 bits) seen=Intel(R),llvmpipe
27: ok llvmpipe (LLVM 20.1.2, 256 bits) seen=Intel(R),llvmpipe
28: ok llvmpipe (LLVM 20.1.2, 256 bits) seen=Intel(R),llvmpipe
29: ok llvmpipe (LLVM 20.1.2, 256 bits) seen=Intel(R),llvmpipe
30: ok llvmpipe (LLVM 20.1.2, 256 bits) seen=Intel(R),llvmpipe
31: ok llvmpipe (LLVM 20.1.2, 256 bits) seen=Intel(R),llvmpipe
32: ok llvmpipe (LLVM 20.1.2, 256 bits) seen=Intel(R),llvmpipe
33: ok llvmpipe (LLVM 20.1.2, 256 bits) seen=Intel(R),llvmpipe
34: ok llvmpipe (LLVM 20.1.2, 256 bits) seen=Intel(R),llvmpipe
35: ok llvmpipe (LLVM 20.1.2, 256 bits) seen=Intel(R),llvmpipe
36: ok llvmpipe (LLVM 20.1.2, 256 bits) seen=Intel(R),llvmpipe
37: ok llvmpipe (LLVM 20.1.2, 256 bits) seen=Intel(R),llvmpipe
38: ok llvmpipe (LLVM 20.1.2, 256 bits) seen=Intel(R),llvmpipe
39: ok llvmpipe (LLVM 20.1.2, 256 bits) seen=Intel(R),llvmpipe
== 2026-10-09T17:59:54-04:00 probe keep quadro
0: ok Quadro RTX 4000 seen=Quadro,NVIDIA,Intel(R),llvmpipe
1: ok Quadro RTX 4000 seen=Quadro,NVIDIA,Intel(R),llvmpipe
2: ok Quadro RTX 4000 seen=Quadro,NVIDIA,Intel(R),llvmpipe
3: ok Quadro RTX 4000 seen=Quadro,NVIDIA,Intel(R),llvmpipe
4: ok Quadro RTX 4000 seen=Quadro,NVIDIA,Intel(R),llvmpipe
5: ok Quadro RTX 4000 seen=Quadro,NVIDIA,Intel(R),llvmpipe
6: ok Quadro RTX 4000 seen=Quadro,NVIDIA,Intel(R),llvmpipe
7: ok Quadro RTX 4000 seen=Quadro,NVIDIA,Intel(R),llvmpipe
8: ok Quadro RTX 4000 seen=Quadro,NVIDIA,Intel(R),llvmpipe
9: ok Quadro RTX 4000 seen=Quadro,NVIDIA,Intel(R),llvmpipe
10: ok Quadro RTX 4000 seen=Quadro,NVIDIA,Intel(R),llvmpipe
11: ok Quadro RTX 4000 seen=Quadro,NVIDIA,Intel(R),llvmpipe
12: ok Quadro RTX 4000 seen=Quadro,NVIDIA,Intel(R),llvmpipe
13: ok Quadro RTX 4000 seen=Quadro,NVIDIA,Intel(R),llvmpipe
14: ok Quadro RTX 4000 seen=Quadro,NVIDIA,Intel(R),llvmpipe
15: ok Quadro RTX 4000 seen=Quadro,NVIDIA,Intel(R),llvmpipe
16: ok Quadro RTX 4000 seen=Quadro,NVIDIA,Intel(R),llvmpipe
17: ok Quadro RTX 4000 seen=Quadro,NVIDIA,Intel(R),llvmpipe
18: ok Quadro RTX 4000 seen=Quadro,NVIDIA,Intel(R),llvmpipe
19: ok Quadro RTX 4000 seen=Quadro,NVIDIA,Intel(R),llvmpipe
20: ok Quadro RTX 4000 seen=Quadro,NVIDIA,Intel(R),llvmpipe
21: ok Quadro RTX 4000 seen=Quadro,NVIDIA,Intel(R),llvmpipe
22: ok Quadro RTX 4000 seen=Quadro,NVIDIA,Intel(R),llvmpipe
23: ok Quadro RTX 4000 seen=Quadro,NVIDIA,Intel(R),llvmpipe
24: ok Quadro RTX 4000 seen=Quadro,NVIDIA,Intel(R),llvmpipe
25: ok Quadro RTX 4000 seen=Quadro,NVIDIA,Intel(R),llvmpipe
26: ok Quadro RTX 4000 seen=Quadro,NVIDIA,Intel(R),llvmpipe
27: ok Quadro RTX 4000 seen=Quadro,NVIDIA,Intel(R),llvmpipe
28: ok Quadro RTX 4000 seen=Quadro,NVIDIA,Intel(R),llvmpipe
29: ok Quadro RTX 4000 seen=Quadro,NVIDIA,Intel(R),llvmpipe
30: ok Quadro RTX 4000 seen=Quadro,NVIDIA,Intel(R),llvmpipe
31: ok Quadro RTX 4000 seen=Quadro,NVIDIA,Intel(R),llvmpipe
32: ok Quadro RTX 4000 seen=Quadro,NVIDIA,Intel(R),llvmpipe
33: ok Quadro RTX 4000 seen=Quadro,NVIDIA,Intel(R),llvmpipe
34: ok Quadro RTX 4000 seen=Quadro,NVIDIA,Intel(R),llvmpipe
35: ok Quadro RTX 4000 seen=Quadro,NVIDIA,Intel(R),llvmpipe
36: ok Quadro RTX 4000 seen=Quadro,NVIDIA,Intel(R),llvmpipe
37: ok Quadro RTX 4000 seen=Quadro,NVIDIA,Intel(R),llvmpipe
38: ok Quadro RTX 4000 seen=Quadro,NVIDIA,Intel(R),llvmpipe
39: ok Quadro RTX 4000 seen=Quadro,NVIDIA,Intel(R),llvmpipe
== 2026-10-09T18:01:17-04:00 probe list, GLIBC_TUNABLES=glibc.rtld.optional_static_tls=65536
0: list Quadro RTX 4000,NVIDIA GeForce RTX 5090,Intel(R) Graphics (RPL-S),llvmpipe (LLVM 20.1.2, 256 bits)
1: list Quadro RTX 4000,NVIDIA GeForce RTX 5090,Intel(R) Graphics (RPL-S),llvmpipe (LLVM 20.1.2, 256 bits)
2: list Quadro RTX 4000,NVIDIA GeForce RTX 5090,Intel(R) Graphics (RPL-S),llvmpipe (LLVM 20.1.2, 256 bits)
3: list Quadro RTX 4000,NVIDIA GeForce RTX 5090,Intel(R) Graphics (RPL-S),llvmpipe (LLVM 20.1.2, 256 bits)
4: list Quadro RTX 4000,NVIDIA GeForce RTX 5090,Intel(R) Graphics (RPL-S),llvmpipe (LLVM 20.1.2, 256 bits)
5: list Quadro RTX 4000,NVIDIA GeForce RTX 5090,Intel(R) Graphics (RPL-S),llvmpipe (LLVM 20.1.2, 256 bits)
6: list Quadro RTX 4000,NVIDIA GeForce RTX 5090,Intel(R) Graphics (RPL-S),llvmpipe (LLVM 20.1.2, 256 bits)
7: list Quadro RTX 4000,NVIDIA GeForce RTX 5090,Intel(R) Graphics (RPL-S),llvmpipe (LLVM 20.1.2, 256 bits)
8: list Quadro RTX 4000,NVIDIA GeForce RTX 5090,Intel(R) Graphics (RPL-S),llvmpipe (LLVM 20.1.2, 256 bits)
9: list Quadro RTX 4000,NVIDIA GeForce RTX 5090,Intel(R) Graphics (RPL-S),llvmpipe (LLVM 20.1.2, 256 bits)
10: list Quadro RTX 4000,NVIDIA GeForce RTX 5090,Intel(R) Graphics (RPL-S),llvmpipe (LLVM 20.1.2, 256 bits)
11: list Quadro RTX 4000,NVIDIA GeForce RTX 5090,Intel(R) Graphics (RPL-S),llvmpipe (LLVM 20.1.2, 256 bits)
12: list Quadro RTX 4000,NVIDIA GeForce RTX 5090,Intel(R) Graphics (RPL-S),llvmpipe (LLVM 20.1.2, 256 bits)
13: list Quadro RTX 4000,NVIDIA GeForce RTX 5090,Intel(R) Graphics (RPL-S),llvmpipe (LLVM 20.1.2, 256 bits)
14: list Quadro RTX 4000,NVIDIA GeForce RTX 5090,Intel(R) Graphics (RPL-S),llvmpipe (LLVM 20.1.2, 256 bits)
15: list Quadro RTX 4000,NVIDIA GeForce RTX 5090,Intel(R) Graphics (RPL-S),llvmpipe (LLVM 20.1.2, 256 bits)
16: list Quadro RTX 4000,NVIDIA GeForce RTX 5090,Intel(R) Graphics (RPL-S),llvmpipe (LLVM 20.1.2, 256 bits)
17: list Quadro RTX 4000,NVIDIA GeForce RTX 5090,Intel(R) Graphics (RPL-S),llvmpipe (LLVM 20.1.2, 256 bits)
18: list Quadro RTX 4000,NVIDIA GeForce RTX 5090,Intel(R) Graphics (RPL-S),llvmpipe (LLVM 20.1.2, 256 bits)
19: list Quadro RTX 4000,NVIDIA GeForce RTX 5090,Intel(R) Graphics (RPL-S),llvmpipe (LLVM 20.1.2, 256 bits)
20: list Quadro RTX 4000,NVIDIA GeForce RTX 5090,Intel(R) Graphics (RPL-S),llvmpipe (LLVM 20.1.2, 256 bits)
21: list Quadro RTX 4000,NVIDIA GeForce RTX 5090,Intel(R) Graphics (RPL-S),llvmpipe (LLVM 20.1.2, 256 bits)
22: list Quadro RTX 4000,NVIDIA GeForce RTX 5090,Intel(R) Graphics (RPL-S),llvmpipe (LLVM 20.1.2, 256 bits)
23: list Quadro RTX 4000,NVIDIA GeForce RTX 5090,Intel(R) Graphics (RPL-S),llvmpipe (LLVM 20.1.2, 256 bits)
24: list Quadro RTX 4000,NVIDIA GeForce RTX 5090,Intel(R) Graphics (RPL-S),llvmpipe (LLVM 20.1.2, 256 bits)
25: list Quadro RTX 4000,NVIDIA GeForce RTX 5090,Intel(R) Graphics (RPL-S),llvmpipe (LLVM 20.1.2, 256 bits)
26: list Quadro RTX 4000,NVIDIA GeForce RTX 5090,Intel(R) Graphics (RPL-S),llvmpipe (LLVM 20.1.2, 256 bits)
27: list Quadro RTX 4000,NVIDIA GeForce RTX 5090,Intel(R) Graphics (RPL-S),llvmpipe (LLVM 20.1.2, 256 bits)
28: list Quadro RTX 4000,NVIDIA GeForce RTX 5090,Intel(R) Graphics (RPL-S),llvmpipe (LLVM 20.1.2, 256 bits)
29: list Quadro RTX 4000,NVIDIA GeForce RTX 5090,Intel(R) Graphics (RPL-S),llvmpipe (LLVM 20.1.2, 256 bits)
30: list Quadro RTX 4000,NVIDIA GeForce RTX 5090,Intel(R) Graphics (RPL-S),llvmpipe (LLVM 20.1.2, 256 bits)
31: list Quadro RTX 4000,NVIDIA GeForce RTX 5090,Intel(R) Graphics (RPL-S),llvmpipe (LLVM 20.1.2, 256 bits)
32: list Quadro RTX 4000,NVIDIA GeForce RTX 5090,Intel(R) Graphics (RPL-S),llvmpipe (LLVM 20.1.2, 256 bits)
33: list Quadro RTX 4000,NVIDIA GeForce RTX 5090,Intel(R) Graphics (RPL-S),llvmpipe (LLVM 20.1.2, 256 bits)
34: list Quadro RTX 4000,NVIDIA GeForce RTX 5090,Intel(R) Graphics (RPL-S),llvmpipe (LLVM 20.1.2, 256 bits)
35: list Quadro RTX 4000,NVIDIA GeForce RTX 5090,Intel(R) Graphics (RPL-S),llvmpipe (LLVM 20.1.2, 256 bits)
36: list Quadro RTX 4000,NVIDIA GeForce RTX 5090,Intel(R) Graphics (RPL-S),llvmpipe (LLVM 20.1.2, 256 bits)
37: list Quadro RTX 4000,NVIDIA GeForce RTX 5090,Intel(R) Graphics (RPL-S),llvmpipe (LLVM 20.1.2, 256 bits)
38: list Quadro RTX 4000,NVIDIA GeForce RTX 5090,Intel(R) Graphics (RPL-S),llvmpipe (LLVM 20.1.2, 256 bits)
39: list Quadro RTX 4000,NVIDIA GeForce RTX 5090,Intel(R) Graphics (RPL-S),llvmpipe (LLVM 20.1.2, 256 bits)
