==== 2026-10-09T12:37:21-04:00 adapter · clean · a fresh scratch copy of the tree
== 2026-10-09T12:37:21-04:00 adapter · task M0-D10 · box laserax-ai :: bash tests/gpu.sh adapter
-- adapter · exit=0 · 4.02 s
   Compiling sr-engine v0.0.0 (/tmp/pb-redarm-yex8xg9a/arm0/crates/sr-engine)
    Finished `release` profile [optimized] target(s) in 1.32s
     Running tests/gpu/main.rs (/home/ybelanger/.cache/sandbox-reactions/redarm-target/release/deps/gpu-96f3c8909aeb02b8)

running 10 tests
test adapter::live_default_pick_prints_which_adapter_it_is ... SR-ADAPTER name=Quadro RTX 4000 backend=Vulkan driver=NVIDIA
SR-ADAPTER name=Quadro RTX 4000 backend=Vulkan driver=NVIDIA
ok
test adapter::live_device_limits_equal_webgpu_defaults_never_the_adapters_own ... listed: Quadro RTX 4000 (Vulkan, DiscreteGpu, driver NVIDIA)
listed: NVIDIA GeForce RTX 5090 (Vulkan, DiscreteGpu, driver NVIDIA)
listed: Intel(R) Graphics (RPL-S) (Vulkan, IntegratedGpu, driver Intel open-source Mesa driver)
listed: llvmpipe (LLVM 20.1.2, 256 bits) (Vulkan, Cpu, driver llvmpipe)
SR-ADAPTER name=Quadro RTX 4000 backend=Vulkan driver=NVIDIA
Quadro RTX 4000: adapter allows 49152 B workgroup storage, device has 16384 B
SR-ADAPTER name=NVIDIA GeForce RTX 5090 backend=Vulkan driver=NVIDIA
NVIDIA GeForce RTX 5090: adapter allows 49152 B workgroup storage, device has 16384 B
SR-ADAPTER name=Intel(R) Graphics (RPL-S) backend=Vulkan driver=Intel open-source Mesa driver
Intel(R) Graphics (RPL-S): adapter allows 65536 B workgroup storage, device has 16384 B
SR-ADAPTER name=llvmpipe (LLVM 20.1.2, 256 bits) backend=Vulkan driver=llvmpipe
llvmpipe (LLVM 20.1.2, 256 bits): adapter allows 32768 B workgroup storage, device has 16384 B
ok
test adapter::live_no_match_names_every_adapter_the_box_has ... listed: Quadro RTX 4000 (Vulkan, DiscreteGpu, driver NVIDIA)
listed: NVIDIA GeForce RTX 5090 (Vulkan, DiscreteGpu, driver NVIDIA)
listed: Intel(R) Graphics (RPL-S) (Vulkan, IntegratedGpu, driver Intel open-source Mesa driver)
listed: llvmpipe (LLVM 20.1.2, 256 bits) (Vulkan, Cpu, driver llvmpipe)
no adapter name contains "no-such-gpu-xyz"; adapters seen: [0] Quadro RTX 4000 (Vulkan, DiscreteGpu, driver NVIDIA); [1] NVIDIA GeForce RTX 5090 (Vulkan, DiscreteGpu, driver NVIDIA); [2] Intel(R) Graphics (RPL-S) (Vulkan, IntegratedGpu, driver Intel open-source Mesa driver); [3] llvmpipe (LLVM 20.1.2, 256 bits) (Vulkan, Cpu, driver llvmpipe)
ok
test adapter::live_one_device_per_adapter_found_by_a_differently_cased_name ... listed: Quadro RTX 4000 (Vulkan, DiscreteGpu, driver NVIDIA)
listed: NVIDIA GeForce RTX 5090 (Vulkan, DiscreteGpu, driver NVIDIA)
listed: Intel(R) Graphics (RPL-S) (Vulkan, IntegratedGpu, driver Intel open-source Mesa driver)
listed: llvmpipe (LLVM 20.1.2, 256 bits) (Vulkan, Cpu, driver llvmpipe)
SR-ADAPTER name=Quadro RTX 4000 backend=Vulkan driver=NVIDIA
SR-ADAPTER name=NVIDIA GeForce RTX 5090 backend=Vulkan driver=NVIDIA
SR-ADAPTER name=Intel(R) Graphics (RPL-S) backend=Vulkan driver=Intel open-source Mesa driver
SR-ADAPTER name=llvmpipe (LLVM 20.1.2, 256 bits) backend=Vulkan driver=llvmpipe
ok
test adapter::live_this_boxs_adapters_are_listed ... listed: Quadro RTX 4000 (Vulkan, DiscreteGpu, driver NVIDIA)
listed: NVIDIA GeForce RTX 5090 (Vulkan, DiscreteGpu, driver NVIDIA)
listed: Intel(R) Graphics (RPL-S) (Vulkan, IntegratedGpu, driver Intel open-source Mesa driver)
listed: llvmpipe (LLVM 20.1.2, 256 bits) (Vulkan, Cpu, driver llvmpipe)
ok
test adapter::match_is_a_substring_of_the_name ... ok
test adapter::match_is_case_insensitive ... ok
test adapter::match_on_several_names_takes_vulkan_then_list_order ... ok
test adapter::match_prefers_vulkan_when_a_name_matches_on_two_backends ... ok
test adapter::no_match_is_an_error_naming_every_adapter_seen ... ok

test result: ok. 10 passed; 0 failed; 0 ignored; 0 measured; 6 filtered out; finished in 2.61s


==== 2026-10-09T12:37:25-04:00 adapter · plant adapter-case · a fresh scratch copy of the tree
planted adapter-case: tests/plants/adapter-case.patch -> crates/sr-engine/src/gpu.rs
== 2026-10-09T12:37:25-04:00 adapter · task M0-D10 · box laserax-ai :: bash tests/gpu.sh adapter
-- adapter · exit=101 · 3.22 s
   Compiling sr-engine v0.0.0 (/tmp/pb-redarm-yex8xg9a/arm1/crates/sr-engine)
    Finished `release` profile [optimized] target(s) in 1.25s
     Running tests/gpu/main.rs (/home/ybelanger/.cache/sandbox-reactions/redarm-target/release/deps/gpu-96f3c8909aeb02b8)

running 10 tests
test adapter::live_default_pick_prints_which_adapter_it_is ... SR-ADAPTER name=Quadro RTX 4000 backend=Vulkan driver=NVIDIA
SR-ADAPTER name=Quadro RTX 4000 backend=Vulkan driver=NVIDIA
ok
test adapter::live_device_limits_equal_webgpu_defaults_never_the_adapters_own ... listed: Quadro RTX 4000 (Vulkan, DiscreteGpu, driver NVIDIA)
listed: NVIDIA GeForce RTX 5090 (Vulkan, DiscreteGpu, driver NVIDIA)
listed: Intel(R) Graphics (RPL-S) (Vulkan, IntegratedGpu, driver Intel open-source Mesa driver)
listed: llvmpipe (LLVM 20.1.2, 256 bits) (Vulkan, Cpu, driver llvmpipe)
SR-ADAPTER name=Quadro RTX 4000 backend=Vulkan driver=NVIDIA
Quadro RTX 4000: adapter allows 49152 B workgroup storage, device has 16384 B
SR-ADAPTER name=NVIDIA GeForce RTX 5090 backend=Vulkan driver=NVIDIA
NVIDIA GeForce RTX 5090: adapter allows 49152 B workgroup storage, device has 16384 B
SR-ADAPTER name=Intel(R) Graphics (RPL-S) backend=Vulkan driver=Intel open-source Mesa driver
Intel(R) Graphics (RPL-S): adapter allows 65536 B workgroup storage, device has 16384 B
SR-ADAPTER name=llvmpipe (LLVM 20.1.2, 256 bits) backend=Vulkan driver=llvmpipe
llvmpipe (LLVM 20.1.2, 256 bits): adapter allows 32768 B workgroup storage, device has 16384 B
ok
test adapter::live_no_match_names_every_adapter_the_box_has ... listed: Quadro RTX 4000 (Vulkan, DiscreteGpu, driver NVIDIA)
listed: NVIDIA GeForce RTX 5090 (Vulkan, DiscreteGpu, driver NVIDIA)
listed: Intel(R) Graphics (RPL-S) (Vulkan, IntegratedGpu, driver Intel open-source Mesa driver)
listed: llvmpipe (LLVM 20.1.2, 256 bits) (Vulkan, Cpu, driver llvmpipe)
no adapter name contains "no-such-gpu-xyz"; adapters seen: [0] Quadro RTX 4000 (Vulkan, DiscreteGpu, driver NVIDIA); [1] NVIDIA GeForce RTX 5090 (Vulkan, DiscreteGpu, driver NVIDIA); [2] Intel(R) Graphics (RPL-S) (Vulkan, IntegratedGpu, driver Intel open-source Mesa driver); [3] llvmpipe (LLVM 20.1.2, 256 bits) (Vulkan, Cpu, driver llvmpipe)
ok
test adapter::live_one_device_per_adapter_found_by_a_differently_cased_name ... listed: Quadro RTX 4000 (Vulkan, DiscreteGpu, driver NVIDIA)
listed: NVIDIA GeForce RTX 5090 (Vulkan, DiscreteGpu, driver NVIDIA)
listed: Intel(R) Graphics (RPL-S) (Vulkan, IntegratedGpu, driver Intel open-source Mesa driver)
listed: llvmpipe (LLVM 20.1.2, 256 bits) (Vulkan, Cpu, driver llvmpipe)

thread 'adapter::live_one_device_per_adapter_found_by_a_differently_cased_name' (2829699) panicked at crates/sr-engine/tests/gpu/main.rs:129:37:
no device for "Quadro RTX 4000": no adapter name contains "quadro rtx 4000"; adapters seen: [0] Quadro RTX 4000 (Vulkan, DiscreteGpu, driver NVIDIA); [1] NVIDIA GeForce RTX 5090 (Vulkan, DiscreteGpu, driver NVIDIA); [2] Intel(R) Graphics (RPL-S) (Vulkan, IntegratedGpu, driver Intel open-source Mesa driver); [3] llvmpipe (LLVM 20.1.2, 256 bits) (Vulkan, Cpu, driver llvmpipe)
note: run with `RUST_BACKTRACE=1` environment variable to display a backtrace
FAILED
test adapter::live_this_boxs_adapters_are_listed ... listed: Quadro RTX 4000 (Vulkan, DiscreteGpu, driver NVIDIA)
listed: NVIDIA GeForce RTX 5090 (Vulkan, DiscreteGpu, driver NVIDIA)
listed: Intel(R) Graphics (RPL-S) (Vulkan, IntegratedGpu, driver Intel open-source Mesa driver)
listed: llvmpipe (LLVM 20.1.2, 256 bits) (Vulkan, Cpu, driver llvmpipe)
ok
test adapter::match_is_a_substring_of_the_name ... 
thread 'adapter::match_is_a_substring_of_the_name' (2829719) panicked at crates/sr-engine/tests/gpu/main.rs:57:55:
called `Result::unwrap()` on an `Err` value: NoMatch { query: "pipe (llvm", seen: [AdapterDesc { name: "NVIDIA GeForce RTX 5090", backend: Dx12, driver: "test-driver", device_type: DiscreteGpu }, AdapterDesc { name: "NVIDIA GeForce RTX 5090", backend: Vulkan, driver: "test-driver", device_type: DiscreteGpu }, AdapterDesc { name: "Quadro RTX 4000", backend: Vulkan, driver: "test-driver", device_type: DiscreteGpu }, AdapterDesc { name: "llvmpipe (LLVM 19.1.1, 256 bits)", backend: Vulkan, driver: "test-driver", device_type: DiscreteGpu }] }
FAILED
test adapter::match_is_case_insensitive ... 
thread 'adapter::match_is_case_insensitive' (2829720) panicked at crates/sr-engine/tests/gpu/main.rs:48:60:
called `Result::unwrap()` on an `Err` value: NoMatch { query: "quadro rtx 4000", seen: [AdapterDesc { name: "NVIDIA GeForce RTX 5090", backend: Dx12, driver: "test-driver", device_type: DiscreteGpu }, AdapterDesc { name: "NVIDIA GeForce RTX 5090", backend: Vulkan, driver: "test-driver", device_type: DiscreteGpu }, AdapterDesc { name: "Quadro RTX 4000", backend: Vulkan, driver: "test-driver", device_type: DiscreteGpu }, AdapterDesc { name: "llvmpipe (LLVM 19.1.1, 256 bits)", backend: Vulkan, driver: "test-driver", device_type: DiscreteGpu }] }
FAILED
test adapter::match_on_several_names_takes_vulkan_then_list_order ... 
thread 'adapter::match_on_several_names_takes_vulkan_then_list_order' (2829721) panicked at crates/sr-engine/tests/gpu/main.rs:73:48:
called `Result::unwrap()` on an `Err` value: NoMatch { query: "rtx", seen: [AdapterDesc { name: "NVIDIA GeForce RTX 5090", backend: Dx12, driver: "test-driver", device_type: DiscreteGpu }, AdapterDesc { name: "NVIDIA GeForce RTX 5090", backend: Vulkan, driver: "test-driver", device_type: DiscreteGpu }, AdapterDesc { name: "Quadro RTX 4000", backend: Vulkan, driver: "test-driver", device_type: DiscreteGpu }, AdapterDesc { name: "llvmpipe (LLVM 19.1.1, 256 bits)", backend: Vulkan, driver: "test-driver", device_type: DiscreteGpu }] }
FAILED
test adapter::match_prefers_vulkan_when_a_name_matches_on_two_backends ... 
thread 'adapter::match_prefers_vulkan_when_a_name_matches_on_two_backends' (2829722) panicked at crates/sr-engine/tests/gpu/main.rs:66:53:
called `Result::unwrap()` on an `Err` value: NoMatch { query: "arc", seen: [AdapterDesc { name: "Intel(R) Arc(TM) Graphics", backend: Dx12, driver: "test-driver", device_type: DiscreteGpu }] }
FAILED
test adapter::no_match_is_an_error_naming_every_adapter_seen ... ok

failures:

failures:
    adapter::live_one_device_per_adapter_found_by_a_differently_cased_name
    adapter::match_is_a_substring_of_the_name
    adapter::match_is_case_insensitive
    adapter::match_on_several_names_takes_vulkan_then_list_order
    adapter::match_prefers_vulkan_when_a_name_matches_on_two_backends

test result: FAILED. 5 passed; 5 failed; 0 ignored; 0 measured; 6 filtered out; finished in 1.91s

error: test failed, to rerun pass `-p sr-engine --test gpu`

