why plan_lint: moved since 251b054: milestones/m0/m0_implementation_plan.md
why tools_selftest: never: tests/plants/tools-selftest-scratch.patch (+10) · moved since 251b054: tools/pb/content_gate.py (+2)
plan_lint       489/0/0      0.52 s  GO
tools_selftest  9/1/0      180.61 s  NO-GO
toolchain       NOT RUN (not impacted: its 8 path(s) checked at the anchor, none moved since 251b054)
FLAG oracle: tools/pb/content_gate.py changed since 251b054c67bf - a test, case or check M0-D4's Deliver: does not name
FLAG oracle: tools/pb/rung_record.py changed since 251b054c67bf - a test, case or check M0-D4's Deliver: does not name
logs: milestones/m0/logs/M0-D4.<scope>.log · record: loop_times.jsonl · tree 251b054c67bf+2630b53dffc9
anchor: 0 path×scope entries moved by this run
anchor: 10 paths checked · 39 skipped (3 classes) · 11 never checked · 0 stale · 0 unclassified · 0 owed · 21 covered of 60 visible
NEVER CHECKED  tests/plants/tools-selftest-scratch.patch  (no entry for tools_selftest)
NEVER CHECKED  tools/pb/capture_web.mjs  (no entry for tools_selftest)
NEVER CHECKED  tools/pb/content_gate.py  (no entry for tools_selftest)
NEVER CHECKED  tools/pb/launch.py  (no entry for tools_selftest)
NEVER CHECKED  tools/pb/plan.py  (no entry for tools_selftest)
NEVER CHECKED  tools/pb/review_page.py  (no entry for tools_selftest)
NEVER CHECKED  tools/pb/rung_record.py  (no entry for tools_selftest)
NEVER CHECKED  tools/pb/scratch_copy.sh  (no entry for tools_selftest)
NEVER CHECKED  tools/pb/status_page.py  (no entry for tools_selftest)
NEVER CHECKED  tools/pb/switch.mjs  (no entry for tools_selftest)
NEVER CHECKED  tools/pb/verify.py  (no entry for tools_selftest)
skipped    31  reports, tasks, the contract and docs - until a scope reads one (G-STR will read the contract's strings block), a V block reads them
skipped     7  instruction and config files - no scope grades text; the lead reads them
skipped     1  the harness's own manifest and anchor - a wrong entry shows as a red or an uncovered scope, never graded by one
FAILED:
  tools_selftest: tools_selftest[scratch_copy]: 1 failed; tools_selftest[scratch_copy]: its own verdict NO-GO: 1 check(s) failed · log milestones/m0/logs/M0-D4.tools_selftest.log
  anchor: 11 never checked, 0 stale, 0 unclassified - every one named above
verify: 498 passed, 1 failed, 0 skipped · 1/2 scopes GO · 0 skipped · 0 owed · 0 NOT RUN · 1 not impacted · 80.21 s · mode changed · jobs 8 · box Laser2025-20 · python 3.13.14 · load 4.65->9.05
=== NO-GO: tools_selftest: tools_selftest[scratch_copy]: 1 failed; tools_selftest[scratch_copy]: its own verdict NO-GO: 1 check(s) failed · log milestones/m0/logs/M0-D4.tools_selftest.log; anchor: 11 never checked, 0 stale, 0 unclassified - every one named above ===
