==== 2026-10-09T09:19:23-04:00 build · clean · a fresh scratch copy of the tree
== 2026-10-09T09:19:23-04:00 build[native] · task M0-D9.build2 · box laserax-ai :: bash tests/cargo.sh build {case}
== 2026-10-09T09:19:23-04:00 build[wasm] · task M0-D9.build2 · box laserax-ai :: bash tests/cargo.sh build {case}
-- build[wasm] · exit=0 · 0.57 s
build wasm: 1.99.0 in 0 s, target /home/ybelanger/.cache/sandbox-reactions/redarm-target (676M)
=== GO ===

-- build[native] · exit=0 · 0.77 s
build native: 1.99.0 in 1 s, target /home/ybelanger/.cache/sandbox-reactions/redarm-target (676M)
=== GO ===

==== 2026-10-09T09:19:24-04:00 build · plant build-wasm-only · a fresh scratch copy of the tree
planted build-wasm-only: tests/plants/build-wasm-only.patch -> crates/sr-physics/src/lib.rs
== 2026-10-09T09:19:24-04:00 build[native] · task M0-D9.build2 · box laserax-ai :: bash tests/cargo.sh build {case}
== 2026-10-09T09:19:24-04:00 build[wasm] · task M0-D9.build2 · box laserax-ai :: bash tests/cargo.sh build {case}
-- build[wasm] · exit=1 · 0.31 s
--- cargo check --workspace --target wasm32-unknown-unknown --locked (check) ---
    Blocking waiting for file lock on package cache
    Blocking waiting for file lock on package cache
    Blocking waiting for file lock on package cache
    Checking sr-physics v0.0.0 (/tmp/pb-redarm-hv07kykc/arm1/crates/sr-physics)
    Checking sr-engine v0.0.0 (/tmp/pb-redarm-hv07kykc/arm1/crates/sr-engine)
error: planted: the wasm build breaks while the native build stays green
 --> crates/sr-physics/src/lib.rs:4:1
  |
4 | compile_error!("planted: the wasm build breaks while the native build stays green");
  | ^^^^^^^^^^^^^^^^^^^^^^^^^^^^^^^^^^^^^^^^^^^^^^^^^^^^^^^^^^^^^^^^^^^^^^^^^^^^^^^^^^^

error: could not compile `sr-physics` (lib) due to 1 previous error
warning: build failed, waiting for other jobs to finish...
=== NO-GO: cargo check --target wasm32-unknown-unknown failed ===

-- build[native] · exit=0 · 0.97 s
build native: 1.99.0 in 1 s, target /home/ybelanger/.cache/sandbox-reactions/redarm-target (676M)
=== GO ===

