==== 2026-10-09T12:37:29-04:00 boot · clean · a fresh scratch copy of the tree
== 2026-10-09T12:37:29-04:00 boot · task M0-D10 · box laserax-ai :: bash tests/smoke.sh headless-boot
-- boot · exit=0 · 36.59 s
headless-boot: ready - exit 0, 0.7s (log /tmp/pb-redarm-bncnwdxc/arm0/milestones/m0/logs/M0-D10.launch.headless-boot.log)
headless-boot: pid 2836922 not signalled - gone
headless-boot: log /tmp/pb-redarm-bncnwdxc/arm0/milestones/m0/logs/M0-D10.launch.headless-boot.log
services: 1, ready: 1, failures: 0
summary.json: 13 keys of §2.12.2, steps = 200
boot headless-boot: built in 35 s, booted and checked in 1 s
=== GO ===

==== 2026-10-09T12:38:05-04:00 boot · plant scene-refuse · a fresh scratch copy of the tree
planted scene-refuse: tests/plants/scene-refuse.patch -> crates/sr-engine/src/headless.rs
== 2026-10-09T12:38:05-04:00 boot · task M0-D10 · box laserax-ai :: bash tests/smoke.sh headless-boot
-- boot · exit=1 · 34.10 s
headless-boot: exited 4 (log /tmp/pb-redarm-bncnwdxc/arm1/milestones/m0/logs/M0-D10.launch.headless-boot.log)
headless-boot: pid 2845621 not signalled - gone
headless-boot: log /tmp/pb-redarm-bncnwdxc/arm1/milestones/m0/logs/M0-D10.launch.headless-boot.log
services: 1, ready: 0, failures: 1
FAIL headless-boot: exited 4 (log /tmp/pb-redarm-bncnwdxc/arm1/milestones/m0/logs/M0-D10.launch.headless-boot.log)
=== NO-GO: launch.py smoke headless-boot did not end GO ===

==== 2026-10-09T12:44:37-04:00 boot · clean · a fresh scratch copy of the tree
== 2026-10-09T12:44:37-04:00 boot · task M0-D10 · box laserax-ai :: bash tests/smoke.sh headless-boot
-- boot · exit=0 · 32.77 s
headless-boot: ready - exit 0, 1.7s (log /tmp/pb-redarm-hg7rt9he/arm0/milestones/m0/logs/M0-D10.launch.headless-boot.log)
headless-boot: pid 2965984 not signalled - gone
headless-boot: log /tmp/pb-redarm-hg7rt9he/arm0/milestones/m0/logs/M0-D10.launch.headless-boot.log
services: 1, ready: 1, failures: 0
summary.json: 13 keys of §2.12.2, steps = 200
boot headless-boot: built in 31 s, booted and checked in 2 s
=== GO ===

==== 2026-10-09T12:45:10-04:00 boot · plant scene-refuse · a fresh scratch copy of the tree
planted scene-refuse: tests/plants/scene-refuse.patch -> crates/sr-engine/src/headless.rs
== 2026-10-09T12:45:10-04:00 boot · task M0-D10 · box laserax-ai :: bash tests/smoke.sh headless-boot
-- boot · exit=1 · 28.36 s
headless-boot: exited 4 (log /tmp/pb-redarm-hg7rt9he/arm1/milestones/m0/logs/M0-D10.launch.headless-boot.log)
headless-boot: pid 2975698 not signalled - gone
headless-boot: log /tmp/pb-redarm-hg7rt9he/arm1/milestones/m0/logs/M0-D10.launch.headless-boot.log
services: 1, ready: 0, failures: 1
FAIL headless-boot: exited 4 (log /tmp/pb-redarm-hg7rt9he/arm1/milestones/m0/logs/M0-D10.launch.headless-boot.log)
=== NO-GO: launch.py smoke headless-boot did not end GO ===

