==== 2026-10-09T18:51:17-04:00 adapter · clean · a fresh scratch copy of the tree
== 2026-10-09T18:51:17-04:00 adapter · task M0-D13 · box Laser2025-20 :: bash tests/gpu.sh adapter
-- adapter · exit=0 · 86.84 s
   Compiling proc-macro2 v1.0.107
   Compiling unicode-ident v1.0.26
   Compiling quote v1.0.47
   Compiling windows-link v0.2.1
   Compiling cfg_aliases v0.2.2
   Compiling foldhash v0.2.0
   Compiling thiserror v2.0.21
   Compiling equivalent v1.0.2
   Compiling autocfg v1.5.1
   Compiling libm v0.2.16
   Compiling cfg-if v1.0.5
   Compiling zerocopy v0.8.62
   Compiling bitflags v2.13.2
   Compiling log v0.4.34
   Compiling rustc-hash v1.1.0
   Compiling bit-vec v0.9.1
   Compiling ash v0.38.0+1.3.281
   Compiling unicode-width v0.2.2
   Compiling parking_lot_core v0.9.12
   Compiling arrayvec v0.7.8
   Compiling allocator-api2 v0.2.21
   Compiling static_assertions v1.1.0
   Compiling windows-result v0.4.1
   Compiling windows-strings v0.5.1
   Compiling hashbrown v0.17.1
   Compiling naga v30.0.1
   Compiling windows-threading v0.2.1
   Compiling codespan-reporting v0.13.1
   Compiling spirv v0.4.0+sdk-1.4.341.0
   Compiling bit-set v0.10.0
   Compiling libloading v0.8.9
   Compiling raw-window-handle v0.6.2
   Compiling once_cell v1.21.4
   Compiling scopeguard v1.2.0
   Compiling smallvec v1.16.2
   Compiling hashbrown v0.16.1
   Compiling wgpu-hal v30.0.1
   Compiling num-traits v0.2.19
   Compiling lock_api v0.4.14
   Compiling presser v0.3.1
   Compiling profiling v1.0.18
   Compiling range-alloc v0.1.5
   Compiling indexmap v2.14.2
   Compiling renderdoc-sys v1.1.0
   Compiling wgpu-core v30.0.1
   Compiling serde_core v1.0.229
   Compiling litrs v1.0.0
   Compiling zmij v1.0.23
   Compiling wgpu v30.0.1
   Compiling serde_json v1.0.151
   Compiling itoa v1.0.18
   Compiling memchr v2.8.3
   Compiling parking_lot v0.12.5
   Compiling pollster v1.0.1
   Compiling document-features v0.2.12
   Compiling syn v2.0.119
   Compiling syn v3.0.6
   Compiling ordered-float v5.5.0
   Compiling thiserror-impl v2.0.21
   Compiling bytemuck_derive v1.12.1
   Compiling windows-implement v0.60.2
   Compiling windows-interface v0.59.3
   Compiling zerocopy-derive v0.8.62
   Compiling bytemuck v1.25.2
   Compiling naga-types v30.0.1
   Compiling wgpu-types v30.0.1
   Compiling windows-core v0.62.2
   Compiling windows-collections v0.3.2
   Compiling windows-future v0.3.2
   Compiling windows-numerics v0.3.1
   Compiling windows v0.62.2
   Compiling half v2.7.1
   Compiling gpu-allocator v0.28.0
   Compiling wgpu-naga-bridge v30.0.1
   Compiling wgpu-core-deps-windows-linux-android v30.0.1
   Compiling sr-engine v0.0.0 (C:\Users\YohanBelanger\AppData\Local\Temp\pb-redarm-h0jnkcmi\arm0\crates\sr-engine)
    Finished `release` profile [optimized] target(s) in 1m 21s
     Running tests\gpu\main.rs (C:/Users/YohanBelanger/.cache/sandbox-reactions/redarm-target\release\deps\gpu-2e58d81167947221.exe)

running 10 tests
test adapter::live_default_pick_prints_which_adapter_it_is ... SR-ADAPTER name=NVIDIA GeForce RTX 4080 Laptop GPU backend=Vulkan driver=NVIDIA
SR-ADAPTER name=NVIDIA GeForce RTX 4080 Laptop GPU backend=Vulkan driver=NVIDIA
ok
test adapter::live_device_limits_equal_webgpu_defaults_never_the_adapters_own ... listed: NVIDIA GeForce RTX 4080 Laptop GPU (Vulkan, DiscreteGpu, driver NVIDIA)
listed: Intel(R) Arc(TM) Graphics (Vulkan, IntegratedGpu, driver Intel Corporation)
listed: NVIDIA GeForce RTX 4080 Laptop GPU (Dx12, DiscreteGpu, driver 32.0.15.8129)
listed: Intel(R) Arc(TM) Graphics (Dx12, IntegratedGpu, driver 32.0.101.6790)
listed: Microsoft Basic Render Driver (Dx12, Cpu, driver 10.0.26100.9278)
SR-ADAPTER name=NVIDIA GeForce RTX 4080 Laptop GPU backend=Vulkan driver=NVIDIA
NVIDIA GeForce RTX 4080 Laptop GPU: adapter allows 49152 B workgroup storage, device has 16384 B
SR-ADAPTER name=Intel(R) Arc(TM) Graphics backend=Vulkan driver=Intel Corporation
Intel(R) Arc(TM) Graphics: adapter allows 32768 B workgroup storage, device has 16384 B
SR-ADAPTER name=Microsoft Basic Render Driver backend=Dx12 driver=10.0.26100.9278
Microsoft Basic Render Driver: adapter allows 32768 B workgroup storage, device has 16384 B
ok
test adapter::live_no_match_names_every_adapter_the_box_has ... listed: NVIDIA GeForce RTX 4080 Laptop GPU (Vulkan, DiscreteGpu, driver NVIDIA)
listed: Intel(R) Arc(TM) Graphics (Vulkan, IntegratedGpu, driver Intel Corporation)
listed: NVIDIA GeForce RTX 4080 Laptop GPU (Dx12, DiscreteGpu, driver 32.0.15.8129)
listed: Intel(R) Arc(TM) Graphics (Dx12, IntegratedGpu, driver 32.0.101.6790)
listed: Microsoft Basic Render Driver (Dx12, Cpu, driver 10.0.26100.9278)
no adapter name contains "no-such-gpu-xyz"; adapters seen: [0] NVIDIA GeForce RTX 4080 Laptop GPU (Vulkan, DiscreteGpu, driver NVIDIA); [1] Intel(R) Arc(TM) Graphics (Vulkan, IntegratedGpu, driver Intel Corporation); [2] NVIDIA GeForce RTX 4080 Laptop GPU (Dx12, DiscreteGpu, driver 32.0.15.8129); [3] Intel(R) Arc(TM) Graphics (Dx12, IntegratedGpu, driver 32.0.101.6790); [4] Microsoft Basic Render Driver (Dx12, Cpu, driver 10.0.26100.9278)
ok
test adapter::live_one_device_per_adapter_found_by_a_differently_cased_name ... listed: NVIDIA GeForce RTX 4080 Laptop GPU (Vulkan, DiscreteGpu, driver NVIDIA)
listed: Intel(R) Arc(TM) Graphics (Vulkan, IntegratedGpu, driver Intel Corporation)
listed: NVIDIA GeForce RTX 4080 Laptop GPU (Dx12, DiscreteGpu, driver 32.0.15.8129)
listed: Intel(R) Arc(TM) Graphics (Dx12, IntegratedGpu, driver 32.0.101.6790)
listed: Microsoft Basic Render Driver (Dx12, Cpu, driver 10.0.26100.9278)
SR-ADAPTER name=NVIDIA GeForce RTX 4080 Laptop GPU backend=Vulkan driver=NVIDIA
SR-ADAPTER name=Intel(R) Arc(TM) Graphics backend=Vulkan driver=Intel Corporation
SR-ADAPTER name=Microsoft Basic Render Driver backend=Dx12 driver=10.0.26100.9278
ok
test adapter::live_this_boxs_adapters_are_listed ... listed: NVIDIA GeForce RTX 4080 Laptop GPU (Vulkan, DiscreteGpu, driver NVIDIA)
listed: Intel(R) Arc(TM) Graphics (Vulkan, IntegratedGpu, driver Intel Corporation)
listed: NVIDIA GeForce RTX 4080 Laptop GPU (Dx12, DiscreteGpu, driver 32.0.15.8129)
listed: Intel(R) Arc(TM) Graphics (Dx12, IntegratedGpu, driver 32.0.101.6790)
listed: Microsoft Basic Render Driver (Dx12, Cpu, driver 10.0.26100.9278)
ok
test adapter::match_is_a_substring_of_the_name ... ok
test adapter::match_is_case_insensitive ... ok
test adapter::match_on_several_names_takes_vulkan_then_list_order ... ok
test adapter::match_prefers_vulkan_when_a_name_matches_on_two_backends ... ok
test adapter::no_match_is_an_error_naming_every_adapter_seen ... ok

test result: ok. 10 passed; 0 failed; 0 ignored; 0 measured; 6 filtered out; finished in 4.51s


==== 2026-10-09T18:52:45-04:00 adapter · plant adapter-case · a fresh scratch copy of the tree
planted adapter-case: tests/plants/adapter-case.patch -> crates/sr-engine/src/gpu.rs
== 2026-10-09T18:52:45-04:00 adapter · task M0-D13 · box Laser2025-20 :: bash tests/gpu.sh adapter
-- adapter · exit=101 · 8.94 s
   Compiling sr-engine v0.0.0 (C:\Users\YohanBelanger\AppData\Local\Temp\pb-redarm-h0jnkcmi\arm1\crates\sr-engine)
    Finished `release` profile [optimized] target(s) in 3.89s
     Running tests\gpu\main.rs (C:/Users/YohanBelanger/.cache/sandbox-reactions/redarm-target\release\deps\gpu-2e58d81167947221.exe)

running 10 tests
test adapter::live_default_pick_prints_which_adapter_it_is ... SR-ADAPTER name=NVIDIA GeForce RTX 4080 Laptop GPU backend=Vulkan driver=NVIDIA
SR-ADAPTER name=NVIDIA GeForce RTX 4080 Laptop GPU backend=Vulkan driver=NVIDIA
ok
test adapter::live_device_limits_equal_webgpu_defaults_never_the_adapters_own ... listed: NVIDIA GeForce RTX 4080 Laptop GPU (Vulkan, DiscreteGpu, driver NVIDIA)
listed: Intel(R) Arc(TM) Graphics (Vulkan, IntegratedGpu, driver Intel Corporation)
listed: NVIDIA GeForce RTX 4080 Laptop GPU (Dx12, DiscreteGpu, driver 32.0.15.8129)
listed: Intel(R) Arc(TM) Graphics (Dx12, IntegratedGpu, driver 32.0.101.6790)
listed: Microsoft Basic Render Driver (Dx12, Cpu, driver 10.0.26100.9278)
SR-ADAPTER name=NVIDIA GeForce RTX 4080 Laptop GPU backend=Vulkan driver=NVIDIA
NVIDIA GeForce RTX 4080 Laptop GPU: adapter allows 49152 B workgroup storage, device has 16384 B
SR-ADAPTER name=Intel(R) Arc(TM) Graphics backend=Vulkan driver=Intel Corporation
Intel(R) Arc(TM) Graphics: adapter allows 32768 B workgroup storage, device has 16384 B
SR-ADAPTER name=Microsoft Basic Render Driver backend=Dx12 driver=10.0.26100.9278
Microsoft Basic Render Driver: adapter allows 32768 B workgroup storage, device has 16384 B
ok
test adapter::live_no_match_names_every_adapter_the_box_has ... listed: NVIDIA GeForce RTX 4080 Laptop GPU (Vulkan, DiscreteGpu, driver NVIDIA)
listed: Intel(R) Arc(TM) Graphics (Vulkan, IntegratedGpu, driver Intel Corporation)
listed: NVIDIA GeForce RTX 4080 Laptop GPU (Dx12, DiscreteGpu, driver 32.0.15.8129)
listed: Intel(R) Arc(TM) Graphics (Dx12, IntegratedGpu, driver 32.0.101.6790)
listed: Microsoft Basic Render Driver (Dx12, Cpu, driver 10.0.26100.9278)
no adapter name contains "no-such-gpu-xyz"; adapters seen: [0] NVIDIA GeForce RTX 4080 Laptop GPU (Vulkan, DiscreteGpu, driver NVIDIA); [1] Intel(R) Arc(TM) Graphics (Vulkan, IntegratedGpu, driver Intel Corporation); [2] NVIDIA GeForce RTX 4080 Laptop GPU (Dx12, DiscreteGpu, driver 32.0.15.8129); [3] Intel(R) Arc(TM) Graphics (Dx12, IntegratedGpu, driver 32.0.101.6790); [4] Microsoft Basic Render Driver (Dx12, Cpu, driver 10.0.26100.9278)
ok
test adapter::live_one_device_per_adapter_found_by_a_differently_cased_name ... listed: NVIDIA GeForce RTX 4080 Laptop GPU (Vulkan, DiscreteGpu, driver NVIDIA)
listed: Intel(R) Arc(TM) Graphics (Vulkan, IntegratedGpu, driver Intel Corporation)
listed: NVIDIA GeForce RTX 4080 Laptop GPU (Dx12, DiscreteGpu, driver 32.0.15.8129)
listed: Intel(R) Arc(TM) Graphics (Dx12, IntegratedGpu, driver 32.0.101.6790)
listed: Microsoft Basic Render Driver (Dx12, Cpu, driver 10.0.26100.9278)

thread 'adapter::live_one_device_per_adapter_found_by_a_differently_cased_name' (2368) panicked at crates\sr-engine\tests\gpu\main.rs:129:37:
no device for "NVIDIA GeForce RTX 4080 Laptop GPU": no adapter name contains "nvidia geforce rtx 4080 laptop gpu"; adapters seen: [0] NVIDIA GeForce RTX 4080 Laptop GPU (Vulkan, DiscreteGpu, driver NVIDIA); [1] Intel(R) Arc(TM) Graphics (Vulkan, IntegratedGpu, driver Intel Corporation); [2] NVIDIA GeForce RTX 4080 Laptop GPU (Dx12, DiscreteGpu, driver 32.0.15.8129); [3] Intel(R) Arc(TM) Graphics (Dx12, IntegratedGpu, driver 32.0.101.6790); [4] Microsoft Basic Render Driver (Dx12, Cpu, driver 10.0.26100.9278)
note: run with `RUST_BACKTRACE=1` environment variable to display a backtrace
FAILED
test adapter::live_this_boxs_adapters_are_listed ... listed: NVIDIA GeForce RTX 4080 Laptop GPU (Vulkan, DiscreteGpu, driver NVIDIA)
listed: Intel(R) Arc(TM) Graphics (Vulkan, IntegratedGpu, driver Intel Corporation)
listed: NVIDIA GeForce RTX 4080 Laptop GPU (Dx12, DiscreteGpu, driver 32.0.15.8129)
listed: Intel(R) Arc(TM) Graphics (Dx12, IntegratedGpu, driver 32.0.101.6790)
listed: Microsoft Basic Render Driver (Dx12, Cpu, driver 10.0.26100.9278)
ok
test adapter::match_is_a_substring_of_the_name ... 
thread 'adapter::match_is_a_substring_of_the_name' (27076) panicked at crates\sr-engine\tests\gpu\main.rs:57:55:
called `Result::unwrap()` on an `Err` value: NoMatch { query: "pipe (llvm", seen: [AdapterDesc { name: "NVIDIA GeForce RTX 5090", backend: Dx12, driver: "test-driver", device_type: DiscreteGpu }, AdapterDesc { name: "NVIDIA GeForce RTX 5090", backend: Vulkan, driver: "test-driver", device_type: DiscreteGpu }, AdapterDesc { name: "Quadro RTX 4000", backend: Vulkan, driver: "test-driver", device_type: DiscreteGpu }, AdapterDesc { name: "llvmpipe (LLVM 19.1.1, 256 bits)", backend: Vulkan, driver: "test-driver", device_type: DiscreteGpu }] }
FAILED
test adapter::match_is_case_insensitive ... 
thread 'adapter::match_is_case_insensitive' (32012) panicked at crates\sr-engine\tests\gpu\main.rs:48:60:
called `Result::unwrap()` on an `Err` value: NoMatch { query: "quadro rtx 4000", seen: [AdapterDesc { name: "NVIDIA GeForce RTX 5090", backend: Dx12, driver: "test-driver", device_type: DiscreteGpu }, AdapterDesc { name: "NVIDIA GeForce RTX 5090", backend: Vulkan, driver: "test-driver", device_type: DiscreteGpu }, AdapterDesc { name: "Quadro RTX 4000", backend: Vulkan, driver: "test-driver", device_type: DiscreteGpu }, AdapterDesc { name: "llvmpipe (LLVM 19.1.1, 256 bits)", backend: Vulkan, driver: "test-driver", device_type: DiscreteGpu }] }
FAILED
test adapter::match_on_several_names_takes_vulkan_then_list_order ... 
thread 'adapter::match_on_several_names_takes_vulkan_then_list_order' (34312) panicked at crates\sr-engine\tests\gpu\main.rs:73:48:
called `Result::unwrap()` on an `Err` value: NoMatch { query: "rtx", seen: [AdapterDesc { name: "NVIDIA GeForce RTX 5090", backend: Dx12, driver: "test-driver", device_type: DiscreteGpu }, AdapterDesc { name: "NVIDIA GeForce RTX 5090", backend: Vulkan, driver: "test-driver", device_type: DiscreteGpu }, AdapterDesc { name: "Quadro RTX 4000", backend: Vulkan, driver: "test-driver", device_type: DiscreteGpu }, AdapterDesc { name: "llvmpipe (LLVM 19.1.1, 256 bits)", backend: Vulkan, driver: "test-driver", device_type: DiscreteGpu }] }
FAILED
test adapter::match_prefers_vulkan_when_a_name_matches_on_two_backends ... 
thread 'adapter::match_prefers_vulkan_when_a_name_matches_on_two_backends' (34164) panicked at crates\sr-engine\tests\gpu\main.rs:66:53:
called `Result::unwrap()` on an `Err` value: NoMatch { query: "arc", seen: [AdapterDesc { name: "Intel(R) Arc(TM) Graphics", backend: Dx12, driver: "test-driver", device_type: DiscreteGpu }] }
FAILED
test adapter::no_match_is_an_error_naming_every_adapter_seen ... ok

failures:

failures:
    adapter::live_one_device_per_adapter_found_by_a_differently_cased_name
    adapter::match_is_a_substring_of_the_name
    adapter::match_is_case_insensitive
    adapter::match_on_several_names_takes_vulkan_then_list_order
    adapter::match_prefers_vulkan_when_a_name_matches_on_two_backends

test result: FAILED. 5 passed; 5 failed; 0 ignored; 0 measured; 6 filtered out; finished in 3.58s

error: test failed, to rerun pass `-p sr-engine --test gpu`

