== twice-hp
  console.error: Failed to load resource: the server responded with a status of 404 (File not found)
  console.error: Failed to load resource: the server responded with a status of 404 (File not found)
  console.warning: A valid external Instance reference no longer exists.
first ({"powerPreference":"high-performance"}) 484 ms: null
second ({"powerPreference":"high-performance"}) 39 ms: vendor=nvidia arch=turing desc= fallback=false
== twice-none
  console.error: Failed to load resource: the server responded with a status of 404 (File not found)
  console.error: Failed to load resource: the server responded with a status of 404 (File not found)
  console.warning: A valid external Instance reference no longer exists.
first ({}) 382 ms: null
second ({}) 23 ms: vendor=nvidia arch=turing desc= fallback=false
== lp-then-hp
  console.error: Failed to load resource: the server responded with a status of 404 (File not found)
  console.error: Failed to load resource: the server responded with a status of 404 (File not found)
  console.warning: A valid external Instance reference no longer exists.
first ({"powerPreference":"low-power"}) 328 ms: null
second ({"powerPreference":"high-performance"}) 70 ms: vendor=nvidia arch=turing desc= fallback=false
== delay-hp
  console.error: Failed to load resource: the server responded with a status of 404 (File not found)
  console.error: Failed to load resource: the server responded with a status of 404 (File not found)
first+3s ({"powerPreference":"high-performance"}) 38 ms: vendor=nvidia arch=turing desc= fallback=false
second ({"powerPreference":"high-performance"}) 2 ms: vendor=nvidia arch=turing desc= fallback=false
== twice-hp with --enable-logging=stderr --v=0 (gpu/dawn/vulkan lines)
  console.warning: A valid external Instance reference no longer exists.
first ({"powerPreference":"high-performance"}) 440 ms: null
second ({"powerPreference":"high-performance"}) 39 ms: vendor=nvidia arch=turing desc= fallback=false
== gpu page
  console.error: Failed to load resource: the server responded with a status of 404 (File not found)
  console.error: Failed to load resource: the server responded with a status of 404 (File not found)
:host{--green:#080;--yellow:#880;--red:#f00;--gray:#888;--bg-yellow:#ff0;display:block;flex:1;overflow:auto;padding:10px}@media (prefers-color-scheme:dark){:host{--green:#0F0;--yellow:#FF0;--red:#f00;--gray:#888;--bg-yellow:#880}}:host *{user-select:text}:host([selected]){display:flex;flex-direction:column}h3,ul{margin-bottom:0;margin-top:0}#content>div,#download-to-file{margin-bottom:1em}.feature-green{color:var(--green)}.feature-yellow{color:var(--yellow)}.feature-red{color:var(--red)}.feature-gray{color:var(--gray)}.bg-yellow{background-color:var(--bg-yellow)}#vulkan-info-value{white-space:pre}#download-to-file{font:inherit;min-height:2em;user-select:none}h4.dawn-info-header{color:var(--yellow);margin-bottom:2px;margin-top:10px}table.info-table{border-collapse:collapse;table-layout:fixed;width:100%}.info-table td{border:1px solid #777;vertical-align:top;overflow-x:auto}.info-table td:nth-child(1){font-weight:bold;width:25%}.info-table td:nth-child(2){font-weight:bold;width:75%}.copy{display:none}
=======================*   Canvas: Hardware accelerated*   Direct Rendering Display Compositor: Disabled*   Compositing: Software only. Hardware acceleration disabled*   Multiple Raster Threads: Enabled*   OpenGL: Enabled*   Rasterization: Hardware accelerated*   Raw Draw: Disabled*   Skia Graphite: Disabled*   TreesInViz: Disabled*   Video Decode: Hardware accelerated*   Video Encode: Software only. Hardware acceleration disabled*   Vulkan: Enabled*   WebGL: Hardware accelerated but at reduced performance*   WebGPU: Hardware accelerated but at reduced performance*   WebGPU interop: Disabled*   WebNN: Disabled
===================Data exported              :2026-10-10T20:23:27.508ZChrome version             :Chrome/155.0.8059.39Operating system           :Linux 7.0.0-38-genericSoftware rendering list URL:https://chromium.googlesource.com/chromium/src/+/3ff7ac5a9224be9156d7f8703a06e22890aafd34/gpu/config/software_rendering_list.jsonDriver bug list URL        :https://chromium.googlesource.com/chromium/src/+/3ff7ac5a9224be9156d7f8703a06e22890aafd34/gpu/config/gpu_driver_bug_list.jsonANGLE commit id            :170484eea03a2D graphics backend        :Skia/155 29ed1e87a0a50f3d8347e988842d9d59e7573efaCommand Line               :/usr/bin/google-chrome --disable-field-trial-config --disable-background-networking --disable-background-timer-throttling --disable-backgrounding-occluded-windows --disable-back-forward-cache --disable-breakpad --disable-client-side-phishing-detection --disable-component-extensions-with-background-pages --disable-component-update --no-default-browser-check --disable-default-apps --disable-dev-shm-usage --disable-edgeupdater --disable-extensions --disable-features=AvoidUnnecessaryBeforeUnloadCheckSync,DestroyProfileOnBrowserClose,DialMediaRouteProvider,GlobalMediaControls,HttpsUpgrades,LensOverlay,MediaRouter,PaintHolding,ThirdPartyStoragePartitioning,BlockOriginHeaderModificationOnRedirect,Translate,AutoDeElevate,OptimizationHints,NetworkTimeServiceQuerying,AimEnabled,msForceBrowserSignIn,msEdgeUpdateLaunchServicesPreferredVersion --enable-features=CDPScreenshotNewSurface --allow-pre-commit-input --disable-hang-monitor --disable-ipc-flooding-protection --disable-popup-blocking --disable-prompt-on-repost --disable-renderer-backgrounding --disable-updater-scheduler --force-color-profile=srgb --metrics-recording-only --no-first-run --password-store=basic --use-mock-keychain --no-service-autorun --export-tagged-pdf --disable-search-engine-choice-screen --unsafely-disable-devtools-self-xss-warnings --edge-skip-compat-layer-relaunch --disable-infobars --disable-search-engine-choice-screen --disable-sync --enable-unsafe-swiftshader --headless --hide-scrollbars --mute-audio --blink-settings=primaryHoverType=2,availableHoverTypes=2,primaryPointerType=4,availablePointerTypes=4 --headless=new --use-angle=vulkan --enable-features=Vulkan --disable-vulkan-surface --enable-unsafe-webgpu --user-data-dir=/tmp/playwright_chromiumdev_profile-UL2CMe --remote-debugging-pipe --no-startup-window --noerrdialogs --ozone-platform=headless --ozone-override-screen-size=800,600 --flag-switches-begin --flag-switches-end --enable-unsafe-swiftshader
==================Initialization time             :399In-process GPU                  :falseSkia Backend                    :GaneshVulkanPassthrough Command Decoder     :trueSandboxed                       :falseGPU0                            :VENDOR= 0x10de, DEVICE=0x1eb1, DRIVER_VENDOR=NVIDIA, DRIVER_VERSION=595.99.2.0 *ACTIVE*GPU1                            :VENDOR= 0x8086, DEVICE=0xa780GPU2                            :VENDOR= 0x10de, DEVICE=0x2b85Optimus                         :trueAMD switchable                  :falsePixel shader version            :3.00Vertex shader version           :3.00Max. MSAA samples               :8Machine model name              :Machine model version           :GL implementation parts         :(gl=egl-angle,angle=vulkan)Display type                    :ANGLE_VULKANGL_VENDOR                       :Google Inc. (NVIDIA)GL_RENDERER                     :ANGLE (NVIDIA, Vulkan 1.4.329 (NVIDIA Quadro RTX 4000 (0x00001EB1)), NVIDIA-595.99.2.0)GL_VERSION                      :OpenGL ES 3.0 (ANGLE 2.1.28853 git hash: 170484eea03a)GL_EXTENSIONS                   :GL_AMD_performance_monitor GL_ANGLE_base_vertex_base_instance_shader_builtin GL_ANGLE_blob_cache GL_ANGLE_client_arrays GL_ANGLE_copy_texture_3d GL_ANGLE_depth_texture GL_ANGLE_framebuffer_blit GL_ANGLE_framebuffer_multisample GL_ANGLE_get_image GL_ANGLE_get_serialized_context_string GL_ANGLE_get_tex_level_parameter GL_ANGLE_instanced_arrays GL_ANGLE_logic_op GL_ANGLE_memory_object_flags GL_ANGLE_memory_size GL_ANGLE_multi_draw GL_ANGLE_pack_reverse_row_order GL_ANGLE_polygon_mode GL_ANGLE_program_binary_readiness_query GL_ANGLE_program_cache_control GL_ANGLE_read_only_depth_stencil_feedback_loops GL_ANGLE_relaxed_vertex_attribute_type GL_ANGLE_renderability_validation GL_ANGLE_request_extension GL_ANGLE_rgbx_internal_format GL_ANGLE_robust_client_memory GL_ANGLE_robust_fragment_shader_output GL_ANGLE_shader_pixel_local_storage GL_ANGLE_shader_pixel_local_storage_coherent GL_ANGLE_stencil_texturing GL_ANGLE_texture_compression_dxt3 GL_ANGLE_texture_compression_dxt5 GL_ANGLE_texture_multisample GL_ANGLE_texture_usage GL_ANGLE_translated_shader_source GL_ANGLE_vulkan_image GL_ANGLE_yuv_internal_format GL_ARM_rgba8 GL_ARM_shader_framebuffer_fetch GL_CHROMIUM_bind_generates_resource GL_CHROMIUM_bind_uniform_location GL_CHROMIUM_copy_compressed_texture GL_CHROMIUM_copy_texture GL_CHROMIUM_lose_context GL_EXT_EGL_image_array GL_EXT_EGL_image_external_wrap_modes GL_EXT_EGL_image_storage GL_EXT_base_instance GL_EXT_blend_func_extended GL_EXT_blend_minmax GL_EXT_buffer_storage GL_EXT_clear_texture GL_EXT_clip_control GL_EXT_color_buffer_float GL_EXT_color_buffer_half_float GL_EXT_compressed_ETC1_RGB8_sub_texture GL_EXT_conservative_depth GL_EXT_copy_image GL_EXT_debug_label GL_EXT_debug_marker GL_EXT_depth_clamp GL_EXT_discard_framebuffer GL_EXT_disjoint_timer_query GL_EXT_draw_buffers GL_EXT_draw_buffers_indexed GL_EXT_draw_elements_base_vertex GL_EXT_float_blend GL_EXT_frag_depth GL_EXT_fragment_shading_rate GL_EXT_fragment_shading_rate_primitive GL_EXT_instanced_arrays GL_EXT_map_buffer_range GL_EXT_memory_object GL_EXT_memory_object_fd GL_EXT_multisample_compatibility GL_EXT_occlusion_query_boolean GL_EXT_polygon_offset_clamp GL_EXT_read_format_bgra GL_EXT_render_snorm GL_EXT_robustness GL_EXT_sRGB GL_EXT_sRGB_write_control GL_EXT_semaphore GL_EXT_semaphore_fd GL_EXT_separate_shader_objects GL_EXT_shader_framebuffer_fetch GL_EXT_shader_framebuffer_fetch_non_coherent GL_EXT_shader_non_constant_global_initializers GL_EXT_shader_texture_lod GL_EXT_shadow_samplers GL_EXT_texture_border_clamp GL_EXT_texture_compression_bptc GL_EXT_texture_compression_dxt1 GL_EXT_texture_compression_rgtc GL_EXT_texture_compression_s3tc_srgb GL_EXT_texture_filter_anisotropic GL_EXT_texture_format_BGRA8888 GL_EXT_texture_lod_bias GL_EXT_texture_mirror_clamp_to_edge GL_EXT_texture_norm16 GL_EXT_texture_rg GL_EXT_texture_sRGB_R8 GL_EXT_texture_sRGB_decode GL_EXT_texture_shadow_lod GL_EXT_texture_storage GL_EXT_texture_type_2_10_10_10_REV GL_EXT_unpack_subimage GL_KHR_blend_equation_advanced GL_KHR_blend_equation_advanced_coherent GL_KHR_debug GL_KHR_robustness GL_NV_fence GL_NV_framebuffer_blit GL_NV_pack_subimage GL_NV_pixel_buffer_object GL_NV_polygon_mode GL_NV_read_depth GL_NV_read_depth_stencil GL_NV_read_stencil GL_NV_shader_noperspective_interpolation GL_OES_EGL_image GL_OES_EGL_image_external GL_OES_EGL_image_external_essl3 GL_OES_EGL_sync GL_OES_compressed_ETC1_RGB8_texture GL_OES_compressed_paletted_texture GL_OES_copy_image GL_OES_depth24 GL_OES_depth32 GL_OES_depth_texture GL_OES_depth_texture_cube_map GL_OES_draw_buffers_indexed GL_OES_draw_elements_base_vertex GL_OES_element_index_uint GL_OES_fbo_render_mipmap GL_OES_get_program_binary GL_OES_mapbuffer GL_OES_packed_depth_stencil GL_OES_required_internalformat GL_OES_rgb8_rgba8 GL_OES_sample_shading GL_OES_sample_variables GL_OES_shader_multisample_interpolation GL_OES_standard_derivatives GL_OES_surfaceless_context GL_OES_texture_3D GL_OES_texture_border_clamp GL_OES_texture_float GL_OES_texture_float_linear GL_OES_texture_half_float GL_OES_texture_half_float_linear GL_OES_texture_npot GL_OES_texture_stencil8 GL_OES_texture_storage_multisample_2d_array GL_OES_vertex_array_object GL_OES_vertex_half_float GL_OES_vertex_type_10_10_10_2 GL_OVR_multiview GL_OVR_multiview2 GL_QCOM_shading_rate GL_QCOM_texture_lod_biasDisabled Extensions             :GL_KHR_blend_equation_advanced GL_KHR_blend_equation_advanced_coherentDisabled WebGL Extensions       :Window system binding vendor    :Google Inc. (NVIDIA)Window system binding version   :1.5 (ANGLE 2.1.28853 git hash: 170484eea03a)Window system binding extensions:EGL_EXT_create_context_robustness EGL_ANGLE_surface_orientation EGL_KHR_create_context EGL_KHR_image EGL_KHR_image_base EGL_EXT_image_gl_colorspace EGL_KHR_gl_colorspace EGL_KHR_gl_texture_2D_image EGL_KHR_gl_texture_cubemap_image EGL_KHR_gl_texture_3D_image EGL_KHR_gl_renderbuffer_image EGL_KHR_get_all_proc_addresses EGL_KHR_fence_sync EGL_KHR_wait_sync EGL_ANGLE_create_context_webgl_compatibility EGL_CHROMIUM_create_context_bind_generates_resource EGL_KHR_swap_buffers_with_damage EGL_EXT_pixel_format_float EGL_KHR_surfaceless_context EGL_ANGLE_display_texture_share_group EGL_ANGLE_display_semaphore_share_group EGL_ANGLE_create_context_client_arrays EGL_ANGLE_program_cache_control EGL_ANGLE_robust_resource_initialization EGL_ANGLE_create_context_extensions_enabled EGL_ANDROID_blob_cache EGL_ANDROID_recordable EGL_ANDROID_native_fence_sync EGL_ANGLE_create_context_backwards_compatible EGL_KHR_no_config_context EGL_IMG_context_priority EGL_KHR_create_context_no_error EGL_EXT_image_dma_buf_import EGL_EXT_image_dma_buf_import_modifiers EGL_KHR_reusable_sync EGL_EXT_buffer_age EGL_KHR_mutable_render_buffer EGL_ANGLE_create_surface_swap_interval EGL_ANGLE_vulkan_image EGL_KHR_partial_update EGL_ANGLE_global_fence_sync EGL_ANGLE_memory_usage_reportDirect rendering version        :unknownReset notification strategy     :0x8252GPU process crash count         :0
======================*   enable_webgl_timer_query_extensions*   exit_on_context_lost*   disabled_extension_GL_KHR_blend_equation_advanced*   disabled_extension_GL_KHR_blend_equation_advanced_coherent
Problems Detected
=================*   Accelerated video encode has been disabled, either via blocklist, about:flags or the command line.    Disabled Features: video_encode
*   Gpu compositing has been disabled, either via blocklist, about:flags or the command line. The browser will fall back to software compositing and hardware acceleration will be unavailable.    Disabled Features: gpu_compositing
ANGLE Features
*   allowExtensionDisableAfterNonPpTokens (Frontend features): Disabled
*   alwaysEnableEmulatedMultidrawExtensions (Frontend workarounds): Disabled
*   clipCullDistanceBrokenWithPassthroughShaders (Frontend features): Disabled
*   compressProgramBinaryBlob (Frontend features): Disabled
*   disableAnisotropicFiltering (Frontend workarounds): Disabled
*   disableProgramBinary (Frontend features): Disabled
*   disableProgramCaching (Frontend features): Disabled
*   disableProgramCachingForTransformFeedback (Frontend workarounds): Disabled
*   dumpShaderSource (Frontend features): Disabled
*   dumpTranslatedShaders (Frontend features): Disabled
*   enableCaptureLimits (Frontend features): Disabled
*   enableProgramBinaryForCapture (Frontend features): Disabled
*   enableShaderSubstitution (Frontend workarounds): Disabled
*   enableTranslatedShaderSubstitution (Frontend workarounds): Disabled
*   forceDebugContexts (Frontend features): Disabled
*   forceDepthAttachmentInitOnClear (Frontend workarounds): Disabled
*   forceFlushAfterDrawcallUsingShadowmap (Frontend workarounds): Disabled
*   forceGlErrorChecking (Frontend features): Disabled
*   forceInitShaderVariables (Frontend features): Disabled
*   forceMinimumMaxVertexAttributes (Frontend features): Disabled
*   forcePassthroughShaders (Frontend features): Disabled
*   forceRobustResourceInit (Frontend features): Disabled
*   limitMaxBufferBytesTo1MB (Frontend features): Disabled
*   limitMaxTextureBytesTo1MB (Frontend features): Disabled
*   noperspectiveInterpolationBrokenWithPassthroughShaders (Frontend features): Disabled
*   setNeedInitOnInvalidation (Frontend features): Disabled
*   singleThreadedTextureDecompression (Frontend workarounds): Disabled
*   useIr (Frontend features): Disabled
*   addFramebufferFetchBarrierOnUseMidRenderPass (Vulkan workarounds): Disabled
*   adjustClearColorPrecision (Vulkan workarounds): Disabled
*   allocateNonZeroMemory (Vulkan features): Disabled
*   allowGenerateMipmapWithCompute (Vulkan features): Enabled
*   allowHostImageCopyAfterInitialUpload (Vulkan features): Disabled
*   allowHostImageCopyDespiteNonIdenticalLayout (Vulkan features): Disabled
*   allowMultisampledRenderToTextureEmulation (Vulkan workarounds): Disabled
*   allowPipelineStatisticsForPrimitivesGeneratedQuery (Vulkan workarounds): Disabled
*   appendAliasedMemoryDecorations (Vulkan workarounds): Enabled
*   asyncCommandBufferReset (Vulkan features): Enabled
*   asyncGarbageCleanup (Vulkan features): Enabled
*   avoidImageGhostOutsideRenderPass (Vulkan features): Enabled
*   avoidInvisibleWindowSwapchainRecreate (Vulkan workarounds): Enabled
*   avoidOpSelectWithMismatchingRelaxedPrecision (Vulkan workarounds): Disabled
*   bottomLeftOriginPresentRegionRectangles (Vulkan workarounds): Disabled
*   bresenhamLineRasterization (Vulkan features): Enabled
*   clBestUniformFitWGS (Vulkan features): Disabled
*   clDumpVkSpirv (Vulkan features): Disabled
*   clSerializedExecution (Vulkan features): Disabled
*   clampFragDepth (Vulkan workarounds): Disabled
*   clampPointSize (Vulkan workarounds): Disabled
== two-pages
  console.warning: A valid external Instance reference no longer exists.
page1 first ({"powerPreference":"high-performance"}) 466 ms: null
page2 first ({"powerPreference":"high-performance"}) 29 ms: vendor=nvidia arch=turing desc= fallback=false
page3 (new context) first ({"powerPreference":"high-performance"}) 30 ms: vendor=nvidia arch=turing desc= fallback=false
page1 after reload ({"powerPreference":"high-performance"}) 26 ms: vendor=nvidia arch=turing desc= fallback=false
== two-pages
  console.warning: A valid external Instance reference no longer exists.
page1 first ({"powerPreference":"high-performance"}) 267 ms: null
page2 first ({"powerPreference":"high-performance"}) 22 ms: vendor=nvidia arch=turing desc= fallback=false
page3 (new context) first ({"powerPreference":"high-performance"}) 25 ms: vendor=nvidia arch=turing desc= fallback=false
page1 after reload ({"powerPreference":"high-performance"}) 23 ms: vendor=nvidia arch=turing desc= fallback=false
== delay-ms-500
first+500ms ({"powerPreference":"high-performance"}) 27 ms: vendor=nvidia arch=turing desc= fallback=false
== delay-ms-1000
first+1000ms ({"powerPreference":"high-performance"}) 33 ms: vendor=nvidia arch=turing desc= fallback=false
== delay-ms-1500
first+1500ms ({"powerPreference":"high-performance"}) 29 ms: vendor=nvidia arch=turing desc= fallback=false
== delay-ms-2000
first+2000ms ({"powerPreference":"high-performance"}) 30 ms: vendor=nvidia arch=turing desc= fallback=false
