why plan_lint: stale: milestones/m0/m0_implementation_plan.md · moved since fc0a0fe: milestones/m0/m0_implementation_plan.md
why tools_selftest: moved since fc0a0fe: tools/pb/verify.py
why boot: moved since fc0a0fe: tests/smoke.sh
why desktop: moved since fc0a0fe: tests/plants/launcher-no-stop.patch (+1)
plan_lint       501/0/0      0.48 s  GO
tools_selftest  10/0/0     189.02 s  GO
boot            1/0/0       23.84 s  GO
desktop         2/0/0       50.72 s  GO
toolchain       NOT RUN (not impacted: its 8 path(s) checked at the anchor, none moved since fc0a0fe)
build           NOT RUN (not impacted: its 23 path(s) checked at the anchor, none moved since fc0a0fe)
adapter         NOT RUN (not impacted: its 16 path(s) checked at the anchor, none moved since fc0a0fe)
state           NOT RUN (not impacted: its 16 path(s) checked at the anchor, none moved since fc0a0fe)
web             NOT RUN (not impacted: its 26 path(s) checked at the anchor, none moved since fc0a0fe)
capture         NOT RUN (not impacted: its 23 path(s) checked at the anchor, none moved since fc0a0fe)
flags: M0-D13c is no block of a plan under milestones/ - no Deliver and no type to read them against
logs: milestones/m0/logs/M0-D13c.<scope>.log · record: loop_times.jsonl · tree fabab0c97e83+d4e26590dd89
anchor: 1 path×scope entries moved by this run
anchor: 64 paths checked · 66 skipped (3 classes) · 0 never checked · 0 stale · 0 unclassified · 0 owed · 64 covered of 130 visible
skipped    58  reports, tasks, the contract and docs - until a scope reads one (G-STR will read the contract's strings block), a V block reads them
skipped     7  instruction and config files - no scope grades text; the lead reads them
skipped     1  the harness's own manifest and anchor - a wrong entry shows as a red or an uncovered scope, never graded by one
verify: 514 passed, 0 failed, 0 skipped · 4/4 scopes GO · 0 skipped · 0 owed · 0 NOT RUN · 6 not impacted · 76.09 s · mode changed · jobs 8 · box Laser2025-20 · python 3.12.10 · load 5.19->3.42
=== GO ===
