== 2026-10-10T08:55:01-04:00 desktop[window] · task M0-D13c · box Laser2025-20 :: bash tests/smoke.sh {case}
== 2026-10-10T08:55:03-04:00 desktop[launcher] · task M0-D13c · box Laser2025-20 :: bash tests/smoke.sh {case}
-- desktop[window] · exit=0 · 23.22 s
game-offscreen: ready on http://127.0.0.1:47811/status, 1.1s (log C:\workspace\sandbox_reactions\milestones\m0\logs\M0-D13c.launch.game-offscreen.log)
game-offscreen: pid 17136 stopped
game-offscreen: log C:\workspace\sandbox_reactions\milestones\m0\logs\M0-D13c.launch.game-offscreen.log
services: 1, ready: 1, failures: 0
boot game-offscreen: built in 15 s, booted and checked in 8 s
=== GO ===

-- desktop[launcher] · exit=0 · 27.50 s
game-offscreen: ready on http://127.0.0.1:47811/status, 1.1s (log C:\workspace\sandbox_reactions\milestones\m0\logs\launcher.launch.game-offscreen.log)
services: 1, ready: 1
=== GO ===
Sandbox Reactions is running. Press Enter to close it.
headless-boot: nothing recorded
game: nothing recorded
game-xvfb: nothing recorded
game-offscreen: pid 4240 stopped
services: 4, stopped: 4
=== GO ===
launcher game-offscreen: built in 14 s, started, stopped, nothing left running
=== GO ===

