==== 2026-10-09T12:39:43-04:00 desktop · clean · a fresh scratch copy of the tree
== 2026-10-09T12:39:43-04:00 desktop[window] · task M0-D10 · box laserax-ai :: bash tests/smoke.sh {case}
== 2026-10-09T12:39:43-04:00 desktop[launcher] · task M0-D10 · box laserax-ai :: bash tests/smoke.sh {case}
-- desktop[window] · exit=0 · 32.83 s
game-xvfb: ready on http://127.0.0.1:47811/status, 0.3s (log /tmp/pb-redarm-y_0qr688/arm0/milestones/m0/logs/M0-D10.launch.game-xvfb.log)
game-xvfb: pid 2877790 stopped; its X server :99, pid 2877789 stopped
game-xvfb: log /tmp/pb-redarm-y_0qr688/arm0/milestones/m0/logs/M0-D10.launch.game-xvfb.log
services: 1, ready: 1, failures: 0
boot game-xvfb: built in 33 s, booted and checked in 0 s
=== GO ===

-- desktop[launcher] · exit=0 · 33.36 s
game-xvfb: ready on http://127.0.0.1:47811/status, 0.3s (log /tmp/pb-redarm-y_0qr688/arm0/milestones/m0/logs/launcher.launch.game-xvfb.log)
services: 1, ready: 1
=== GO ===
Sandbox Reactions is running. Press Enter to close it.
headless-boot: nothing recorded
game: nothing recorded
game-xvfb: pid 2877904 stopped; its X server :99, pid 2877903 stopped
game-offscreen: nothing recorded
services: 4, stopped: 4
=== GO ===
launcher game-xvfb: built in 33 s, started, stopped, nothing left running
=== GO ===

==== 2026-10-09T12:40:17-04:00 desktop · plant status-never-ready · a fresh scratch copy of the tree
planted status-never-ready: tests/plants/status-never-ready.patch -> crates/sr-app/src/desktop.rs
== 2026-10-09T12:40:17-04:00 desktop[window] · task M0-D10 · box laserax-ai :: bash tests/smoke.sh {case}
== 2026-10-09T12:40:17-04:00 desktop[launcher] · task M0-D10 · box laserax-ai :: bash tests/smoke.sh {case}
-- desktop[launcher] · exit=1 · 120.29 s
game-xvfb: not ready within 90s (log /tmp/pb-redarm-y_0qr688/arm1/milestones/m0/logs/launcher.launch.game-xvfb.log)
services: 1, ready: 0
FAIL game-xvfb: not ready within 90s (log /tmp/pb-redarm-y_0qr688/arm1/milestones/m0/logs/launcher.launch.game-xvfb.log)
=== NO-GO: 1 failure(s) ===
Sandbox Reactions is running. Press Enter to close it.
headless-boot: nothing recorded
game: nothing recorded
game-xvfb: pid 2889797 stopped; its X server :99, pid 2889781 stopped
game-offscreen: nothing recorded
services: 4, stopped: 4
=== GO ===
=== NO-GO: the launcher never reached ready ===

-- desktop[window] · exit=1 · 210.47 s
game-xvfb: not ready within 90s (log /tmp/pb-redarm-y_0qr688/arm1/milestones/m0/logs/M0-D10.launch.game-xvfb.log)
game-xvfb: pid 2914048 stopped; its X server :99, pid 2914046 stopped
game-xvfb: log /tmp/pb-redarm-y_0qr688/arm1/milestones/m0/logs/M0-D10.launch.game-xvfb.log
services: 1, ready: 0, failures: 1
FAIL game-xvfb: not ready within 90s (log /tmp/pb-redarm-y_0qr688/arm1/milestones/m0/logs/M0-D10.launch.game-xvfb.log)
=== NO-GO: launch.py smoke game-xvfb did not end GO ===

==== 2026-10-09T12:43:47-04:00 desktop · plant launcher-no-stop · a fresh scratch copy of the tree
planted launcher-no-stop: tests/plants/launcher-no-stop.patch -> start.sh
== 2026-10-09T12:43:47-04:00 desktop[window] · task M0-D10 · box laserax-ai :: bash tests/smoke.sh {case}
== 2026-10-09T12:43:47-04:00 desktop[launcher] · task M0-D10 · box laserax-ai :: bash tests/smoke.sh {case}
-- desktop[launcher] · exit=1 · 28.59 s
game-xvfb: ready on http://127.0.0.1:47811/status, 0.5s (log /tmp/pb-redarm-y_0qr688/arm2/milestones/m0/logs/launcher.launch.game-xvfb.log)
services: 1, ready: 1
=== GO ===
Sandbox Reactions is running. Press Enter to close it.
=== NO-GO: the launcher did not stop game-xvfb ===

-- desktop[window] · exit=0 · 29.21 s
game-xvfb: ready on http://127.0.0.1:47811/status, 0.5s (log /tmp/pb-redarm-y_0qr688/arm2/milestones/m0/logs/M0-D10.launch.game-xvfb.log)
game-xvfb: pid 2952287 stopped; its X server :99, pid 2952286 stopped
game-xvfb: log /tmp/pb-redarm-y_0qr688/arm2/milestones/m0/logs/M0-D10.launch.game-xvfb.log
services: 1, ready: 1, failures: 0
boot game-xvfb: built in 28 s, booted and checked in 1 s
=== GO ===

