==== 2026-10-09T19:01:54-04:00 desktop · clean · a fresh scratch copy of the tree
== 2026-10-09T19:01:54-04:00 desktop[window] · task M0-D15 · box Laser2025-20 :: bash tests/smoke.sh {case}
== 2026-10-09T19:01:54-04:00 desktop[launcher] · task M0-D15 · box Laser2025-20 :: bash tests/smoke.sh {case}
-- desktop[window] · exit=0 · 128.83 s
game-offscreen: ready on http://127.0.0.1:47811/status, 0.9s (log C:\Users\YohanBelanger\AppData\Local\Temp\pb-redarm-1p6us0ew\arm0\milestones\m0\logs\M0-D15.launch.game-offscreen.log)
game-offscreen: pid 30220 stopped
game-offscreen: log C:\Users\YohanBelanger\AppData\Local\Temp\pb-redarm-1p6us0ew\arm0\milestones\m0\logs\M0-D15.launch.game-offscreen.log
services: 1, ready: 1, failures: 0
boot game-offscreen: built in 125 s, booted and checked in 3 s
=== GO ===

-- desktop[launcher] · exit=0 · 132.45 s
game-offscreen: ready on http://127.0.0.1:47811/status, 0.7s (log C:\Users\YohanBelanger\AppData\Local\Temp\pb-redarm-1p6us0ew\arm0\milestones\m0\logs\launcher.launch.game-offscreen.log)
services: 1, ready: 1
=== GO ===
Sandbox Reactions is running. Press Enter to close it.
headless-boot: nothing recorded
game: nothing recorded
game-xvfb: nothing recorded
game-offscreen: pid 33772 stopped
services: 4, stopped: 4
=== GO ===
launcher game-offscreen: built in 125 s, started, stopped, nothing left running
=== GO ===

==== 2026-10-09T19:04:08-04:00 desktop · plant status-never-ready · a fresh scratch copy of the tree
planted status-never-ready: tests/plants/status-never-ready.patch -> crates/sr-app/src/desktop.rs
== 2026-10-09T19:04:08-04:00 desktop[window] · task M0-D15 · box Laser2025-20 :: bash tests/smoke.sh {case}
== 2026-10-09T19:04:08-04:00 desktop[launcher] · task M0-D15 · box Laser2025-20 :: bash tests/smoke.sh {case}
-- desktop[window] · exit=1 · 219.80 s
game-offscreen: not ready within 90s (log C:\Users\YohanBelanger\AppData\Local\Temp\pb-redarm-1p6us0ew\arm1\milestones\m0\logs\M0-D15.launch.game-offscreen.log)
game-offscreen: pid 32500 stopped
game-offscreen: log C:\Users\YohanBelanger\AppData\Local\Temp\pb-redarm-1p6us0ew\arm1\milestones\m0\logs\M0-D15.launch.game-offscreen.log
services: 1, ready: 0, failures: 1
FAIL game-offscreen: not ready within 90s (log C:\Users\YohanBelanger\AppData\Local\Temp\pb-redarm-1p6us0ew\arm1\milestones\m0\logs\M0-D15.launch.game-offscreen.log)
=== NO-GO: launch.py smoke game-offscreen did not end GO ===

-- desktop[launcher] · exit=1 · 312.95 s
game-offscreen: not ready within 90s (log C:\Users\YohanBelanger\AppData\Local\Temp\pb-redarm-1p6us0ew\arm1\milestones\m0\logs\launcher.launch.game-offscreen.log)
services: 1, ready: 0
FAIL game-offscreen: not ready within 90s (log C:\Users\YohanBelanger\AppData\Local\Temp\pb-redarm-1p6us0ew\arm1\milestones\m0\logs\launcher.launch.game-offscreen.log)
=== NO-GO: 1 failure(s) ===
Sandbox Reactions is running. Press Enter to close it.
headless-boot: nothing recorded
game: nothing recorded
game-xvfb: nothing recorded
game-offscreen: pid 9108 stopped
services: 4, stopped: 4
=== GO ===
=== NO-GO: the launcher never reached ready ===

==== 2026-10-09T19:09:22-04:00 desktop · plant launcher-no-stop · a fresh scratch copy of the tree
planted launcher-no-stop: tests/plants/launcher-no-stop.patch -> start.sh
== 2026-10-09T19:09:22-04:00 desktop[window] · task M0-D15 · box Laser2025-20 :: bash tests/smoke.sh {case}
== 2026-10-09T19:09:22-04:00 desktop[launcher] · task M0-D15 · box Laser2025-20 :: bash tests/smoke.sh {case}
-- desktop[window] · exit=0 · 154.23 s
game-offscreen: ready on http://127.0.0.1:47811/status, 1.1s (log C:\Users\YohanBelanger\AppData\Local\Temp\pb-redarm-1p6us0ew\arm2\milestones\m0\logs\M0-D15.launch.game-offscreen.log)
game-offscreen: pid 9348 stopped
game-offscreen: log C:\Users\YohanBelanger\AppData\Local\Temp\pb-redarm-1p6us0ew\arm2\milestones\m0\logs\M0-D15.launch.game-offscreen.log
services: 1, ready: 1, failures: 0
boot game-offscreen: built in 151 s, booted and checked in 3 s
=== GO ===

-- desktop[launcher] · exit=0 · 157.59 s
game-offscreen: ready on http://127.0.0.1:47811/status, 0.7s (log C:\Users\YohanBelanger\AppData\Local\Temp\pb-redarm-1p6us0ew\arm2\milestones\m0\logs\launcher.launch.game-offscreen.log)
services: 1, ready: 1
=== GO ===
Sandbox Reactions is running. Press Enter to close it.
headless-boot: nothing recorded
game: nothing recorded
game-xvfb: nothing recorded
game-offscreen: pid 24964 stopped
services: 4, stopped: 4
=== GO ===
launcher game-offscreen: built in 151 s, started, stopped, nothing left running
=== GO ===

==== 2026-10-09T19:16:48-04:00 desktop · clean · a fresh scratch copy of the tree
== 2026-10-09T19:16:48-04:00 desktop[window] · task M0-D15 · box Laser2025-20 :: bash tests/smoke.sh {case}
== 2026-10-09T19:16:48-04:00 desktop[launcher] · task M0-D15 · box Laser2025-20 :: bash tests/smoke.sh {case}
-- desktop[window] · exit=0 · 131.66 s
game-offscreen: ready on http://127.0.0.1:47811/status, 1.1s (log C:\Users\YohanBelanger\AppData\Local\Temp\pb-redarm-10grc9ya\arm0\milestones\m0\logs\M0-D15.launch.game-offscreen.log)
game-offscreen: pid 19212 stopped
game-offscreen: log C:\Users\YohanBelanger\AppData\Local\Temp\pb-redarm-10grc9ya\arm0\milestones\m0\logs\M0-D15.launch.game-offscreen.log
services: 1, ready: 1, failures: 0
boot game-offscreen: built in 129 s, booted and checked in 2 s
=== GO ===

-- desktop[launcher] · exit=0 · 135.20 s
game-offscreen: ready on http://127.0.0.1:47811/status, 0.9s (log C:\Users\YohanBelanger\AppData\Local\Temp\pb-redarm-10grc9ya\arm0\milestones\m0\logs\launcher.launch.game-offscreen.log)
services: 1, ready: 1
=== GO ===
Sandbox Reactions is running. Press Enter to close it.
headless-boot: nothing recorded
game: nothing recorded
game-xvfb: nothing recorded
game-offscreen: pid 31692 stopped
services: 4, stopped: 4
=== GO ===
launcher game-offscreen: built in 129 s, started, stopped, nothing left running
=== GO ===

==== 2026-10-09T19:19:04-04:00 desktop · plant status-never-ready · a fresh scratch copy of the tree
planted status-never-ready: tests/plants/status-never-ready.patch -> crates/sr-app/src/desktop.rs
== 2026-10-09T19:19:04-04:00 desktop[window] · task M0-D15 · box Laser2025-20 :: bash tests/smoke.sh {case}
== 2026-10-09T19:19:04-04:00 desktop[launcher] · task M0-D15 · box Laser2025-20 :: bash tests/smoke.sh {case}
-- desktop[launcher] · exit=1 · 231.95 s
game-offscreen: not ready within 90s (log C:\Users\YohanBelanger\AppData\Local\Temp\pb-redarm-10grc9ya\arm1\milestones\m0\logs\launcher.launch.game-offscreen.log)
services: 1, ready: 0
FAIL game-offscreen: not ready within 90s (log C:\Users\YohanBelanger\AppData\Local\Temp\pb-redarm-10grc9ya\arm1\milestones\m0\logs\launcher.launch.game-offscreen.log)
=== NO-GO: 1 failure(s) ===
Sandbox Reactions is running. Press Enter to close it.
headless-boot: nothing recorded
game: nothing recorded
game-xvfb: nothing recorded
game-offscreen: pid 33824 stopped
services: 4, stopped: 4
=== GO ===
=== NO-GO: the launcher never reached ready ===

-- desktop[window] · exit=1 · 323.47 s
game-offscreen: not ready within 90s (log C:\Users\YohanBelanger\AppData\Local\Temp\pb-redarm-10grc9ya\arm1\milestones\m0\logs\M0-D15.launch.game-offscreen.log)
game-offscreen: pid 16208 stopped
game-offscreen: log C:\Users\YohanBelanger\AppData\Local\Temp\pb-redarm-10grc9ya\arm1\milestones\m0\logs\M0-D15.launch.game-offscreen.log
services: 1, ready: 0, failures: 1
FAIL game-offscreen: not ready within 90s (log C:\Users\YohanBelanger\AppData\Local\Temp\pb-redarm-10grc9ya\arm1\milestones\m0\logs\M0-D15.launch.game-offscreen.log)
=== NO-GO: launch.py smoke game-offscreen did not end GO ===

==== 2026-10-09T19:24:28-04:00 desktop · plant launcher-no-stop · a fresh scratch copy of the tree
planted launcher-no-stop: tests/plants/launcher-no-stop.patch -> start.sh, start.bat
== 2026-10-09T19:24:29-04:00 desktop[window] · task M0-D15 · box Laser2025-20 :: bash tests/smoke.sh {case}
== 2026-10-09T19:24:29-04:00 desktop[launcher] · task M0-D15 · box Laser2025-20 :: bash tests/smoke.sh {case}
-- desktop[launcher] · exit=1 · 139.92 s
game-offscreen: ready on http://127.0.0.1:47811/status, 1.2s (log C:\Users\YohanBelanger\AppData\Local\Temp\pb-redarm-10grc9ya\arm2\milestones\m0\logs\launcher.launch.game-offscreen.log)
services: 1, ready: 1
=== GO ===
Sandbox Reactions is running. Press Enter to close it.
=== NO-GO: the launcher exited 1 ===

-- desktop[window] · exit=0 · 142.73 s
game-offscreen: ready on http://127.0.0.1:47811/status, 0.9s (log C:\Users\YohanBelanger\AppData\Local\Temp\pb-redarm-10grc9ya\arm2\milestones\m0\logs\M0-D15.launch.game-offscreen.log)
game-offscreen: pid 33888 stopped
game-offscreen: log C:\Users\YohanBelanger\AppData\Local\Temp\pb-redarm-10grc9ya\arm2\milestones\m0\logs\M0-D15.launch.game-offscreen.log
services: 1, ready: 1, failures: 0
boot game-offscreen: built in 135 s, booted and checked in 7 s
=== GO ===

