==== 2026-10-09T12:48:53-04:00 boot · clean · a fresh scratch copy of the tree
== 2026-10-09T12:48:53-04:00 boot · task M0-D11 · box laserax-ai :: bash tests/smoke.sh headless-boot
-- boot · exit=0 · 40.43 s
headless-boot: ready - exit 0, 0.7s (log /tmp/pb-redarm-qeq9tcri/arm0/milestones/m0/logs/M0-D11.launch.headless-boot.log)
headless-boot: pid 3106377 not signalled - gone
headless-boot: log /tmp/pb-redarm-qeq9tcri/arm0/milestones/m0/logs/M0-D11.launch.headless-boot.log
services: 1, ready: 1, failures: 0
summary.json: 13 keys of §2.12.2, steps = 200
boot headless-boot: built in 39 s, booted and checked in 1 s
=== GO ===

==== 2026-10-09T12:49:33-04:00 boot · plant scene-refuse · a fresh scratch copy of the tree
planted scene-refuse: tests/plants/scene-refuse.patch -> crates/sr-engine/src/headless.rs
== 2026-10-09T12:49:33-04:00 boot · task M0-D11 · box laserax-ai :: bash tests/smoke.sh headless-boot
-- boot · exit=1 · 38.18 s
headless-boot: exited 4 (log /tmp/pb-redarm-qeq9tcri/arm1/milestones/m0/logs/M0-D11.launch.headless-boot.log)
headless-boot: pid 3138696 not signalled - gone
headless-boot: log /tmp/pb-redarm-qeq9tcri/arm1/milestones/m0/logs/M0-D11.launch.headless-boot.log
services: 1, ready: 0, failures: 1
FAIL headless-boot: exited 4 (log /tmp/pb-redarm-qeq9tcri/arm1/milestones/m0/logs/M0-D11.launch.headless-boot.log)
=== NO-GO: launch.py smoke headless-boot did not end GO ===

