== 2026-10-09T11:17:32-04:00 desktop[window] · task M0-T8d · box laserax-ai :: bash tests/smoke.sh {case}
== 2026-10-09T11:17:32-04:00 desktop[launcher] · task M0-T8d · box laserax-ai :: bash tests/smoke.sh {case}
-- desktop[launcher] · exit=0 · 3.85 s
game-xvfb: ready on http://127.0.0.1:47811/status, 0.5s (log /home/ybelanger/private/sandbox_reactions/milestones/m0/logs/launcher.launch.game-xvfb.log)
services: 1, ready: 1
=== GO ===
Sandbox Reactions is running. Press Enter to close it.
headless-boot: nothing recorded
game: nothing recorded
game-xvfb: pid 1885950 stopped; its X server :99, pid 1885933 stopped
game-offscreen: nothing recorded
services: 4, stopped: 4
=== GO ===
launcher game-xvfb: built in 1 s, started, stopped, nothing left running
=== GO ===

-- desktop[window] · exit=0 · 4.29 s
game-xvfb: ready on http://127.0.0.1:47811/status, 0.3s (log /home/ybelanger/private/sandbox_reactions/milestones/m0/logs/M0-T8d.launch.game-xvfb.log)
game-xvfb: pid 1886394 stopped; its X server :99, pid 1886386 stopped
game-xvfb: log /home/ybelanger/private/sandbox_reactions/milestones/m0/logs/M0-T8d.launch.game-xvfb.log
services: 1, ready: 1, failures: 0
boot game-xvfb: built in 1 s, booted and checked in 3 s
=== GO ===

