== 2026-10-10T09:04:54-04:00 desktop[window] · task M0-T10 · box Laser2025-20 :: bash tests/smoke.sh {case}
== 2026-10-10T09:04:55-04:00 desktop[launcher] · task M0-T10 · box Laser2025-20 :: bash tests/smoke.sh {case}
-- desktop[window] · exit=0 · 34.80 s
game-offscreen: ready on http://127.0.0.1:47811/status, 11.8s (log C:\workspace\sandbox_reactions\milestones\m0\logs\M0-T10.launch.game-offscreen.log)
game-offscreen: pid 25056 stopped
game-offscreen: log C:\workspace\sandbox_reactions\milestones\m0\logs\M0-T10.launch.game-offscreen.log
services: 1, ready: 1, failures: 0
boot game-offscreen: built in 5 s, booted and checked in 28 s
=== GO ===

-- desktop[launcher] · exit=0 · 43.09 s
game-offscreen: ready on http://127.0.0.1:47811/status, 2.8s (log C:\workspace\sandbox_reactions\milestones\m0\logs\launcher.launch.game-offscreen.log)
services: 1, ready: 1
=== GO ===
Sandbox Reactions is running. Press Enter to close it.
headless-boot: nothing recorded
game: nothing recorded
game-xvfb: nothing recorded
game-offscreen: pid 33692 stopped
services: 4, stopped: 4
=== GO ===
launcher game-offscreen: built in 6 s, started, stopped, nothing left running
=== GO ===

