==== 2026-10-09T11:49:19-04:00 desktop · clean · a fresh scratch copy of the tree
== 2026-10-09T11:49:19-04:00 desktop[window] · task M0-TV1 · box laserax-ai :: bash tests/smoke.sh {case}
== 2026-10-09T11:49:19-04:00 desktop[launcher] · task M0-TV1 · box laserax-ai :: bash tests/smoke.sh {case}
-- desktop[launcher] · exit=0 · 27.49 s
game-xvfb: ready on http://127.0.0.1:47811/status, 0.3s (log /tmp/pb-redarm-wdq81fhi/arm0/milestones/m0/logs/launcher.launch.game-xvfb.log)
services: 1, ready: 1
=== GO ===
Sandbox Reactions is running. Press Enter to close it.
headless-boot: nothing recorded
game: nothing recorded
game-xvfb: pid 2458274 stopped; its X server :99, pid 2458273 stopped
game-offscreen: nothing recorded
services: 4, stopped: 4
=== GO ===
launcher game-xvfb: built in 27 s, started, stopped, nothing left running
=== GO ===

-- desktop[window] · exit=0 · 27.90 s
game-xvfb: ready on http://127.0.0.1:47811/status, 0.3s (log /tmp/pb-redarm-wdq81fhi/arm0/milestones/m0/logs/M0-TV1.launch.game-xvfb.log)
game-xvfb: pid 2458397 stopped; its X server :99, pid 2458396 stopped
game-xvfb: log /tmp/pb-redarm-wdq81fhi/arm0/milestones/m0/logs/M0-TV1.launch.game-xvfb.log
services: 1, ready: 1, failures: 0
boot game-xvfb: built in 27 s, booted and checked in 1 s
=== GO ===

==== 2026-10-09T11:49:47-04:00 desktop · plant status-never-ready · a fresh scratch copy of the tree
planted status-never-ready: tests/plants/status-never-ready.patch -> crates/sr-app/src/desktop.rs
== 2026-10-09T11:49:47-04:00 desktop[window] · task M0-TV1 · box laserax-ai :: bash tests/smoke.sh {case}
== 2026-10-09T11:49:47-04:00 desktop[launcher] · task M0-TV1 · box laserax-ai :: bash tests/smoke.sh {case}
-- desktop[launcher] · exit=1 · 115.57 s
game-xvfb: not ready within 90s (log /tmp/pb-redarm-wdq81fhi/arm1/milestones/m0/logs/launcher.launch.game-xvfb.log)
services: 1, ready: 0
FAIL game-xvfb: not ready within 90s (log /tmp/pb-redarm-wdq81fhi/arm1/milestones/m0/logs/launcher.launch.game-xvfb.log)
=== NO-GO: 1 failure(s) ===
Sandbox Reactions is running. Press Enter to close it.
headless-boot: nothing recorded
game: nothing recorded
game-xvfb: pid 2464692 stopped; its X server :99, pid 2464691 stopped
game-offscreen: nothing recorded
services: 4, stopped: 4
=== GO ===
=== NO-GO: the launcher never reached ready ===

-- desktop[window] · exit=1 · 205.70 s
game-xvfb: not ready within 90s (log /tmp/pb-redarm-wdq81fhi/arm1/milestones/m0/logs/M0-TV1.launch.game-xvfb.log)
game-xvfb: pid 2469583 stopped; its X server :99, pid 2469582 stopped
game-xvfb: log /tmp/pb-redarm-wdq81fhi/arm1/milestones/m0/logs/M0-TV1.launch.game-xvfb.log
services: 1, ready: 0, failures: 1
FAIL game-xvfb: not ready within 90s (log /tmp/pb-redarm-wdq81fhi/arm1/milestones/m0/logs/M0-TV1.launch.game-xvfb.log)
=== NO-GO: launch.py smoke game-xvfb did not end GO ===

==== 2026-10-09T11:53:12-04:00 desktop · plant launcher-no-stop · a fresh scratch copy of the tree
planted launcher-no-stop: tests/plants/launcher-no-stop.patch -> start.sh
== 2026-10-09T11:53:12-04:00 desktop[window] · task M0-TV1 · box laserax-ai :: bash tests/smoke.sh {case}
== 2026-10-09T11:53:12-04:00 desktop[launcher] · task M0-TV1 · box laserax-ai :: bash tests/smoke.sh {case}
-- desktop[window] · exit=0 · 30.76 s
game-xvfb: ready on http://127.0.0.1:47811/status, 0.3s (log /tmp/pb-redarm-wdq81fhi/arm2/milestones/m0/logs/M0-TV1.launch.game-xvfb.log)
game-xvfb: pid 2488187 stopped; its X server :99, pid 2488186 stopped
game-xvfb: log /tmp/pb-redarm-wdq81fhi/arm2/milestones/m0/logs/M0-TV1.launch.game-xvfb.log
services: 1, ready: 1, failures: 0
boot game-xvfb: built in 31 s, booted and checked in 0 s
=== GO ===

-- desktop[launcher] · exit=1 · 31.27 s
game-xvfb: ready on http://127.0.0.1:47811/status, 0.3s (log /tmp/pb-redarm-wdq81fhi/arm2/milestones/m0/logs/launcher.launch.game-xvfb.log)
services: 1, ready: 1
=== GO ===
Sandbox Reactions is running. Press Enter to close it.
=== NO-GO: the launcher did not stop game-xvfb ===

