== 2026-10-10T16:12:47-04:00 desktop[window] · task M0-T21 · box Laser2025-20 :: bash tests/smoke.sh {case}
== 2026-10-10T16:12:51-04:00 desktop[launcher] · task M0-T21 · box Laser2025-20 :: bash tests/smoke.sh {case}
-- desktop[launcher] · exit=0 · 24.51 s
game-offscreen: ready on http://127.0.0.1:47811/status, 2.2s (log C:\workspace\sandbox_reactions\milestones\m0\logs\launcher.launch.game-offscreen.log)
services: 1, ready: 1
=== GO ===
Sandbox Reactions is running. Press Enter to close it.
headless-boot: nothing recorded
game: nothing recorded
game-xvfb: nothing recorded
game-offscreen: pid 29740 stopped
web: nothing recorded
services: 5, stopped: 5
=== GO ===
launcher game-offscreen: built in 3 s, started, stopped, nothing left running
=== GO ===

-- desktop[window] · exit=0 · 35.69 s
game-offscreen: ready on http://127.0.0.1:47811/status, 2.5s (log C:\workspace\sandbox_reactions\milestones\m0\logs\M0-T21.launch.game-offscreen.log)
game-offscreen: pid 33780 stopped
game-offscreen: log C:\workspace\sandbox_reactions\milestones\m0\logs\M0-T21.launch.game-offscreen.log
services: 1, ready: 1, failures: 0
boot game-offscreen: built in 6 s, booted and checked in 29 s
=== GO ===

