== 2026-10-10T16:18:01-04:00 boot · task M0-T21-linux · box laserax-ai :: bash tests/smoke.sh headless-boot
-- boot · exit=0 · 4.58 s
headless-boot: ready - exit 0, 1.9s (log /home/ybelanger/private/sandbox_reactions/milestones/m0/logs/M0-T21-linux.launch.headless-boot.log)
headless-boot: pid 3683429 not signalled - gone
headless-boot: log /home/ybelanger/private/sandbox_reactions/milestones/m0/logs/M0-T21-linux.launch.headless-boot.log
services: 1, ready: 1, failures: 0
summary.json: 13 keys of §2.12.2, steps = 200
--- summary.json (verbatim, as checked) ---
{
  "adapter": {
    "backend": "Vulkan",
    "driver": "NVIDIA",
    "name": "Quadro RTX 4000"
  },
  "events": [],
  "git": "695bbb9",
  "ledger": {
    "end": {},
    "start": {}
  },
  "objects": [],
  "scene": "preset:sun",
  "sim_time": 0.0,
  "steps": 200,
  "tool": "sandbox-reactions 0.0.0",
  "until": {
    "condition": "steps:200",
    "met": true
  },
  "version": 1,
  "wall_s": 0.232853934,
  "world": {
    "height": 400,
    "width": 600
  }
}

--- end summary.json ---
boot headless-boot: built in 0 s, booted and checked in 4 s
=== GO ===

