== 2026-10-10T15:22:24-04:00 desktop[window] · task M0-T19 · box Laser2025-20 :: bash tests/smoke.sh {case}
== 2026-10-10T15:22:28-04:00 desktop[launcher] · task M0-T19 · box Laser2025-20 :: bash tests/smoke.sh {case}
-- desktop[launcher] · exit=0 · 15.95 s
game-offscreen: ready on http://127.0.0.1:47811/status, 2.0s (log C:\workspace\sandbox_reactions\milestones\m0\logs\launcher.launch.game-offscreen.log)
services: 1, ready: 1
=== GO ===
Sandbox Reactions is running. Press Enter to close it.
headless-boot: nothing recorded
game: nothing recorded
game-xvfb: nothing recorded
game-offscreen: pid 40696 stopped
web: nothing recorded
services: 5, stopped: 5
=== GO ===
launcher game-offscreen: built in 2 s, started, stopped, nothing left running
=== GO ===

-- desktop[window] · exit=0 · 25.62 s
game-offscreen: ready on http://127.0.0.1:47811/status, 1.8s (log C:\workspace\sandbox_reactions\milestones\m0\logs\M0-T19.launch.game-offscreen.log)
game-offscreen: pid 40240 stopped
game-offscreen: log C:\workspace\sandbox_reactions\milestones\m0\logs\M0-T19.launch.game-offscreen.log
services: 1, ready: 1, failures: 0
boot game-offscreen: built in 4 s, booted and checked in 20 s
=== GO ===

