==== 2026-10-09T11:09:40-04:00 capture · clean · a fresh scratch copy of the tree
== 2026-10-09T11:09:40-04:00 capture[smoke] · task M0-T8c · box laserax-ai :: bash tests/capture/check.sh {case}
== 2026-10-09T11:09:40-04:00 capture[refuse] · task M0-T8c · box laserax-ai :: bash tests/capture/check.sh {case}
-- capture[refuse] · exit=0 · 44.34 s
capture refuse: a not-built action, an unknown action and a bad id each refused, exit 4
=== GO ===

-- capture[smoke] · exit=0 · 285.23 s
SR-ADAPTER name=llvmpipe (LLVM 20.1.2, 256 bits) backend=Vulkan driver=llvmpipe
SR-CAPTURE paused paused.png 1912x1048
SR-CAPTURE running running.png 1912x1048
SR-CAPTURE DONE 2 /tmp/tmp.1qiBGhNgqw
2 PNGs of (1912, 1048) with different pixels, captions.json valid
capture smoke: ok
=== GO ===

==== 2026-10-09T11:14:26-04:00 capture · plant capture-no-captions · a fresh scratch copy of the tree
planted capture-no-captions: tests/plants/capture-no-captions.patch -> crates/sr-app/src/capture.rs
== 2026-10-09T11:14:26-04:00 capture[smoke] · task M0-T8c · box laserax-ai :: bash tests/capture/check.sh {case}
== 2026-10-09T11:14:26-04:00 capture[refuse] · task M0-T8c · box laserax-ai :: bash tests/capture/check.sh {case}
-- capture[refuse] · exit=0 · 32.09 s
capture refuse: a not-built action, an unknown action and a bad id each refused, exit 4
=== GO ===

-- capture[smoke] · exit=1 · 33.13 s
SR-ADAPTER name=llvmpipe (LLVM 20.1.2, 256 bits) backend=Vulkan driver=llvmpipe
SR-CAPTURE paused paused.png 1846x1016
SR-CAPTURE running running.png 1846x1016
SR-CAPTURE DONE 2 /tmp/tmp.o0OxyZ6v3R
Traceback (most recent call last):
  File "<stdin>", line 3, in <module>
FileNotFoundError: [Errno 2] No such file or directory: '/tmp/tmp.o0OxyZ6v3R/captions.json'
=== NO-GO: the captures do not match §3.3 ===

