==== 2026-10-08T12:11:54-04:00 toolchain · clean · a fresh scratch copy of the tree
== 2026-10-08T12:11:54-04:00 toolchain[desktop] · task M0-TH · box laserax-ai :: bash tests/toolchain/check.sh {case}
== 2026-10-08T12:11:54-04:00 toolchain[wasm] · task M0-TH · box laserax-ai :: bash tests/toolchain/check.sh {case}
== 2026-10-08T12:11:54-04:00 toolchain[trunk] · task M0-TH · box laserax-ai :: bash tests/toolchain/check.sh {case}
-- toolchain[trunk] · exit=1 · 0.02 s
tests/toolchain/check.sh: line 41: /tmp/pb-redarm-_f1qor97/arm0/build/toolchain-trunk.log: No such file or directory
toolchain trunk: trunk build failed (build/toolchain-trunk.log)
=== NO-GO: trunk build failed (build/toolchain-trunk.log) ===

-- toolchain[desktop] · exit=0 · 0.11 s
toolchain desktop: rustc 1.99.0 (b940084d7 2026-09-28) built and ran the one-file program
=== GO ===

-- toolchain[wasm] · exit=0 · 3.52 s
toolchain wasm: wasm32-unknown-unknown module built (2651641 bytes)
=== GO ===

==== 2026-10-08T12:12:09-04:00 toolchain · clean · a fresh scratch copy of the tree
== 2026-10-08T12:12:09-04:00 toolchain[desktop] · task M0-TH · box laserax-ai :: bash tests/toolchain/check.sh {case}
== 2026-10-08T12:12:09-04:00 toolchain[wasm] · task M0-TH · box laserax-ai :: bash tests/toolchain/check.sh {case}
== 2026-10-08T12:12:09-04:00 toolchain[trunk] · task M0-TH · box laserax-ai :: bash tests/toolchain/check.sh {case}
-- toolchain[desktop] · exit=0 · 0.12 s
toolchain desktop: rustc 1.99.0 (b940084d7 2026-09-28) built and ran the one-file program
=== GO ===

-- toolchain[wasm] · exit=0 · 3.52 s
toolchain wasm: wasm32-unknown-unknown module built (2651641 bytes)
=== GO ===

-- toolchain[trunk] · exit=0 · 3.58 s
toolchain trunk: trunk 0.21.14 built the page
=== GO ===

==== 2026-10-08T12:12:13-04:00 toolchain · plant toolchain-compiler · a fresh scratch copy of the tree
planted toolchain-compiler: tests/plants/toolchain-compiler.patch -> tests/toolchain/check.sh
== 2026-10-08T12:12:13-04:00 toolchain[desktop] · task M0-TH · box laserax-ai :: bash tests/toolchain/check.sh {case}
== 2026-10-08T12:12:13-04:00 toolchain[wasm] · task M0-TH · box laserax-ai :: bash tests/toolchain/check.sh {case}
== 2026-10-08T12:12:13-04:00 toolchain[trunk] · task M0-TH · box laserax-ai :: bash tests/toolchain/check.sh {case}
-- toolchain[desktop] · exit=1 · 0.00 s
toolchain desktop: carg0 not found on PATH (~/.cargo/bin is off the PATH — Hazards)
=== NO-GO: carg0 not found on PATH (~/.cargo/bin is off the PATH — Hazards) ===

-- toolchain[wasm] · exit=1 · 0.00 s
toolchain wasm: carg0 not found on PATH (~/.cargo/bin is off the PATH — Hazards)
=== NO-GO: carg0 not found on PATH (~/.cargo/bin is off the PATH — Hazards) ===

-- toolchain[trunk] · exit=1 · 0.00 s
toolchain trunk: carg0 not found on PATH (~/.cargo/bin is off the PATH — Hazards)
=== NO-GO: carg0 not found on PATH (~/.cargo/bin is off the PATH — Hazards) ===

==== 2026-10-08T12:12:13-04:00 toolchain · plant toolchain-web-target · a fresh scratch copy of the tree
planted toolchain-web-target: tests/plants/toolchain-web-target.patch -> tests/toolchain/check.sh
== 2026-10-08T12:12:13-04:00 toolchain[desktop] · task M0-TH · box laserax-ai :: bash tests/toolchain/check.sh {case}
== 2026-10-08T12:12:13-04:00 toolchain[wasm] · task M0-TH · box laserax-ai :: bash tests/toolchain/check.sh {case}
== 2026-10-08T12:12:13-04:00 toolchain[trunk] · task M0-TH · box laserax-ai :: bash tests/toolchain/check.sh {case}
-- toolchain[wasm] · exit=1 · 0.06 s
toolchain wasm: cargo build --target wasm32-unknown-unknwn failed
=== NO-GO: cargo build --target wasm32-unknown-unknwn failed ===

-- toolchain[desktop] · exit=0 · 0.11 s
toolchain desktop: rustc 1.99.0 (b940084d7 2026-09-28) built and ran the one-file program
=== GO ===

-- toolchain[trunk] · exit=0 · 3.52 s
toolchain trunk: trunk 0.21.14 built the page
=== GO ===

==== 2026-10-08T12:12:16-04:00 toolchain · plant toolchain-trunk · a fresh scratch copy of the tree
planted toolchain-trunk: tests/plants/toolchain-trunk.patch -> tests/toolchain/check.sh
== 2026-10-08T12:12:16-04:00 toolchain[desktop] · task M0-TH · box laserax-ai :: bash tests/toolchain/check.sh {case}
== 2026-10-08T12:12:16-04:00 toolchain[wasm] · task M0-TH · box laserax-ai :: bash tests/toolchain/check.sh {case}
== 2026-10-08T12:12:16-04:00 toolchain[trunk] · task M0-TH · box laserax-ai :: bash tests/toolchain/check.sh {case}
-- toolchain[trunk] · exit=1 · 0.00 s
toolchain trunk: trunc not found on PATH
=== NO-GO: trunc not found on PATH ===

-- toolchain[wasm] · exit=0 · 3.48 s
toolchain wasm: wasm32-unknown-unknown module built (2651641 bytes)
=== GO ===

-- toolchain[desktop] · exit=0 · 3.53 s
toolchain desktop: rustc 1.99.0 (b940084d7 2026-09-28) built and ran the one-file program
=== GO ===

==== 2026-10-08T12:15:21-04:00 toolchain · clean · a fresh scratch copy of the tree
== 2026-10-08T12:15:21-04:00 toolchain[desktop] · task M0-TH · box laserax-ai :: bash tests/toolchain/check.sh {case}
== 2026-10-08T12:15:21-04:00 toolchain[wasm] · task M0-TH · box laserax-ai :: bash tests/toolchain/check.sh {case}
== 2026-10-08T12:15:21-04:00 toolchain[trunk] · task M0-TH · box laserax-ai :: bash tests/toolchain/check.sh {case}
-- toolchain[desktop] · exit=0 · 0.12 s
toolchain desktop: rustc 1.99.0 (b940084d7 2026-09-28) built and ran the one-file program
=== GO ===

-- toolchain[wasm] · exit=0 · 3.62 s
toolchain wasm: wasm32-unknown-unknown module built (2651641 bytes)
=== GO ===

-- toolchain[trunk] · exit=0 · 3.62 s
toolchain trunk: trunk 0.21.14 built the page
=== GO ===

==== 2026-10-08T12:15:25-04:00 toolchain · plant toolchain-compiler · a fresh scratch copy of the tree
planted toolchain-compiler: tests/plants/toolchain-compiler.patch -> tests/toolchain/check.sh
== 2026-10-08T12:15:25-04:00 toolchain[desktop] · task M0-TH · box laserax-ai :: bash tests/toolchain/check.sh {case}
== 2026-10-08T12:15:25-04:00 toolchain[wasm] · task M0-TH · box laserax-ai :: bash tests/toolchain/check.sh {case}
== 2026-10-08T12:15:25-04:00 toolchain[trunk] · task M0-TH · box laserax-ai :: bash tests/toolchain/check.sh {case}
-- toolchain[desktop] · exit=1 · 0.00 s
toolchain desktop: carg0 not found on PATH (~/.cargo/bin is put first here; is Rust installed?)
=== NO-GO: carg0 not found on PATH (~/.cargo/bin is put first here; is Rust installed?) ===

-- toolchain[wasm] · exit=1 · 0.00 s
toolchain wasm: carg0 not found on PATH (~/.cargo/bin is put first here; is Rust installed?)
=== NO-GO: carg0 not found on PATH (~/.cargo/bin is put first here; is Rust installed?) ===

-- toolchain[trunk] · exit=1 · 0.00 s
toolchain trunk: carg0 not found on PATH (~/.cargo/bin is put first here; is Rust installed?)
=== NO-GO: carg0 not found on PATH (~/.cargo/bin is put first here; is Rust installed?) ===

==== 2026-10-08T12:15:25-04:00 toolchain · plant toolchain-web-target · a fresh scratch copy of the tree
planted toolchain-web-target: tests/plants/toolchain-web-target.patch -> tests/toolchain/check.sh
== 2026-10-08T12:15:25-04:00 toolchain[desktop] · task M0-TH · box laserax-ai :: bash tests/toolchain/check.sh {case}
== 2026-10-08T12:15:25-04:00 toolchain[wasm] · task M0-TH · box laserax-ai :: bash tests/toolchain/check.sh {case}
== 2026-10-08T12:15:25-04:00 toolchain[trunk] · task M0-TH · box laserax-ai :: bash tests/toolchain/check.sh {case}
-- toolchain[wasm] · exit=1 · 0.06 s
toolchain wasm: cargo build --target wasm32-unknown-unknwn failed
=== NO-GO: cargo build --target wasm32-unknown-unknwn failed ===

-- toolchain[desktop] · exit=0 · 0.11 s
toolchain desktop: rustc 1.99.0 (b940084d7 2026-09-28) built and ran the one-file program
=== GO ===

-- toolchain[trunk] · exit=0 · 3.67 s
toolchain trunk: trunk 0.21.14 built the page
=== GO ===

==== 2026-10-08T12:15:28-04:00 toolchain · plant toolchain-trunk · a fresh scratch copy of the tree
planted toolchain-trunk: tests/plants/toolchain-trunk.patch -> tests/toolchain/check.sh
== 2026-10-08T12:15:28-04:00 toolchain[desktop] · task M0-TH · box laserax-ai :: bash tests/toolchain/check.sh {case}
== 2026-10-08T12:15:28-04:00 toolchain[wasm] · task M0-TH · box laserax-ai :: bash tests/toolchain/check.sh {case}
== 2026-10-08T12:15:28-04:00 toolchain[trunk] · task M0-TH · box laserax-ai :: bash tests/toolchain/check.sh {case}
-- toolchain[trunk] · exit=1 · 0.00 s
toolchain trunk: trunc not found on PATH
=== NO-GO: trunc not found on PATH ===

-- toolchain[wasm] · exit=0 · 3.63 s
toolchain wasm: wasm32-unknown-unknown module built (2651641 bytes)
=== GO ===

-- toolchain[desktop] · exit=0 · 3.68 s
toolchain desktop: rustc 1.99.0 (b940084d7 2026-09-28) built and ran the one-file program
=== GO ===

