==== 2026-10-09T11:18:50-04:00 capture · clean · a fresh scratch copy of the tree
== 2026-10-09T11:18:50-04:00 capture[smoke] · task M0-T8d · box laserax-ai :: bash tests/capture/check.sh {case}
== 2026-10-09T11:18:50-04:00 capture[refuse] · task M0-T8d · box laserax-ai :: bash tests/capture/check.sh {case}
-- capture[refuse] · exit=0 · 33.16 s
capture refuse: a not-built action, an unknown action and a bad id each refused, exit 4
=== GO ===

-- capture[smoke] · exit=0 · 33.92 s
SR-ADAPTER name=llvmpipe (LLVM 20.1.2, 256 bits) backend=Vulkan driver=llvmpipe
SR-CAPTURE paused paused.png 1846x1016
SR-CAPTURE running running.png 1846x1016
SR-CAPTURE DONE 2 /tmp/tmp.afaMSFyX3X
2 PNGs of (1846, 1016) with different pixels, captions.json valid
capture smoke: ok
=== GO ===

==== 2026-10-09T11:19:24-04:00 capture · plant capture-no-captions · a fresh scratch copy of the tree
planted capture-no-captions: tests/plants/capture-no-captions.patch -> crates/sr-app/src/capture.rs
== 2026-10-09T11:19:24-04:00 capture[smoke] · task M0-T8d · box laserax-ai :: bash tests/capture/check.sh {case}
== 2026-10-09T11:19:24-04:00 capture[refuse] · task M0-T8d · box laserax-ai :: bash tests/capture/check.sh {case}
-- capture[refuse] · exit=0 · 30.97 s
capture refuse: a not-built action, an unknown action and a bad id each refused, exit 4
=== GO ===

-- capture[smoke] · exit=1 · 31.78 s
SR-ADAPTER name=llvmpipe (LLVM 20.1.2, 256 bits) backend=Vulkan driver=llvmpipe
SR-CAPTURE paused paused.png 1846x1016
SR-CAPTURE running running.png 1846x1016
SR-CAPTURE DONE 2 /tmp/tmp.KqlxdSwlXA
Traceback (most recent call last):
  File "<stdin>", line 3, in <module>
FileNotFoundError: [Errno 2] No such file or directory: '/tmp/tmp.KqlxdSwlXA/captions.json'
=== NO-GO: the captures do not match §3.3 ===

