==== 2026-10-09T11:48:25-04:00 capture · clean · a fresh scratch copy of the tree
== 2026-10-09T11:48:25-04:00 capture[smoke] · task M0-TV1 · box laserax-ai :: bash tests/capture/check.sh {case}
== 2026-10-09T11:48:25-04:00 capture[refuse] · task M0-TV1 · box laserax-ai :: bash tests/capture/check.sh {case}
-- capture[refuse] · exit=0 · 26.26 s
capture refuse: a not-built action, an unknown action and a bad id each refused, exit 4
=== GO ===

-- capture[smoke] · exit=0 · 26.78 s
SR-ADAPTER name=llvmpipe (LLVM 20.1.2, 256 bits) backend=Vulkan driver=llvmpipe
SR-CAPTURE paused paused.png 1760x940
SR-CAPTURE running running.png 1760x940
SR-CAPTURE DONE 2 /tmp/tmp.3lcBDdZjql
2 PNGs of (1760, 940) with different pixels, captions.json valid
capture smoke: ok
=== GO ===

==== 2026-10-09T11:48:52-04:00 capture · plant capture-no-captions · a fresh scratch copy of the tree
planted capture-no-captions: tests/plants/capture-no-captions.patch -> crates/sr-app/src/capture.rs
== 2026-10-09T11:48:52-04:00 capture[smoke] · task M0-TV1 · box laserax-ai :: bash tests/capture/check.sh {case}
== 2026-10-09T11:48:52-04:00 capture[refuse] · task M0-TV1 · box laserax-ai :: bash tests/capture/check.sh {case}
-- capture[refuse] · exit=0 · 26.09 s
capture refuse: a not-built action, an unknown action and a bad id each refused, exit 4
=== GO ===

-- capture[smoke] · exit=1 · 26.62 s
SR-ADAPTER name=llvmpipe (LLVM 20.1.2, 256 bits) backend=Vulkan driver=llvmpipe
SR-CAPTURE paused paused.png 1760x940
SR-CAPTURE running running.png 1760x940
SR-CAPTURE DONE 2 /tmp/tmp.y7v3C4hRQe
Traceback (most recent call last):
  File "<stdin>", line 3, in <module>
FileNotFoundError: [Errno 2] No such file or directory: '/tmp/tmp.y7v3C4hRQe/captions.json'
=== NO-GO: the captures do not match §3.3 ===

