==== 2026-10-09T10:28:58-04:00 desktop · clean · a fresh scratch copy of the tree
== 2026-10-09T10:28:58-04:00 desktop[window] · task M0-T6c · box laserax-ai :: bash tests/smoke.sh {case}
== 2026-10-09T10:28:58-04:00 desktop[launcher] · task M0-T6c · box laserax-ai :: bash tests/smoke.sh {case}
-- desktop[window] · exit=0 · 30.26 s
game-xvfb: ready on http://127.0.0.1:47811/status, 0.3s (log /tmp/pb-redarm-4nu5q9q0/arm0/milestones/m0/logs/M0-T6c.launch.game-xvfb.log)
game-xvfb: pid 1248007 stopped; its X server :99, pid 1248006 stopped
game-xvfb: log /tmp/pb-redarm-4nu5q9q0/arm0/milestones/m0/logs/M0-T6c.launch.game-xvfb.log
services: 1, ready: 1, failures: 0
boot game-xvfb: built in 30 s, booted and checked in 0 s
=== GO ===

-- desktop[launcher] · exit=0 · 30.77 s
game-xvfb: ready on http://127.0.0.1:47811/status, 0.3s (log /tmp/pb-redarm-4nu5q9q0/arm0/milestones/m0/logs/launcher.launch.game-xvfb.log)
services: 1, ready: 1
=== GO ===
Sandbox Reactions is running. Press Enter to close it.
headless-boot: nothing recorded
game: nothing recorded
game-xvfb: pid 1248182 stopped; its X server :99, pid 1248181 stopped
game-offscreen: nothing recorded
services: 4, stopped: 4
=== GO ===
launcher game-xvfb: built in 30 s, started, stopped, nothing left running
=== GO ===

==== 2026-10-09T10:29:29-04:00 desktop · plant status-never-ready · a fresh scratch copy of the tree
planted status-never-ready: tests/plants/status-never-ready.patch -> crates/sr-app/src/desktop.rs
== 2026-10-09T10:29:29-04:00 desktop[window] · task M0-T6c · box laserax-ai :: bash tests/smoke.sh {case}
== 2026-10-09T10:29:29-04:00 desktop[launcher] · task M0-T6c · box laserax-ai :: bash tests/smoke.sh {case}
-- desktop[launcher] · exit=1 · 122.49 s
game-xvfb: not ready within 90s (log /tmp/pb-redarm-4nu5q9q0/arm1/milestones/m0/logs/launcher.launch.game-xvfb.log)
services: 1, ready: 0
FAIL game-xvfb: not ready within 90s (log /tmp/pb-redarm-4nu5q9q0/arm1/milestones/m0/logs/launcher.launch.game-xvfb.log)
=== NO-GO: 1 failure(s) ===
Sandbox Reactions is running. Press Enter to close it.
headless-boot: nothing recorded
game: nothing recorded
game-xvfb: pid 1256726 stopped; its X server :99, pid 1256723 stopped
game-offscreen: nothing recorded
services: 4, stopped: 4
=== GO ===
=== NO-GO: the launcher never reached ready ===

-- desktop[window] · exit=1 · 212.60 s
game-xvfb: not ready within 90s (log /tmp/pb-redarm-4nu5q9q0/arm1/milestones/m0/logs/M0-T6c.launch.game-xvfb.log)
game-xvfb: pid 1265953 stopped; its X server :99, pid 1265952 stopped
game-xvfb: log /tmp/pb-redarm-4nu5q9q0/arm1/milestones/m0/logs/M0-T6c.launch.game-xvfb.log
services: 1, ready: 0, failures: 1
FAIL game-xvfb: not ready within 90s (log /tmp/pb-redarm-4nu5q9q0/arm1/milestones/m0/logs/M0-T6c.launch.game-xvfb.log)
=== NO-GO: launch.py smoke game-xvfb did not end GO ===

==== 2026-10-09T10:33:01-04:00 desktop · plant launcher-no-stop · a fresh scratch copy of the tree
planted launcher-no-stop: tests/plants/launcher-no-stop.patch -> start.sh
== 2026-10-09T10:33:01-04:00 desktop[window] · task M0-T6c · box laserax-ai :: bash tests/smoke.sh {case}
== 2026-10-09T10:33:01-04:00 desktop[launcher] · task M0-T6c · box laserax-ai :: bash tests/smoke.sh {case}
-- desktop[window] · exit=0 · 27.40 s
game-xvfb: ready on http://127.0.0.1:47811/status, 0.3s (log /tmp/pb-redarm-4nu5q9q0/arm2/milestones/m0/logs/M0-T6c.launch.game-xvfb.log)
game-xvfb: pid 1286372 stopped; its X server :99, pid 1286371 stopped
game-xvfb: log /tmp/pb-redarm-4nu5q9q0/arm2/milestones/m0/logs/M0-T6c.launch.game-xvfb.log
services: 1, ready: 1, failures: 0
boot game-xvfb: built in 27 s, booted and checked in 1 s
=== GO ===

-- desktop[launcher] · exit=1 · 27.90 s
game-xvfb: ready on http://127.0.0.1:47811/status, 0.3s (log /tmp/pb-redarm-4nu5q9q0/arm2/milestones/m0/logs/launcher.launch.game-xvfb.log)
services: 1, ready: 1
=== GO ===
Sandbox Reactions is running. Press Enter to close it.
=== NO-GO: the launcher did not stop game-xvfb ===

