==== 2026-10-10T15:19:42-04:00 floors · clean · a fresh scratch copy of the tree
== 2026-10-10T15:19:42-04:00 floors · task M0-T19 · box Laser2025-20 :: bash tests/gpu.sh floors physics
-- floors · exit=0 · 19.51 s
   Compiling sr-physics v0.0.0 (C:\Users\YohanBelanger\AppData\Local\Temp\pb-redarm-btqcy3vb\arm0\crates\sr-physics)
   Compiling sr-engine v0.0.0 (C:\Users\YohanBelanger\AppData\Local\Temp\pb-redarm-btqcy3vb\arm0\crates\sr-engine)
warning: fields `sigma`, `mom`, `mass_out`, and `energy_added` are never read
   --> crates\sr-engine\tests\gpu\floors.rs:280:5
    |
279 | struct Twin {
    |        ---- fields in this struct
280 |     sigma: f64,
    |     ^^^^^
281 |     mom: [f64; 2],
    |     ^^^
...
284 |     mass_out: f64,
    |     ^^^^^^^^
285 |     energy_added: f64,
    |     ^^^^^^^^^^^^
    |
    = note: `Twin` has a derived impl for the trait `Debug`, but this is intentionally ignored during dead code analysis
    = note: `#[warn(dead_code)]` (part of `#[warn(unused)]`) on by default

warning: `sr-engine` (test "gpu") generated 1 warning
    Finished `release` profile [optimized] target(s) in 13.10s
     Running tests\gpu\main.rs (C:/Users/YohanBelanger/.cache/sandbox-reactions/redarm-target\release\deps\gpu-74d6808ad45f7bb5.exe)

running 6 tests
test floors::booked_terms_equal_the_mass_and_energy_changed ... SR-ADAPTER name=NVIDIA GeForce RTX 4080 Laptop GPU backend=Vulkan driver=NVIDIA
vacuum_reset -1.2779251958193072e-1 (Σ fell by -1.2779251808082392e-1, Σ|ΔΣ| 1.2821747807846862e-1); floor_added 4.458972926948132e3 (E rose by 4.4589729275129475e3, Σ|ΔE| 4.9708424121932085e3); tol 1e-6
ok
test floors::cold_cells_rise_to_t_floor_and_hot_cells_stay_bit_identical ... SR-ADAPTER name=NVIDIA GeForce RTX 4080 Laptop GPU backend=Vulkan driver=NVIDIA
2048 cold cells floored: worst |E − twin|/E = 5.4105144680951325e-6 (tol 2e-5); 1024 hot cells bit-identical
ok
test floors::eos_helpers_equal_the_cpu_eos_with_the_cold_pairs_on_and_off ... SR-ADAPTER name=NVIDIA GeForce RTX 4080 Laptop GPU backend=Vulkan driver=NVIDIA
cold pairs on: 481 cases; worst relative error: 1/mu 6.3e-8, Y_e 4.1e-8, Z_met 5.0e-8, Pi_e 3.3e-7, Pi_n 2.4e-7, eps_cold 5.1e-6, Pi 2.6e-7, c^2 2.4e-7, T 1.3e-7
SR-ADAPTER name=NVIDIA GeForce RTX 4080 Laptop GPU backend=Vulkan driver=NVIDIA
cold pairs off: 481 cases; worst relative error: 1/mu 6.3e-8, Y_e 4.1e-8, Z_met 5.0e-8, Pi_e 0.0e0, Pi_n 0.0e0, eps_cold 0.0e0, Pi 5.4e-8, c^2 9.5e-8, T 1.3e-7
ok
test floors::p8_dispatches_the_floors_ahead_of_the_renormalisation ... SR-ADAPTER name=NVIDIA GeForce RTX 4080 Laptop GPU backend=Vulkan driver=NVIDIA
ok
test floors::species_renormalised_after_the_floors ... SR-ADAPTER name=NVIDIA GeForce RTX 4080 Laptop GPU backend=Vulkan driver=NVIDIA
4096 cells: worst |X − twin| = 6.865331247940532e-8; 1024 all-≤ 0 cells now pure hydrogen
ok
test floors::vacuum_cells_reset_to_the_floor_state ... SR-ADAPTER name=NVIDIA GeForce RTX 4080 Laptop GPU backend=Vulkan driver=NVIDIA
1024 vacuum cells reset: Σ = Σ_floor bit-exact, u = 0, worst |E − twin|/E = 3.584469000188277e-7 (tol 2e-5)
ok

test result: ok. 6 passed; 0 failed; 0 ignored; 0 measured; 20 filtered out; finished in 4.77s


==== 2026-10-10T15:20:03-04:00 floors · plant floors-no-cold-energy · a fresh scratch copy of the tree
planted floors-no-cold-energy: tests/plants/floors-no-cold-energy.patch -> crates/sr-engine/shaders/eos.wgsl
== 2026-10-10T15:20:04-04:00 floors · task M0-T19 · box Laser2025-20 :: bash tests/gpu.sh floors physics
-- floors · exit=101 · 13.64 s
   Compiling sr-physics v0.0.0 (C:\Users\YohanBelanger\AppData\Local\Temp\pb-redarm-btqcy3vb\arm1\crates\sr-physics)
   Compiling sr-engine v0.0.0 (C:\Users\YohanBelanger\AppData\Local\Temp\pb-redarm-btqcy3vb\arm1\crates\sr-engine)
warning: fields `sigma`, `mom`, `mass_out`, and `energy_added` are never read
   --> crates\sr-engine\tests\gpu\floors.rs:280:5
    |
279 | struct Twin {
    |        ---- fields in this struct
280 |     sigma: f64,
    |     ^^^^^
281 |     mom: [f64; 2],
    |     ^^^
...
284 |     mass_out: f64,
    |     ^^^^^^^^
285 |     energy_added: f64,
    |     ^^^^^^^^^^^^
    |
    = note: `Twin` has a derived impl for the trait `Debug`, but this is intentionally ignored during dead code analysis
    = note: `#[warn(dead_code)]` (part of `#[warn(unused)]`) on by default

warning: `sr-engine` (test "gpu") generated 1 warning
    Finished `release` profile [optimized] target(s) in 7.59s
     Running tests\gpu\main.rs (C:/Users/YohanBelanger/.cache/sandbox-reactions/redarm-target\release\deps\gpu-74d6808ad45f7bb5.exe)

running 6 tests
test floors::booked_terms_equal_the_mass_and_energy_changed ... SR-ADAPTER name=NVIDIA GeForce RTX 4080 Laptop GPU backend=Vulkan driver=NVIDIA
vacuum_reset -1.2779251958193072e-1 (Σ fell by -1.2779251808082392e-1, Σ|ΔΣ| 1.2821747807846862e-1); floor_added 1.2086195941927144e1 (E rose by 1.2086196506736618e1, Σ|ΔE| 5.239556811870041e2); tol 1e-6
ok
test floors::cold_cells_rise_to_t_floor_and_hot_cells_stay_bit_identical ... SR-ADAPTER name=NVIDIA GeForce RTX 4080 Laptop GPU backend=Vulkan driver=NVIDIA

thread 'floors::cold_cells_rise_to_t_floor_and_hot_cells_stay_bit_identical' (27984) panicked at crates\sr-engine\tests\gpu\floors.rs:492:13:
cell 2 (Cold): E 1.8601041e0, the twin's 1.9240162425595135e0
note: run with `RUST_BACKTRACE=1` environment variable to display a backtrace
FAILED
test floors::eos_helpers_equal_the_cpu_eos_with_the_cold_pairs_on_and_off ... SR-ADAPTER name=NVIDIA GeForce RTX 4080 Laptop GPU backend=Vulkan driver=NVIDIA
cold pairs on: 481 cases; worst relative error: 1/mu 6.3e-8, Y_e 4.1e-8, Z_met 5.0e-8, Pi_e 3.3e-7, Pi_n 2.4e-7, eps_cold 5.1e-6, Pi 2.6e-7, c^2 2.4e-7, T 1.3e-7
SR-ADAPTER name=NVIDIA GeForce RTX 4080 Laptop GPU backend=Vulkan driver=NVIDIA
cold pairs off: 481 cases; worst relative error: 1/mu 6.3e-8, Y_e 4.1e-8, Z_met 5.0e-8, Pi_e 0.0e0, Pi_n 0.0e0, eps_cold 0.0e0, Pi 5.4e-8, c^2 9.5e-8, T 1.3e-7
ok
test floors::p8_dispatches_the_floors_ahead_of_the_renormalisation ... SR-ADAPTER name=NVIDIA GeForce RTX 4080 Laptop GPU backend=Vulkan driver=NVIDIA
ok
test floors::species_renormalised_after_the_floors ... SR-ADAPTER name=NVIDIA GeForce RTX 4080 Laptop GPU backend=Vulkan driver=NVIDIA
4096 cells: worst |X − twin| = 6.865331247940532e-8; 1024 all-≤ 0 cells now pure hydrogen
ok
test floors::vacuum_cells_reset_to_the_floor_state ... SR-ADAPTER name=NVIDIA GeForce RTX 4080 Laptop GPU backend=Vulkan driver=NVIDIA
1024 vacuum cells reset: Σ = Σ_floor bit-exact, u = 0, worst |E − twin|/E = 3.584469000188277e-7 (tol 2e-5)
ok

failures:

failures:
    floors::cold_cells_rise_to_t_floor_and_hot_cells_stay_bit_identical

test result: FAILED. 5 passed; 1 failed; 0 ignored; 0 measured; 20 filtered out; finished in 4.21s

error: test failed, to rerun pass `-p sr-engine --test gpu`

==== 2026-10-10T15:23:53-04:00 floors · clean · a fresh scratch copy of the tree
== 2026-10-10T15:23:53-04:00 floors · task M0-T19 · box Laser2025-20 :: bash tests/gpu.sh floors physics
-- floors · exit=0 · 14.11 s
   Compiling sr-physics v0.0.0 (C:\Users\YohanBelanger\AppData\Local\Temp\pb-redarm-o0hbuz6e\arm0\crates\sr-physics)
   Compiling sr-engine v0.0.0 (C:\Users\YohanBelanger\AppData\Local\Temp\pb-redarm-o0hbuz6e\arm0\crates\sr-engine)
warning: fields `sigma`, `mom`, `mass_out`, and `energy_added` are never read
   --> crates\sr-engine\tests\gpu\floors.rs:280:5
    |
279 | struct Twin {
    |        ---- fields in this struct
280 |     sigma: f64,
    |     ^^^^^
281 |     mom: [f64; 2],
    |     ^^^
...
284 |     mass_out: f64,
    |     ^^^^^^^^
285 |     energy_added: f64,
    |     ^^^^^^^^^^^^
    |
    = note: `Twin` has a derived impl for the trait `Debug`, but this is intentionally ignored during dead code analysis
    = note: `#[warn(dead_code)]` (part of `#[warn(unused)]`) on by default

warning: `sr-engine` (test "gpu") generated 1 warning
    Finished `release` profile [optimized] target(s) in 8.66s
     Running tests\gpu\main.rs (C:/Users/YohanBelanger/.cache/sandbox-reactions/redarm-target\release\deps\gpu-74d6808ad45f7bb5.exe)

running 6 tests
test floors::booked_terms_equal_the_mass_and_energy_changed ... SR-ADAPTER name=NVIDIA GeForce RTX 4080 Laptop GPU backend=Vulkan driver=NVIDIA
vacuum_reset -1.2779251958193072e-1 (Σ fell by -1.2779251808082392e-1, Σ|ΔΣ| 1.2821747807846862e-1); floor_added 4.458972926948132e3 (E rose by 4.4589729275129475e3, Σ|ΔE| 4.9708424121932085e3); tol 1e-6
ok
test floors::cold_cells_rise_to_t_floor_and_hot_cells_stay_bit_identical ... SR-ADAPTER name=NVIDIA GeForce RTX 4080 Laptop GPU backend=Vulkan driver=NVIDIA
2048 cold cells floored: worst |E − twin|/E = 5.4105144680951325e-6 (tol 2e-5); 1024 hot cells bit-identical
ok
test floors::eos_helpers_equal_the_cpu_eos_with_the_cold_pairs_on_and_off ... SR-ADAPTER name=NVIDIA GeForce RTX 4080 Laptop GPU backend=Vulkan driver=NVIDIA
cold pairs on: 481 cases; worst relative error: 1/mu 6.3e-8, Y_e 4.1e-8, Z_met 5.0e-8, Pi_e 3.3e-7, Pi_n 2.4e-7, eps_cold 5.1e-6, Pi 2.6e-7, c^2 2.4e-7, T 1.3e-7
SR-ADAPTER name=NVIDIA GeForce RTX 4080 Laptop GPU backend=Vulkan driver=NVIDIA
cold pairs off: 481 cases; worst relative error: 1/mu 6.3e-8, Y_e 4.1e-8, Z_met 5.0e-8, Pi_e 0.0e0, Pi_n 0.0e0, eps_cold 0.0e0, Pi 5.4e-8, c^2 9.5e-8, T 1.3e-7
ok
test floors::p8_dispatches_the_floors_ahead_of_the_renormalisation ... SR-ADAPTER name=NVIDIA GeForce RTX 4080 Laptop GPU backend=Vulkan driver=NVIDIA
ok
test floors::species_renormalised_after_the_floors ... SR-ADAPTER name=NVIDIA GeForce RTX 4080 Laptop GPU backend=Vulkan driver=NVIDIA
4096 cells: worst |X − twin| = 6.865331247940532e-8; 1024 all-≤ 0 cells now pure hydrogen
ok
test floors::vacuum_cells_reset_to_the_floor_state ... SR-ADAPTER name=NVIDIA GeForce RTX 4080 Laptop GPU backend=Vulkan driver=NVIDIA
1024 vacuum cells reset: Σ = Σ_floor bit-exact, u = 0, worst |E − twin|/E = 3.584469000188277e-7 (tol 2e-5)
ok

test result: ok. 6 passed; 0 failed; 0 ignored; 0 measured; 20 filtered out; finished in 3.61s


==== 2026-10-10T15:24:08-04:00 floors · plant floors-no-cold-energy · a fresh scratch copy of the tree
planted floors-no-cold-energy: tests/plants/floors-no-cold-energy.patch -> crates/sr-engine/shaders/eos.wgsl
== 2026-10-10T15:24:09-04:00 floors · task M0-T19 · box Laser2025-20 :: bash tests/gpu.sh floors physics
-- floors · exit=101 · 21.17 s
   Compiling sr-physics v0.0.0 (C:\Users\YohanBelanger\AppData\Local\Temp\pb-redarm-o0hbuz6e\arm1\crates\sr-physics)
   Compiling sr-engine v0.0.0 (C:\Users\YohanBelanger\AppData\Local\Temp\pb-redarm-o0hbuz6e\arm1\crates\sr-engine)
warning: fields `sigma`, `mom`, `mass_out`, and `energy_added` are never read
   --> crates\sr-engine\tests\gpu\floors.rs:280:5
    |
279 | struct Twin {
    |        ---- fields in this struct
280 |     sigma: f64,
    |     ^^^^^
281 |     mom: [f64; 2],
    |     ^^^
...
284 |     mass_out: f64,
    |     ^^^^^^^^
285 |     energy_added: f64,
    |     ^^^^^^^^^^^^
    |
    = note: `Twin` has a derived impl for the trait `Debug`, but this is intentionally ignored during dead code analysis
    = note: `#[warn(dead_code)]` (part of `#[warn(unused)]`) on by default

warning: `sr-engine` (test "gpu") generated 1 warning
    Finished `release` profile [optimized] target(s) in 7.20s
     Running tests\gpu\main.rs (C:/Users/YohanBelanger/.cache/sandbox-reactions/redarm-target\release\deps\gpu-74d6808ad45f7bb5.exe)

running 6 tests
test floors::booked_terms_equal_the_mass_and_energy_changed ... SR-ADAPTER name=NVIDIA GeForce RTX 4080 Laptop GPU backend=Vulkan driver=NVIDIA
vacuum_reset -1.2779251958193072e-1 (Σ fell by -1.2779251808082392e-1, Σ|ΔΣ| 1.2821747807846862e-1); floor_added 1.2086195941927144e1 (E rose by 1.2086196506736618e1, Σ|ΔE| 5.239556811870041e2); tol 1e-6
ok
test floors::cold_cells_rise_to_t_floor_and_hot_cells_stay_bit_identical ... SR-ADAPTER name=NVIDIA GeForce RTX 4080 Laptop GPU backend=Vulkan driver=NVIDIA

thread 'floors::cold_cells_rise_to_t_floor_and_hot_cells_stay_bit_identical' (37504) panicked at crates\sr-engine\tests\gpu\floors.rs:492:13:
cell 2 (Cold): E 1.8601041e0, the twin's 1.9240162425595135e0
note: run with `RUST_BACKTRACE=1` environment variable to display a backtrace
FAILED
test floors::eos_helpers_equal_the_cpu_eos_with_the_cold_pairs_on_and_off ... SR-ADAPTER name=NVIDIA GeForce RTX 4080 Laptop GPU backend=Vulkan driver=NVIDIA
cold pairs on: 481 cases; worst relative error: 1/mu 6.3e-8, Y_e 4.1e-8, Z_met 5.0e-8, Pi_e 3.3e-7, Pi_n 2.4e-7, eps_cold 5.1e-6, Pi 2.6e-7, c^2 2.4e-7, T 1.3e-7
SR-ADAPTER name=NVIDIA GeForce RTX 4080 Laptop GPU backend=Vulkan driver=NVIDIA
cold pairs off: 481 cases; worst relative error: 1/mu 6.3e-8, Y_e 4.1e-8, Z_met 5.0e-8, Pi_e 0.0e0, Pi_n 0.0e0, eps_cold 0.0e0, Pi 5.4e-8, c^2 9.5e-8, T 1.3e-7
ok
test floors::p8_dispatches_the_floors_ahead_of_the_renormalisation ... SR-ADAPTER name=NVIDIA GeForce RTX 4080 Laptop GPU backend=Vulkan driver=NVIDIA
ok
test floors::species_renormalised_after_the_floors ... SR-ADAPTER name=NVIDIA GeForce RTX 4080 Laptop GPU backend=Vulkan driver=NVIDIA
4096 cells: worst |X − twin| = 6.865331247940532e-8; 1024 all-≤ 0 cells now pure hydrogen
ok
test floors::vacuum_cells_reset_to_the_floor_state ... SR-ADAPTER name=NVIDIA GeForce RTX 4080 Laptop GPU backend=Vulkan driver=NVIDIA
1024 vacuum cells reset: Σ = Σ_floor bit-exact, u = 0, worst |E − twin|/E = 3.584469000188277e-7 (tol 2e-5)
ok

failures:

failures:
    floors::cold_cells_rise_to_t_floor_and_hot_cells_stay_bit_identical

test result: FAILED. 5 passed; 1 failed; 0 ignored; 0 measured; 20 filtered out; finished in 11.15s

error: test failed, to rerun pass `-p sr-engine --test gpu`

