==== 2026-10-09T10:53:51-04:00 desktop · clean · a fresh scratch copy of the tree
== 2026-10-09T10:53:51-04:00 desktop[window] · task M0-T7 · box laserax-ai :: bash tests/smoke.sh {case}
== 2026-10-09T10:53:51-04:00 desktop[launcher] · task M0-T7 · box laserax-ai :: bash tests/smoke.sh {case}
-- desktop[launcher] · exit=0 · 28.42 s
game-xvfb: ready on http://127.0.0.1:47811/status, 0.5s (log /tmp/pb-redarm-7mxx16qp/arm0/milestones/m0/logs/launcher.launch.game-xvfb.log)
services: 1, ready: 1
=== GO ===
Sandbox Reactions is running. Press Enter to close it.
headless-boot: nothing recorded
game: nothing recorded
game-xvfb: pid 1455839 stopped; its X server :99, pid 1455838 stopped
game-offscreen: nothing recorded
services: 4, stopped: 4
=== GO ===
launcher game-xvfb: built in 28 s, started, stopped, nothing left running
=== GO ===

-- desktop[window] · exit=0 · 29.01 s
game-xvfb: ready on http://127.0.0.1:47811/status, 0.6s (log /tmp/pb-redarm-7mxx16qp/arm0/milestones/m0/logs/M0-T7.launch.game-xvfb.log)
game-xvfb: pid 1456104 stopped; its X server :99, pid 1456103 stopped
game-xvfb: log /tmp/pb-redarm-7mxx16qp/arm0/milestones/m0/logs/M0-T7.launch.game-xvfb.log
services: 1, ready: 1, failures: 0
boot game-xvfb: built in 28 s, booted and checked in 1 s
=== GO ===

==== 2026-10-09T10:54:20-04:00 desktop · plant status-never-ready · a fresh scratch copy of the tree
planted status-never-ready: tests/plants/status-never-ready.patch -> crates/sr-app/src/desktop.rs
== 2026-10-09T10:54:20-04:00 desktop[window] · task M0-T7 · box laserax-ai :: bash tests/smoke.sh {case}
== 2026-10-09T10:54:20-04:00 desktop[launcher] · task M0-T7 · box laserax-ai :: bash tests/smoke.sh {case}
-- desktop[launcher] · exit=1 · 117.71 s
game-xvfb: not ready within 90s (log /tmp/pb-redarm-7mxx16qp/arm1/milestones/m0/logs/launcher.launch.game-xvfb.log)
services: 1, ready: 0
FAIL game-xvfb: not ready within 90s (log /tmp/pb-redarm-7mxx16qp/arm1/milestones/m0/logs/launcher.launch.game-xvfb.log)
=== NO-GO: 1 failure(s) ===
Sandbox Reactions is running. Press Enter to close it.
headless-boot: nothing recorded
game: nothing recorded
game-xvfb: pid 1466971 stopped; its X server :99, pid 1466970 stopped
game-offscreen: nothing recorded
services: 4, stopped: 4
=== GO ===
=== NO-GO: the launcher never reached ready ===

-- desktop[window] · exit=1 · 207.85 s
game-xvfb: not ready within 90s (log /tmp/pb-redarm-7mxx16qp/arm1/milestones/m0/logs/M0-T7.launch.game-xvfb.log)
game-xvfb: pid 1481244 stopped; its X server :99, pid 1481243 stopped
game-xvfb: log /tmp/pb-redarm-7mxx16qp/arm1/milestones/m0/logs/M0-T7.launch.game-xvfb.log
services: 1, ready: 0, failures: 1
FAIL game-xvfb: not ready within 90s (log /tmp/pb-redarm-7mxx16qp/arm1/milestones/m0/logs/M0-T7.launch.game-xvfb.log)
=== NO-GO: launch.py smoke game-xvfb did not end GO ===

==== 2026-10-09T10:57:48-04:00 desktop · plant launcher-no-stop · a fresh scratch copy of the tree
planted launcher-no-stop: tests/plants/launcher-no-stop.patch -> start.sh
== 2026-10-09T10:57:48-04:00 desktop[window] · task M0-T7 · box laserax-ai :: bash tests/smoke.sh {case}
== 2026-10-09T10:57:48-04:00 desktop[launcher] · task M0-T7 · box laserax-ai :: bash tests/smoke.sh {case}
-- desktop[window] · exit=0 · 26.54 s
game-xvfb: ready on http://127.0.0.1:47811/status, 0.3s (log /tmp/pb-redarm-7mxx16qp/arm2/milestones/m0/logs/M0-T7.launch.game-xvfb.log)
game-xvfb: pid 1499461 stopped; its X server :99, pid 1499460 stopped
game-xvfb: log /tmp/pb-redarm-7mxx16qp/arm2/milestones/m0/logs/M0-T7.launch.game-xvfb.log
services: 1, ready: 1, failures: 0
boot game-xvfb: built in 26 s, booted and checked in 1 s
=== GO ===

-- desktop[launcher] · exit=1 · 27.03 s
game-xvfb: ready on http://127.0.0.1:47811/status, 0.3s (log /tmp/pb-redarm-7mxx16qp/arm2/milestones/m0/logs/launcher.launch.game-xvfb.log)
services: 1, ready: 1
=== GO ===
Sandbox Reactions is running. Press Enter to close it.
=== NO-GO: the launcher did not stop game-xvfb ===

