==== 2026-10-10T15:00:08-04:00 booking · clean · a fresh scratch copy of the tree
== 2026-10-10T15:00:09-04:00 booking · task M0-T18 · box Laser2025-20 :: bash tests/gpu.sh booking physics
-- booking · exit=0 · 18.67 s
   Compiling sr-engine v0.0.0 (C:\Users\YohanBelanger\AppData\Local\Temp\pb-redarm-33a0mg_1\arm0\crates\sr-engine)
    Finished `release` profile [optimized] target(s) in 13.02s
     Running tests\gpu\main.rs (C:/Users/YohanBelanger/.cache/sandbox-reactions/redarm-target\release\deps\gpu-2e58d81167947221.exe)

running 4 tests
test booking::every_terms_f64_total_equals_the_expected_total_over_16_steps ... SR-ADAPTER name=NVIDIA GeForce RTX 4080 Laptop GPU backend=Vulkan driver=NVIDIA
37 terms, 5548000 values, 16 steps: worst relative error 0e0 (tolerance 1e-9)
ok
test booking::the_clear_empties_every_term ... SR-ADAPTER name=NVIDIA GeForce RTX 4080 Laptop GPU backend=Vulkan driver=NVIDIA
ok
test booking::the_layout_names_every_term_and_accumulator_with_its_writer ... SR-ADAPTER name=NVIDIA GeForce RTX 4080 Laptop GPU backend=Vulkan driver=NVIDIA
ok
test booking::two_runs_are_bit_identical ... SR-ADAPTER name=NVIDIA GeForce RTX 4080 Laptop GPU backend=Vulkan driver=NVIDIA
ok

test result: ok. 4 passed; 0 failed; 0 ignored; 0 measured; 16 filtered out; finished in 3.25s


==== 2026-10-10T15:00:29-04:00 booking · plant booking-row-skip · a fresh scratch copy of the tree
planted booking-row-skip: tests/plants/booking-row-skip.patch -> crates/sr-engine/src/state.rs
== 2026-10-10T15:00:29-04:00 booking · task M0-T18 · box Laser2025-20 :: bash tests/gpu.sh booking physics
-- booking · exit=101 · 10.16 s
   Compiling sr-engine v0.0.0 (C:\Users\YohanBelanger\AppData\Local\Temp\pb-redarm-33a0mg_1\arm1\crates\sr-engine)
    Finished `release` profile [optimized] target(s) in 5.36s
     Running tests\gpu\main.rs (C:/Users/YohanBelanger/.cache/sandbox-reactions/redarm-target\release\deps\gpu-2e58d81167947221.exe)

running 4 tests
test booking::every_terms_f64_total_equals_the_expected_total_over_16_steps ... SR-ADAPTER name=NVIDIA GeForce RTX 4080 Laptop GPU backend=Vulkan driver=NVIDIA

thread 'booking::every_terms_f64_total_equals_the_expected_total_over_16_steps' (18416) panicked at crates\sr-engine\tests\gpu\booking.rs:164:9:
mass.painted (P0 edits): total 478800 , expected 480003.96875 (relative 2.5082474904016094e-3)
note: run with `RUST_BACKTRACE=1` environment variable to display a backtrace
FAILED
test booking::the_clear_empties_every_term ... SR-ADAPTER name=NVIDIA GeForce RTX 4080 Laptop GPU backend=Vulkan driver=NVIDIA
ok
test booking::the_layout_names_every_term_and_accumulator_with_its_writer ... SR-ADAPTER name=NVIDIA GeForce RTX 4080 Laptop GPU backend=Vulkan driver=NVIDIA
ok
test booking::two_runs_are_bit_identical ... SR-ADAPTER name=NVIDIA GeForce RTX 4080 Laptop GPU backend=Vulkan driver=NVIDIA
ok

failures:

failures:
    booking::every_terms_f64_total_equals_the_expected_total_over_16_steps

test result: FAILED. 3 passed; 1 failed; 0 ignored; 0 measured; 16 filtered out; finished in 3.12s

error: test failed, to rerun pass `-p sr-engine --test gpu`

==== 2026-10-10T15:04:49-04:00 booking · clean · a fresh scratch copy of the tree
== 2026-10-10T15:04:49-04:00 booking · task M0-T18 · box Laser2025-20 :: bash tests/gpu.sh booking physics
-- booking · exit=0 · 8.44 s
   Compiling sr-engine v0.0.0 (C:\Users\YohanBelanger\AppData\Local\Temp\pb-redarm-taooz9cl\arm0\crates\sr-engine)
    Finished `release` profile [optimized] target(s) in 5.12s
     Running tests\gpu\main.rs (C:/Users/YohanBelanger/.cache/sandbox-reactions/redarm-target\release\deps\gpu-2e58d81167947221.exe)

running 4 tests
test booking::every_terms_f64_total_equals_the_expected_total_over_16_steps ... SR-ADAPTER name=NVIDIA GeForce RTX 4080 Laptop GPU backend=Vulkan driver=NVIDIA
37 terms, 5548000 values, 16 steps: worst relative error 0e0 (tolerance 1e-9)
ok
test booking::the_clear_empties_every_term ... SR-ADAPTER name=NVIDIA GeForce RTX 4080 Laptop GPU backend=Vulkan driver=NVIDIA
ok
test booking::the_layout_names_every_term_and_accumulator_with_its_writer ... SR-ADAPTER name=NVIDIA GeForce RTX 4080 Laptop GPU backend=Vulkan driver=NVIDIA
ok
test booking::two_runs_are_bit_identical ... SR-ADAPTER name=NVIDIA GeForce RTX 4080 Laptop GPU backend=Vulkan driver=NVIDIA
ok

test result: ok. 4 passed; 0 failed; 0 ignored; 0 measured; 16 filtered out; finished in 1.98s


==== 2026-10-10T15:04:59-04:00 booking · plant booking-row-skip · a fresh scratch copy of the tree
planted booking-row-skip: tests/plants/booking-row-skip.patch -> crates/sr-engine/src/state.rs
== 2026-10-10T15:04:59-04:00 booking · task M0-T18 · box Laser2025-20 :: bash tests/gpu.sh booking physics
-- booking · exit=101 · 8.98 s
   Compiling sr-engine v0.0.0 (C:\Users\YohanBelanger\AppData\Local\Temp\pb-redarm-taooz9cl\arm1\crates\sr-engine)
    Finished `release` profile [optimized] target(s) in 5.76s
     Running tests\gpu\main.rs (C:/Users/YohanBelanger/.cache/sandbox-reactions/redarm-target\release\deps\gpu-2e58d81167947221.exe)

running 4 tests
test booking::every_terms_f64_total_equals_the_expected_total_over_16_steps ... SR-ADAPTER name=NVIDIA GeForce RTX 4080 Laptop GPU backend=Vulkan driver=NVIDIA

thread 'booking::every_terms_f64_total_equals_the_expected_total_over_16_steps' (34668) panicked at crates\sr-engine\tests\gpu\booking.rs:165:9:
mass.painted (P0 edits): total 478800, expected 480003.96875 (relative 2.5082474904016094e-3)
note: run with `RUST_BACKTRACE=1` environment variable to display a backtrace
FAILED
test booking::the_clear_empties_every_term ... SR-ADAPTER name=NVIDIA GeForce RTX 4080 Laptop GPU backend=Vulkan driver=NVIDIA
ok
test booking::the_layout_names_every_term_and_accumulator_with_its_writer ... SR-ADAPTER name=NVIDIA GeForce RTX 4080 Laptop GPU backend=Vulkan driver=NVIDIA
ok
test booking::two_runs_are_bit_identical ... SR-ADAPTER name=NVIDIA GeForce RTX 4080 Laptop GPU backend=Vulkan driver=NVIDIA
ok

failures:

failures:
    booking::every_terms_f64_total_equals_the_expected_total_over_16_steps

test result: FAILED. 3 passed; 1 failed; 0 ignored; 0 measured; 16 filtered out; finished in 2.08s

error: test failed, to rerun pass `-p sr-engine --test gpu`

