==== 2026-10-09T11:34:39-04:00 desktop · clean · a fresh scratch copy of the tree
== 2026-10-09T11:34:39-04:00 desktop[window] · task M0-T9 · box laserax-ai :: bash tests/smoke.sh {case}
== 2026-10-09T11:34:39-04:00 desktop[launcher] · task M0-T9 · box laserax-ai :: bash tests/smoke.sh {case}
-- desktop[window] · exit=0 · 48.09 s
game-xvfb: ready on http://127.0.0.1:47811/status, 0.4s (log /tmp/pb-redarm-1ljbstke/arm0/milestones/m0/logs/M0-T9.launch.game-xvfb.log)
game-xvfb: pid 2133321 stopped; its X server :99, pid 2133303 stopped
game-xvfb: log /tmp/pb-redarm-1ljbstke/arm0/milestones/m0/logs/M0-T9.launch.game-xvfb.log
services: 1, ready: 1, failures: 0
boot game-xvfb: built in 47 s, booted and checked in 1 s
=== GO ===

-- desktop[launcher] · exit=0 · 48.90 s
game-xvfb: ready on http://127.0.0.1:47811/status, 0.6s (log /tmp/pb-redarm-1ljbstke/arm0/milestones/m0/logs/launcher.launch.game-xvfb.log)
services: 1, ready: 1
=== GO ===
Sandbox Reactions is running. Press Enter to close it.
headless-boot: nothing recorded
game: nothing recorded
game-xvfb: pid 2134514 stopped; its X server :99, pid 2134475 stopped
game-offscreen: nothing recorded
services: 4, stopped: 4
=== GO ===
launcher game-xvfb: built in 47 s, started, stopped, nothing left running
=== GO ===

==== 2026-10-09T11:35:27-04:00 desktop · plant status-never-ready · a fresh scratch copy of the tree
planted status-never-ready: tests/plants/status-never-ready.patch -> crates/sr-app/src/desktop.rs
== 2026-10-09T11:35:27-04:00 desktop[window] · task M0-T9 · box laserax-ai :: bash tests/smoke.sh {case}
== 2026-10-09T11:35:27-04:00 desktop[launcher] · task M0-T9 · box laserax-ai :: bash tests/smoke.sh {case}
-- desktop[window] · exit=1 · 140.29 s
game-xvfb: not ready within 90s (log /tmp/pb-redarm-1ljbstke/arm1/milestones/m0/logs/M0-T9.launch.game-xvfb.log)
game-xvfb: pid 2186233 stopped; its X server :99, pid 2186220 stopped
game-xvfb: log /tmp/pb-redarm-1ljbstke/arm1/milestones/m0/logs/M0-T9.launch.game-xvfb.log
services: 1, ready: 0, failures: 1
FAIL game-xvfb: not ready within 90s (log /tmp/pb-redarm-1ljbstke/arm1/milestones/m0/logs/M0-T9.launch.game-xvfb.log)
=== NO-GO: launch.py smoke game-xvfb did not end GO ===

-- desktop[launcher] · exit=1 · 230.52 s
game-xvfb: not ready within 90s (log /tmp/pb-redarm-1ljbstke/arm1/milestones/m0/logs/launcher.launch.game-xvfb.log)
services: 1, ready: 0
FAIL game-xvfb: not ready within 90s (log /tmp/pb-redarm-1ljbstke/arm1/milestones/m0/logs/launcher.launch.game-xvfb.log)
=== NO-GO: 1 failure(s) ===
Sandbox Reactions is running. Press Enter to close it.
headless-boot: nothing recorded
game: nothing recorded
game-xvfb: pid 2244582 stopped; its X server :99, pid 2244575 stopped
game-offscreen: nothing recorded
services: 4, stopped: 4
=== GO ===
=== NO-GO: the launcher never reached ready ===

==== 2026-10-09T11:39:18-04:00 desktop · plant launcher-no-stop · a fresh scratch copy of the tree
planted launcher-no-stop: tests/plants/launcher-no-stop.patch -> start.sh
== 2026-10-09T11:39:18-04:00 desktop[window] · task M0-T9 · box laserax-ai :: bash tests/smoke.sh {case}
== 2026-10-09T11:39:18-04:00 desktop[launcher] · task M0-T9 · box laserax-ai :: bash tests/smoke.sh {case}
-- desktop[window] · exit=0 · 36.35 s
game-xvfb: ready on http://127.0.0.1:47811/status, 0.5s (log /tmp/pb-redarm-1ljbstke/arm2/milestones/m0/logs/M0-T9.launch.game-xvfb.log)
game-xvfb: pid 2355075 stopped; its X server :99, pid 2355055 stopped
game-xvfb: log /tmp/pb-redarm-1ljbstke/arm2/milestones/m0/logs/M0-T9.launch.game-xvfb.log
services: 1, ready: 1, failures: 0
boot game-xvfb: built in 36 s, booted and checked in 0 s
=== GO ===

-- desktop[launcher] · exit=1 · 37.11 s
game-xvfb: ready on http://127.0.0.1:47811/status, 0.6s (log /tmp/pb-redarm-1ljbstke/arm2/milestones/m0/logs/launcher.launch.game-xvfb.log)
services: 1, ready: 1
=== GO ===
Sandbox Reactions is running. Press Enter to close it.
=== NO-GO: the launcher did not stop game-xvfb ===

