==== 2026-10-09T11:06:53-04:00 desktop · clean · a fresh scratch copy of the tree
== 2026-10-09T11:06:53-04:00 desktop[window] · task M0-T8 · box laserax-ai :: bash tests/smoke.sh {case}
== 2026-10-09T11:06:53-04:00 desktop[launcher] · task M0-T8 · box laserax-ai :: bash tests/smoke.sh {case}
-- desktop[launcher] · exit=0 · 32.20 s
game-xvfb: ready on http://127.0.0.1:47811/status, 0.5s (log /tmp/pb-redarm-c1wtol4e/arm0/milestones/m0/logs/launcher.launch.game-xvfb.log)
services: 1, ready: 1
=== GO ===
Sandbox Reactions is running. Press Enter to close it.
headless-boot: nothing recorded
game: nothing recorded
game-xvfb: pid 1631878 stopped; its X server :99, pid 1631877 stopped
game-offscreen: nothing recorded
services: 4, stopped: 4
=== GO ===
launcher game-xvfb: built in 31 s, started, stopped, nothing left running
=== GO ===

-- desktop[window] · exit=0 · 32.85 s
game-xvfb: ready on http://127.0.0.1:47811/status, 0.5s (log /tmp/pb-redarm-c1wtol4e/arm0/milestones/m0/logs/M0-T8.launch.game-xvfb.log)
game-xvfb: pid 1632008 stopped; its X server :99, pid 1631996 stopped
game-xvfb: log /tmp/pb-redarm-c1wtol4e/arm0/milestones/m0/logs/M0-T8.launch.game-xvfb.log
services: 1, ready: 1, failures: 0
boot game-xvfb: built in 31 s, booted and checked in 2 s
=== GO ===

==== 2026-10-09T11:07:26-04:00 desktop · plant status-never-ready · a fresh scratch copy of the tree
==== 2026-10-09T11:07:26-04:00 desktop · plant launcher-no-stop · a fresh scratch copy of the tree
planted launcher-no-stop: tests/plants/launcher-no-stop.patch -> start.sh
== 2026-10-09T11:07:26-04:00 desktop[window] · task M0-T8 · box laserax-ai :: bash tests/smoke.sh {case}
== 2026-10-09T11:07:26-04:00 desktop[launcher] · task M0-T8 · box laserax-ai :: bash tests/smoke.sh {case}
-- desktop[window] · exit=0 · 29.10 s
game-xvfb: ready on http://127.0.0.1:47811/status, 0.3s (log /tmp/pb-redarm-c1wtol4e/arm2/milestones/m0/logs/M0-T8.launch.game-xvfb.log)
game-xvfb: pid 1638638 stopped; its X server :99, pid 1638637 stopped
game-xvfb: log /tmp/pb-redarm-c1wtol4e/arm2/milestones/m0/logs/M0-T8.launch.game-xvfb.log
services: 1, ready: 1, failures: 0
boot game-xvfb: built in 28 s, booted and checked in 1 s
=== GO ===

-- desktop[launcher] · exit=1 · 29.75 s
game-xvfb: ready on http://127.0.0.1:47811/status, 0.5s (log /tmp/pb-redarm-c1wtol4e/arm2/milestones/m0/logs/launcher.launch.game-xvfb.log)
services: 1, ready: 1
=== GO ===
Sandbox Reactions is running. Press Enter to close it.
=== NO-GO: the launcher did not stop game-xvfb ===

