==== 2026-10-09T10:21:38-04:00 desktop · clean · a fresh scratch copy of the tree
== 2026-10-09T10:21:38-04:00 desktop[window] · task M0-T6 · box laserax-ai :: bash tests/smoke.sh {case}
== 2026-10-09T10:21:38-04:00 desktop[launcher] · task M0-T6 · box laserax-ai :: bash tests/smoke.sh {case}
-- desktop[launcher] · exit=0 · 28.11 s
game-xvfb: ready on http://127.0.0.1:47811/status, 0.3s (log /tmp/pb-redarm-cfto_aoo/arm0/milestones/m0/logs/launcher.launch.game-xvfb.log)
services: 1, ready: 1
=== GO ===
Sandbox Reactions is running. Press Enter to close it.
headless-boot: nothing recorded
game: nothing recorded
game-xvfb: pid 1110197 stopped; its X server :99, pid 1110196 stopped
game-offscreen: nothing recorded
services: 4, stopped: 4
=== GO ===
launcher game-xvfb: built in 27 s, started, stopped, nothing left running
=== GO ===

-- desktop[window] · exit=0 · 28.54 s
game-xvfb: ready on http://127.0.0.1:47811/status, 0.3s (log /tmp/pb-redarm-cfto_aoo/arm0/milestones/m0/logs/M0-T6.launch.game-xvfb.log)
game-xvfb: pid 1110442 stopped; its X server :99, pid 1110441 stopped
game-xvfb: log /tmp/pb-redarm-cfto_aoo/arm0/milestones/m0/logs/M0-T6.launch.game-xvfb.log
services: 1, ready: 1, failures: 0
boot game-xvfb: built in 27 s, booted and checked in 1 s
=== GO ===

==== 2026-10-09T10:22:06-04:00 desktop · plant status-never-ready · a fresh scratch copy of the tree
planted status-never-ready: tests/plants/status-never-ready.patch -> crates/sr-app/src/desktop.rs
== 2026-10-09T10:22:06-04:00 desktop[window] · task M0-T6 · box laserax-ai :: bash tests/smoke.sh {case}
== 2026-10-09T10:22:06-04:00 desktop[launcher] · task M0-T6 · box laserax-ai :: bash tests/smoke.sh {case}
-- desktop[window] · exit=1 · 119.42 s
game-xvfb: not ready within 90s (log /tmp/pb-redarm-cfto_aoo/arm1/milestones/m0/logs/M0-T6.launch.game-xvfb.log)
game-xvfb: pid 1120598 stopped; its X server :99, pid 1120597 stopped
game-xvfb: log /tmp/pb-redarm-cfto_aoo/arm1/milestones/m0/logs/M0-T6.launch.game-xvfb.log
services: 1, ready: 0, failures: 1
FAIL game-xvfb: not ready within 90s (log /tmp/pb-redarm-cfto_aoo/arm1/milestones/m0/logs/M0-T6.launch.game-xvfb.log)
=== NO-GO: launch.py smoke game-xvfb did not end GO ===

-- desktop[launcher] · exit=1 · 209.61 s
game-xvfb: not ready within 90s (log /tmp/pb-redarm-cfto_aoo/arm1/milestones/m0/logs/launcher.launch.game-xvfb.log)
services: 1, ready: 0
FAIL game-xvfb: not ready within 90s (log /tmp/pb-redarm-cfto_aoo/arm1/milestones/m0/logs/launcher.launch.game-xvfb.log)
=== NO-GO: 1 failure(s) ===
Sandbox Reactions is running. Press Enter to close it.
headless-boot: nothing recorded
game: nothing recorded
game-xvfb: pid 1166100 stopped; its X server :99, pid 1166099 stopped
game-offscreen: nothing recorded
services: 4, stopped: 4
=== GO ===
=== NO-GO: the launcher never reached ready ===

==== 2026-10-09T10:25:36-04:00 desktop · plant launcher-no-stop · a fresh scratch copy of the tree
planted launcher-no-stop: tests/plants/launcher-no-stop.patch -> start.sh
== 2026-10-09T10:25:36-04:00 desktop[window] · task M0-T6 · box laserax-ai :: bash tests/smoke.sh {case}
== 2026-10-09T10:25:36-04:00 desktop[launcher] · task M0-T6 · box laserax-ai :: bash tests/smoke.sh {case}
-- desktop[window] · exit=0 · 28.49 s
game-xvfb: ready on http://127.0.0.1:47811/status, 0.3s (log /tmp/pb-redarm-cfto_aoo/arm2/milestones/m0/logs/M0-T6.launch.game-xvfb.log)
game-xvfb: pid 1190241 stopped; its X server :99, pid 1190240 stopped
game-xvfb: log /tmp/pb-redarm-cfto_aoo/arm2/milestones/m0/logs/M0-T6.launch.game-xvfb.log
services: 1, ready: 1, failures: 0
boot game-xvfb: built in 28 s, booted and checked in 0 s
=== GO ===

-- desktop[launcher] · exit=1 · 28.89 s
game-xvfb: ready on http://127.0.0.1:47811/status, 0.3s (log /tmp/pb-redarm-cfto_aoo/arm2/milestones/m0/logs/launcher.launch.game-xvfb.log)
services: 1, ready: 1
=== GO ===
Sandbox Reactions is running. Press Enter to close it.
=== NO-GO: the launcher did not stop game-xvfb ===

==== 2026-10-09T10:27:41-04:00 desktop · clean · a fresh scratch copy of the tree
== 2026-10-09T10:27:41-04:00 desktop[window] · task M0-T6 · box laserax-ai :: bash tests/smoke.sh {case}
== 2026-10-09T10:27:41-04:00 desktop[launcher] · task M0-T6 · box laserax-ai :: bash tests/smoke.sh {case}
-- desktop[launcher] · exit=1 · 31.67 s
game-xvfb: port 47811 held by a process we did not start - not reusing
services: 1, ready: 0
FAIL game-xvfb: port 47811 held by a process we did not start - not reusing
=== NO-GO: 1 failure(s) ===
Sandbox Reactions is running. Press Enter to close it.
headless-boot: nothing recorded
game: nothing recorded
game-xvfb: nothing recorded
game-offscreen: nothing recorded
services: 4, stopped: 4
=== GO ===
=== NO-GO: the launcher never reached ready ===

-- desktop[window] · exit=1 · 31.71 s
game-xvfb: port 47811 held by a process we did not start - not reusing
game-xvfb: log /tmp/pb-redarm-fi8mngn7/arm0/milestones/m0/logs/M0-T6.launch.game-xvfb.log
services: 1, ready: 0, failures: 1
FAIL game-xvfb: port 47811 held by a process we did not start - not reusing
=== NO-GO: launch.py smoke game-xvfb did not end GO ===

