==== 2026-10-09T10:34:38-04:00 desktop · clean · a fresh scratch copy of the tree
== 2026-10-09T10:34:38-04:00 desktop[window] · task M0-T6d · box laserax-ai :: bash tests/smoke.sh {case}
== 2026-10-09T10:34:38-04:00 desktop[launcher] · task M0-T6d · box laserax-ai :: bash tests/smoke.sh {case}
-- desktop[window] · exit=0 · 27.35 s
game-xvfb: ready on http://127.0.0.1:47811/status, 0.3s (log /tmp/pb-redarm-pg1c2d4d/arm0/milestones/m0/logs/M0-T6d.launch.game-xvfb.log)
game-xvfb: pid 1310375 stopped; its X server :99, pid 1310374 stopped
game-xvfb: log /tmp/pb-redarm-pg1c2d4d/arm0/milestones/m0/logs/M0-T6d.launch.game-xvfb.log
services: 1, ready: 1, failures: 0
boot game-xvfb: built in 26 s, booted and checked in 1 s
=== GO ===

-- desktop[launcher] · exit=0 · 27.88 s
game-xvfb: ready on http://127.0.0.1:47811/status, 0.3s (log /tmp/pb-redarm-pg1c2d4d/arm0/milestones/m0/logs/launcher.launch.game-xvfb.log)
services: 1, ready: 1
=== GO ===
Sandbox Reactions is running. Press Enter to close it.
headless-boot: nothing recorded
game: nothing recorded
game-xvfb: pid 1310464 stopped; its X server :99, pid 1310463 stopped
game-offscreen: nothing recorded
services: 4, stopped: 4
=== GO ===
launcher game-xvfb: built in 26 s, started, stopped, nothing left running
=== GO ===

==== 2026-10-09T10:35:05-04:00 desktop · plant status-never-ready · a fresh scratch copy of the tree
planted status-never-ready: tests/plants/status-never-ready.patch -> crates/sr-app/src/desktop.rs
== 2026-10-09T10:35:05-04:00 desktop[window] · task M0-T6d · box laserax-ai :: bash tests/smoke.sh {case}
== 2026-10-09T10:35:05-04:00 desktop[launcher] · task M0-T6d · box laserax-ai :: bash tests/smoke.sh {case}
-- desktop[window] · exit=1 · 116.40 s
game-xvfb: not ready within 90s (log /tmp/pb-redarm-pg1c2d4d/arm1/milestones/m0/logs/M0-T6d.launch.game-xvfb.log)
game-xvfb: pid 1317275 stopped; its X server :99, pid 1317274 stopped
game-xvfb: log /tmp/pb-redarm-pg1c2d4d/arm1/milestones/m0/logs/M0-T6d.launch.game-xvfb.log
services: 1, ready: 0, failures: 1
FAIL game-xvfb: not ready within 90s (log /tmp/pb-redarm-pg1c2d4d/arm1/milestones/m0/logs/M0-T6d.launch.game-xvfb.log)
=== NO-GO: launch.py smoke game-xvfb did not end GO ===

-- desktop[launcher] · exit=1 · 206.64 s
game-xvfb: not ready within 90s (log /tmp/pb-redarm-pg1c2d4d/arm1/milestones/m0/logs/launcher.launch.game-xvfb.log)
services: 1, ready: 0
FAIL game-xvfb: not ready within 90s (log /tmp/pb-redarm-pg1c2d4d/arm1/milestones/m0/logs/launcher.launch.game-xvfb.log)
=== NO-GO: 1 failure(s) ===
Sandbox Reactions is running. Press Enter to close it.
headless-boot: nothing recorded
game: nothing recorded
game-xvfb: pid 1324389 stopped; its X server :99, pid 1324388 stopped
game-offscreen: nothing recorded
services: 4, stopped: 4
=== GO ===
=== NO-GO: the launcher never reached ready ===

==== 2026-10-09T10:38:32-04:00 desktop · plant launcher-no-stop · a fresh scratch copy of the tree
planted launcher-no-stop: tests/plants/launcher-no-stop.patch -> start.sh
== 2026-10-09T10:38:32-04:00 desktop[window] · task M0-T6d · box laserax-ai :: bash tests/smoke.sh {case}
== 2026-10-09T10:38:32-04:00 desktop[launcher] · task M0-T6d · box laserax-ai :: bash tests/smoke.sh {case}
-- desktop[window] · exit=0 · 30.49 s
game-xvfb: ready on http://127.0.0.1:47811/status, 0.3s (log /tmp/pb-redarm-pg1c2d4d/arm2/milestones/m0/logs/M0-T6d.launch.game-xvfb.log)
game-xvfb: pid 1339385 stopped; its X server :99, pid 1339384 stopped
game-xvfb: log /tmp/pb-redarm-pg1c2d4d/arm2/milestones/m0/logs/M0-T6d.launch.game-xvfb.log
services: 1, ready: 1, failures: 0
boot game-xvfb: built in 30 s, booted and checked in 1 s
=== GO ===

-- desktop[launcher] · exit=1 · 31.00 s
game-xvfb: ready on http://127.0.0.1:47811/status, 0.3s (log /tmp/pb-redarm-pg1c2d4d/arm2/milestones/m0/logs/launcher.launch.game-xvfb.log)
services: 1, ready: 1
=== GO ===
Sandbox Reactions is running. Press Enter to close it.
=== NO-GO: the launcher did not stop game-xvfb ===

