== 2026-10-10T09:30:23-04:00 desktop[window] · task M0-T13 · box Laser2025-20 :: bash tests/smoke.sh {case}
== 2026-10-10T09:30:25-04:00 desktop[launcher] · task M0-T13 · box Laser2025-20 :: bash tests/smoke.sh {case}
-- desktop[launcher] · exit=0 · 18.39 s
game-offscreen: ready on http://127.0.0.1:47811/status, 1.6s (log C:\workspace\sandbox_reactions\milestones\m0\logs\launcher.launch.game-offscreen.log)
services: 1, ready: 1
=== GO ===
Sandbox Reactions is running. Press Enter to close it.
headless-boot: nothing recorded
game: nothing recorded
game-xvfb: nothing recorded
game-offscreen: pid 35680 stopped
services: 4, stopped: 4
=== GO ===
launcher game-offscreen: built in 3 s, started, stopped, nothing left running
=== GO ===

-- desktop[window] · exit=0 · 24.31 s
game-offscreen: ready on http://127.0.0.1:47811/status, 1.3s (log C:\workspace\sandbox_reactions\milestones\m0\logs\M0-T13.launch.game-offscreen.log)
game-offscreen: pid 21548 stopped
game-offscreen: log C:\workspace\sandbox_reactions\milestones\m0\logs\M0-T13.launch.game-offscreen.log
services: 1, ready: 1, failures: 0
boot game-offscreen: built in 6 s, booted and checked in 18 s
=== GO ===

