== 2026-10-10T09:47:42-04:00 eos · task M0-T14 · box Laser2025-20 :: bash tests/cpu.sh sr-physics eos
-- eos · exit=0 · 2.42 s
    Blocking waiting for file lock on package cache
    Blocking waiting for file lock on package cache
    Blocking waiting for file lock on package cache
    Blocking waiting for file lock on package cache
    Finished `release` profile [optimized] target(s) in 1.76s
     Running unittests src\lib.rs (build/target\release\deps\sr_physics-dfda0d2b393312b1.exe)

running 13 tests
test eos::tests::cold_pressure_limits ... ok
test eos::tests::low_end_is_finite ... ok
test eos::tests::table_geometry ... ok
test eos::tests::zero_k_means_no_cold_pressure ... ok
test eos::tests::gas_laws ... ok
test eos::tests::thermal_from_energy_and_the_floor ... ok
test eos::tests::pressure_log_slope_is_at_most_two ... ok
test eos::tests::shipped_pairs_are_the_contracts ... ok
test eos::tests::energy_limits ... ok
test eos::tests::table_nodes_equal_the_closed_form_integral ... ok
test eos::tests::closed_form_matches_quadrature ... ok
test eos::tests::monotone ... ok
test eos::tests::interpolation_between_nodes ... ok

test result: ok. 13 passed; 0 failed; 0 ignored; 0 measured; 29 filtered out; finished in 0.02s


