==== 2026-10-10T10:33:42-04:00 web · clean · a fresh scratch copy of the tree
== 2026-10-10T10:33:42-04:00 web[build] · task M0-T15-r3 · box Laser2025-20 :: bash tests/web/check.sh {case}
== 2026-10-10T10:33:42-04:00 web[ready] · task M0-T15-r3 · box Laser2025-20 :: bash tests/web/check.sh {case}
== 2026-10-10T10:33:42-04:00 web[no-webgpu] · task M0-T15-r3 · box Laser2025-20 :: bash tests/web/check.sh {case}
-- web[ready] · exit=0 · 46.36 s
web build: trunk 0.21.14, 4.1M wasm; check on line 37, wasm on line 47
web: ready on port 47812, 0.5s (log C:\Users\YohanBelanger\AppData\Local\Temp\pb-redarm-478m0wmk\arm0\milestones\m0\logs\M0-T15-r3.launch.web.log)
services: 1, ready: 1
web smoke ready: C:\Program Files\Google\Chrome\Application\chrome.exe (154.0.8037.99) on win32, flags --headless=new --enable-unsafe-webgpu, http://127.0.0.1:47812
SR-ADAPTER  (BrowserWebGpu, Other, driver )
SR-CHROME-ADAPTER vendor=nvidia architecture=lovelace device= description= fallback=false
ready: srState "ready" after 1.0 s
=== GO ===

-- web[build] · exit=0 · 81.39 s
web build: trunk 0.21.14, 4.1M wasm; check on line 37, wasm on line 47
=== GO ===

-- web[no-webgpu] · exit=0 · 92.00 s
web: ready on port 47812, 0.5s (log C:\Users\YohanBelanger\AppData\Local\Temp\pb-redarm-478m0wmk\arm0\milestones\m0\logs\M0-T15-r3.launch.web.log)
services: 1, ready: 1
web smoke no-webgpu: C:\Program Files\Google\Chrome\Application\chrome.exe (154.0.8037.99) on win32, flags --headless=new --enable-unsafe-webgpu, http://127.0.0.1:47812
SR-CHROME-ADAPTER vendor=nvidia architecture=lovelace device= description= fallback=false
no-webgpu: srState "no-webgpu" after 0.1 s, the three web.no_webgpu_* texts exact, no wasm fetched
=== GO ===

==== 2026-10-10T10:35:15-04:00 web · plant web-no-gpu-check · a fresh scratch copy of the tree
planted web-no-gpu-check: tests/plants/web-no-gpu-check.patch -> web/index.html
== 2026-10-10T10:35:16-04:00 web[build] · task M0-T15-r3 · box Laser2025-20 :: bash tests/web/check.sh {case}
== 2026-10-10T10:35:16-04:00 web[ready] · task M0-T15-r3 · box Laser2025-20 :: bash tests/web/check.sh {case}
== 2026-10-10T10:35:16-04:00 web[no-webgpu] · task M0-T15-r3 · box Laser2025-20 :: bash tests/web/check.sh {case}
-- web[ready] · exit=1 · 38.55 s
web ready: index.html has no navigator.gpu check
=== NO-GO: index.html has no navigator.gpu check ===

-- web[no-webgpu] · exit=1 · 75.02 s
web no-webgpu: index.html has no navigator.gpu check
=== NO-GO: index.html has no navigator.gpu check ===

-- web[build] · exit=1 · 110.69 s
web build: index.html has no navigator.gpu check
=== NO-GO: index.html has no navigator.gpu check ===

==== 2026-10-10T10:37:07-04:00 web · plant web-autoload · a fresh scratch copy of the tree
planted web-autoload: tests/plants/web-autoload.patch -> web/Trunk.toml
== 2026-10-10T10:37:08-04:00 web[build] · task M0-T15-r3 · box Laser2025-20 :: bash tests/web/check.sh {case}
== 2026-10-10T10:37:08-04:00 web[ready] · task M0-T15-r3 · box Laser2025-20 :: bash tests/web/check.sh {case}
== 2026-10-10T10:37:08-04:00 web[no-webgpu] · task M0-T15-r3 · box Laser2025-20 :: bash tests/web/check.sh {case}
-- web[build] · exit=1 · 34.50 s
web build: trunk's auto-loader or preload for the wasm is still in index.html
=== NO-GO: trunk's auto-loader or preload for the wasm is still in index.html ===

-- web[no-webgpu] · exit=1 · 63.45 s
web no-webgpu: trunk's auto-loader or preload for the wasm is still in index.html
=== NO-GO: trunk's auto-loader or preload for the wasm is still in index.html ===

-- web[ready] · exit=1 · 92.36 s
web ready: trunk's auto-loader or preload for the wasm is still in index.html
=== NO-GO: trunk's auto-loader or preload for the wasm is still in index.html ===

==== 2026-10-10T10:38:41-04:00 web · plant never-ready · a fresh scratch copy of the tree
planted never-ready: tests/plants/never-ready.patch -> crates/sr-app/src/web.rs
== 2026-10-10T10:38:41-04:00 web[build] · task M0-T15-r3 · box Laser2025-20 :: bash tests/web/check.sh {case}
== 2026-10-10T10:38:41-04:00 web[ready] · task M0-T15-r3 · box Laser2025-20 :: bash tests/web/check.sh {case}
== 2026-10-10T10:38:41-04:00 web[no-webgpu] · task M0-T15-r3 · box Laser2025-20 :: bash tests/web/check.sh {case}
-- web[no-webgpu] · exit=0 · 56.75 s
web build: trunk 0.21.14, 4.1M wasm; check on line 37, wasm on line 47
web: ready on port 47812, 0.5s (log C:\Users\YohanBelanger\AppData\Local\Temp\pb-redarm-478m0wmk\arm3\milestones\m0\logs\M0-T15-r3.launch.web.log)
services: 1, ready: 1
web smoke no-webgpu: C:\Program Files\Google\Chrome\Application\chrome.exe (154.0.8037.99) on win32, flags --headless=new --enable-unsafe-webgpu, http://127.0.0.1:47812
SR-CHROME-ADAPTER vendor=nvidia architecture=lovelace device= description= fallback=false
no-webgpu: srState "no-webgpu" after 0.1 s, the three web.no_webgpu_* texts exact, no wasm fetched
=== GO ===

-- web[build] · exit=0 · 122.30 s
web build: trunk 0.21.14, 4.1M wasm; check on line 37, wasm on line 47
=== GO ===

