==== 2026-10-10T09:27:16-04:00 strings · clean · a fresh scratch copy of the tree
== 2026-10-10T09:27:16-04:00 strings · task M0-T13 · box Laser2025-20 :: bash tests/cpu.sh sr-app --test strings
-- strings · exit=0 · 158.00 s
   Compiling thiserror v2.0.21
   Compiling smallvec v1.16.2
   Compiling log v0.4.34
   Compiling raw-window-handle v0.6.2
   Compiling num-traits v0.2.19
   Compiling polycool v0.4.0
   Compiling parking_lot_core v0.9.12
   Compiling simd-adler32 v0.3.10
   Compiling version_check v0.9.5
   Compiling adler2 v2.0.1
   Compiling crc32fast v1.5.2
   Compiling linebender_resource_handle v0.1.1
   Compiling windows_x86_64_msvc v0.52.6
   Compiling fearless_simd v0.4.1
   Compiling unicode-general-category v1.1.0
   Compiling windows_x86_64_msvc v0.53.1
   Compiling unicode-segmentation v1.13.3
   Compiling winit v0.30.13
   Compiling wgpu v30.0.1
   Compiling color v0.3.3
   Compiling font-types v0.12.6
   Compiling emath v0.36.2
   Compiling pxfm v0.1.30
   Compiling nohash-hasher v0.2.0
   Compiling epaint_default_fonts v0.36.2
   Compiling uuid v1.27.0
   Compiling kurbo v0.13.1
   Compiling parking_lot v0.12.5
   Compiling ahash v0.8.12
   Compiling miniz_oxide v0.9.1
   Compiling naga-types v30.0.1
   Compiling gpu-allocator v0.28.0
   Compiling windows-targets v0.52.6
   Compiling miniz_oxide v0.8.9
   Compiling wgpu-types v30.0.1
   Compiling fdeflate v0.3.7
   Compiling either v1.19.0
   Compiling tracing-core v0.1.36
   Compiling self_cell v1.3.0
   Compiling pin-project-lite v0.2.17
   Compiling read-fonts v0.41.0
   Compiling flate2 v1.1.10
   Compiling ecolor v0.36.2
   Compiling itertools v0.15.0
   Compiling half v2.7.1
   Compiling euclid v0.22.14
   Compiling ordered-float v5.5.0
   Compiling windows-targets v0.53.5
   Compiling windows-sys v0.52.0
   Compiling peniko v0.6.1
   Compiling png v0.18.1
   Compiling naga v30.0.1
   Compiling tracing v0.1.44
   Compiling accesskit v0.24.1
   Compiling error-code v3.4.0
   Compiling dpi v0.1.2
   Compiling guillotiere v0.7.0
   Compiling cursor-icon v1.2.0
   Compiling byteorder-lite v0.1.0
   Compiling smol_str v0.2.2
   Compiling clipboard-win v5.4.1
   Compiling windows-sys v0.60.2
   Compiling rustc-hash v2.1.3
   Compiling web-time v1.1.0
   Compiling windows-sys v0.61.2
   Compiling type-map v0.5.1
   Compiling vello_common v0.1.0
   Compiling vello_cpu v0.1.0
   Compiling moxcms v0.8.1
   Compiling image v0.25.10
   Compiling wgpu-naga-bridge v30.0.1
   Compiling wgpu-hal v30.0.1
   Compiling skrifa v0.44.0
   Compiling harfrust v0.12.0
   Compiling arboard v3.6.1
   Compiling epaint v0.36.2
   Compiling wgpu-core-deps-windows-linux-android v30.0.1
   Compiling wgpu-core v30.0.1
   Compiling egui v0.36.2
   Compiling egui-winit v0.36.2
   Compiling egui-wgpu v0.36.2
   Compiling sr-engine v0.0.0 (C:\Users\YohanBelanger\AppData\Local\Temp\pb-redarm-mjougyt3\arm0\crates\sr-engine)
   Compiling eframe v0.36.2
   Compiling sr-app v0.0.0 (C:\Users\YohanBelanger\AppData\Local\Temp\pb-redarm-mjougyt3\arm0\crates\sr-app)
    Finished `release` profile [optimized] target(s) in 2m 36s
     Running tests\strings.rs (C:/Users/YohanBelanger/.cache/sandbox-reactions/redarm-target\release\deps\strings-801f126b789da6f8.exe)

running 3 tests
test texts_byte_identical ... ok
test same_keys_both_ways ... ok
test web_texts_verbatim_in_index_html ... ok

test result: ok. 3 passed; 0 failed; 0 ignored; 0 measured; 0 filtered out; finished in 0.03s


==== 2026-10-10T09:29:55-04:00 strings · plant string-typo · a fresh scratch copy of the tree
planted string-typo: tests/plants/string-typo.patch -> crates/sr-app/src/strings.rs
== 2026-10-10T09:29:56-04:00 strings · task M0-T13 · box Laser2025-20 :: bash tests/cpu.sh sr-app --test strings
-- strings · exit=101 · 7.64 s
   Compiling sr-engine v0.0.0 (C:\Users\YohanBelanger\AppData\Local\Temp\pb-redarm-mjougyt3\arm1\crates\sr-engine)
   Compiling sr-app v0.0.0 (C:\Users\YohanBelanger\AppData\Local\Temp\pb-redarm-mjougyt3\arm1\crates\sr-app)
    Finished `release` profile [optimized] target(s) in 6.64s
     Running tests\strings.rs (C:/Users/YohanBelanger/.cache/sandbox-reactions/redarm-target\release\deps\strings-801f126b789da6f8.exe)

running 3 tests
test web_texts_verbatim_in_index_html ... ok
test same_keys_both_ways ... ok
test texts_byte_identical ... FAILED

failures:

---- texts_byte_identical stdout ----

thread 'texts_byte_identical' (25928) panicked at crates\sr-app\tests\strings.rs:83:5:
texts that differ from §4.1:
stage.supernova: STRINGS "Supernoba" ([53, 75, 70, 65, 72, 6e, 6f, 62, 61]), §4.1 "Supernova" ([53, 75, 70, 65, 72, 6e, 6f, 76, 61])
note: run with `RUST_BACKTRACE=1` environment variable to display a backtrace


failures:
    texts_byte_identical

test result: FAILED. 2 passed; 1 failed; 0 ignored; 0 measured; 0 filtered out; finished in 0.01s

error: test failed, to rerun pass `-p sr-app --test strings`

==== 2026-10-10T09:32:01-04:00 strings · clean · a fresh scratch copy of the tree
== 2026-10-10T09:32:01-04:00 strings · task M0-T13 · box Laser2025-20 :: bash tests/cpu.sh sr-app --test strings
-- strings · exit=0 · 10.36 s
   Compiling sr-engine v0.0.0 (C:\Users\YohanBelanger\AppData\Local\Temp\pb-redarm-k_igou94\arm0\crates\sr-engine)
   Compiling sr-app v0.0.0 (C:\Users\YohanBelanger\AppData\Local\Temp\pb-redarm-k_igou94\arm0\crates\sr-app)
    Finished `release` profile [optimized] target(s) in 8.95s
     Running tests\strings.rs (C:/Users/YohanBelanger/.cache/sandbox-reactions/redarm-target\release\deps\strings-801f126b789da6f8.exe)

running 3 tests
test web_texts_verbatim_in_index_html ... ok
test same_keys_both_ways ... ok
test texts_byte_identical ... ok

test result: ok. 3 passed; 0 failed; 0 ignored; 0 measured; 0 filtered out; finished in 0.02s


==== 2026-10-10T09:32:13-04:00 strings · plant string-typo · a fresh scratch copy of the tree
planted string-typo: tests/plants/string-typo.patch -> crates/sr-app/src/strings.rs
== 2026-10-10T09:32:13-04:00 strings · task M0-T13 · box Laser2025-20 :: bash tests/cpu.sh sr-app --test strings
-- strings · exit=101 · 11.19 s
   Compiling sr-engine v0.0.0 (C:\Users\YohanBelanger\AppData\Local\Temp\pb-redarm-k_igou94\arm1\crates\sr-engine)
   Compiling sr-app v0.0.0 (C:\Users\YohanBelanger\AppData\Local\Temp\pb-redarm-k_igou94\arm1\crates\sr-app)
    Finished `release` profile [optimized] target(s) in 9.84s
     Running tests\strings.rs (C:/Users/YohanBelanger/.cache/sandbox-reactions/redarm-target\release\deps\strings-801f126b789da6f8.exe)

running 3 tests
test web_texts_verbatim_in_index_html ... ok
test same_keys_both_ways ... ok
test texts_byte_identical ... FAILED

failures:

---- texts_byte_identical stdout ----

thread 'texts_byte_identical' (17860) panicked at crates\sr-app\tests\strings.rs:83:5:
texts that differ from §4.1:
stage.supernova: STRINGS "Supernoba" ([53, 75, 70, 65, 72, 6e, 6f, 62, 61]), §4.1 "Supernova" ([53, 75, 70, 65, 72, 6e, 6f, 76, 61])
note: run with `RUST_BACKTRACE=1` environment variable to display a backtrace


failures:
    texts_byte_identical

test result: FAILED. 2 passed; 1 failed; 0 ignored; 0 measured; 0 filtered out; finished in 0.03s

error: test failed, to rerun pass `-p sr-app --test strings`

