==== 2026-10-09T09:56:16-04:00 plan_lint · clean · a fresh scratch copy of the tree
== 2026-10-09T09:56:16-04:00 plan_lint · task M0-TM1 · box laserax-ai :: {python} tools/pb/plan.py lint --plan milestones/m0/m0_implementation_plan.md
-- plan_lint · exit=0 · 0.17 s
lint: checks=492 failed=0 warnings=9 · blocks=169 · flow_rows=169 · verify_fences=0 · history=0 · flow=per-task · header=395/600 · pipeline=9/60 · ladder=4 rungs · refresh=5/5
WARN: M0-TE-win: DONE outside the current phase and 55 lines long - stub it (§2.6)
WARN: M0-D2: DONE outside the current phase and 10 lines long - stub it (§2.6)
WARN: M0-D3: DONE outside the current phase and 10 lines long - stub it (§2.6)
WARN: M0-D4: DONE outside the current phase and 10 lines long - stub it (§2.6)
WARN: M0-D5: DONE outside the current phase and 15 lines long - stub it (§2.6)
WARN: M0-D6: DONE outside the current phase and 10 lines long - stub it (§2.6)
WARN: M0-D7: DONE outside the current phase and 10 lines long - stub it (§2.6)
WARN: M0-TJ3: DONE outside the current phase and 27 lines long - stub it (§2.6)
WARN: M0-D8: DONE outside the current phase and 10 lines long - stub it (§2.6)
=== GO ===

==== 2026-10-09T09:56:16-04:00 plan_lint · plant plan-bad-status · a fresh scratch copy of the tree
planted plan-bad-status: {python} -S -c "import pathlib;p=pathlib.Path('milestones/m0/m0_implementation_plan.md');t=p.read_text(encoding='utf-8');assert '- Status: DONE' in t;p.write_text(t.replace('- Status: DONE','- Status: WIBBLE',1),encoding='utf-8')" -> exit 0
== 2026-10-09T09:56:16-04:00 plan_lint · task M0-TM1 · box laserax-ai :: {python} tools/pb/plan.py lint --plan milestones/m0/m0_implementation_plan.md
-- plan_lint · exit=1 · 0.12 s
lint: checks=493 failed=2 warnings=9 · blocks=169 · flow_rows=169 · verify_fences=0 · history=0 · flow=per-task · header=395/600 · pipeline=9/60 · ladder=4 rungs · refresh=5/5
FAIL: M0-TI: 'WIBBLE (2026-10-08 09:10, started 08:51) · archived by M0-TB, 2026-10-08' is off §3.3's closed set - the statuses: TODO · IN PROGRESS (<stamp> | awaiting: <question>) · DONE (<date> ...) · BLOCKED (+ what unblocks it) | BLOCKED-D<n> · DEFERRED (wake: <condition>) · N/A (<reason>) (line 397)
FAIL: Flow row M0-TI says 'DONE', block says None
WARN: M0-TE-win: DONE outside the current phase and 55 lines long - stub it (§2.6)
WARN: M0-D2: DONE outside the current phase and 10 lines long - stub it (§2.6)
WARN: M0-D3: DONE outside the current phase and 10 lines long - stub it (§2.6)
WARN: M0-D4: DONE outside the current phase and 10 lines long - stub it (§2.6)
WARN: M0-D5: DONE outside the current phase and 15 lines long - stub it (§2.6)
WARN: M0-D6: DONE outside the current phase and 10 lines long - stub it (§2.6)
WARN: M0-D7: DONE outside the current phase and 10 lines long - stub it (§2.6)
WARN: M0-TJ3: DONE outside the current phase and 27 lines long - stub it (§2.6)
WARN: M0-D8: DONE outside the current phase and 10 lines long - stub it (§2.6)
=== NO-GO: 2 violation(s) ===

