== 2026-10-10T09:27:06-04:00 strings · task M0-T13 · box Laser2025-20 :: bash tests/cpu.sh sr-app --test strings
-- strings · exit=0 · 4.70 s
   Compiling sr-app v0.0.0 (C:\workspace\sandbox_reactions\crates\sr-app)
    Finished `release` profile [optimized] target(s) in 4.27s
     Running tests\strings.rs (build/target\release\deps\strings-801f126b789da6f8.exe)

running 3 tests
test same_keys_both_ways ... ok
test texts_byte_identical ... ok
test web_texts_verbatim_in_index_html ... ok

test result: ok. 3 passed; 0 failed; 0 ignored; 0 measured; 0 filtered out; finished in 0.00s


== 2026-10-10T09:30:19-04:00 strings · task M0-T13 · box Laser2025-20 :: bash tests/cpu.sh sr-app --test strings
-- strings · exit=0 · 8.70 s
    Blocking waiting for file lock on package cache
    Blocking waiting for file lock on package cache
    Blocking waiting for file lock on package cache
    Blocking waiting for file lock on package cache
    Blocking waiting for file lock on build directory
    Finished `release` profile [optimized] target(s) in 8.09s
     Running tests\strings.rs (build/target\release\deps\strings-801f126b789da6f8.exe)

running 3 tests
test texts_byte_identical ... ok
test web_texts_verbatim_in_index_html ... ok
test same_keys_both_ways ... ok

test result: ok. 3 passed; 0 failed; 0 ignored; 0 measured; 0 filtered out; finished in 0.00s


