== 2026-10-10T10:06:25-04:00 capture[smoke] · task M0-T15 · box Laser2025-20 :: bash tests/capture/check.sh {case}
== 2026-10-10T10:06:32-04:00 capture[refuse] · task M0-T15 · box Laser2025-20 :: bash tests/capture/check.sh {case}
-- capture[refuse] · exit=0 · 22.09 s
capture refuse: a not-built action, an unknown action and a bad id each refused, exit 4
=== GO ===

-- capture[smoke] · exit=0 · 29.08 s
SR-ADAPTER name=NVIDIA GeForce RTX 4080 Laptop GPU backend=Vulkan driver=NVIDIA
SR-CAPTURE paused paused.png 2560x1410
SR-CAPTURE running running.png 2560x1410
SR-CAPTURE DONE 2 C:/Users/YOHANB~1/AppData/Local/Temp/tmp.BSq0EaMJEQ
2 PNGs of (2560, 1410) with different pixels, captions.json valid
capture smoke: ok
=== GO ===

== 2026-10-10T10:13:06-04:00 capture[smoke] · task M0-T15 · box Laser2025-20 :: bash tests/capture/check.sh {case}
== 2026-10-10T10:13:06-04:00 capture[refuse] · task M0-T15 · box Laser2025-20 :: bash tests/capture/check.sh {case}
-- capture[refuse] · exit=0 · 7.66 s
capture refuse: a not-built action, an unknown action and a bad id each refused, exit 4
=== GO ===

-- capture[smoke] · exit=0 · 14.38 s
SR-ADAPTER name=NVIDIA GeForce RTX 4080 Laptop GPU backend=Vulkan driver=NVIDIA
SR-CAPTURE paused paused.png 2560x1410
SR-CAPTURE running running.png 2560x1410
SR-CAPTURE DONE 2 C:/Users/YOHANB~1/AppData/Local/Temp/tmp.26yGdhk9mL
2 PNGs of (2560, 1410) with different pixels, captions.json valid
capture smoke: ok
=== GO ===

