==== 2026-10-09T11:19:56-04:00 desktop · clean · a fresh scratch copy of the tree
== 2026-10-09T11:19:56-04:00 desktop[window] · task M0-T8d · box laserax-ai :: bash tests/smoke.sh {case}
== 2026-10-09T11:19:56-04:00 desktop[launcher] · task M0-T8d · box laserax-ai :: bash tests/smoke.sh {case}
-- desktop[launcher] · exit=0 · 28.89 s
game-xvfb: ready on http://127.0.0.1:47811/status, 0.3s (log /tmp/pb-redarm-5sxq1nux/arm0/milestones/m0/logs/launcher.launch.game-xvfb.log)
services: 1, ready: 1
=== GO ===
Sandbox Reactions is running. Press Enter to close it.
headless-boot: nothing recorded
game: nothing recorded
game-xvfb: pid 1950244 stopped; its X server :99, pid 1950243 stopped
game-offscreen: nothing recorded
services: 4, stopped: 4
=== GO ===
launcher game-xvfb: built in 28 s, started, stopped, nothing left running
=== GO ===

-- desktop[window] · exit=0 · 29.34 s
game-xvfb: ready on http://127.0.0.1:47811/status, 0.3s (log /tmp/pb-redarm-5sxq1nux/arm0/milestones/m0/logs/M0-T8d.launch.game-xvfb.log)
game-xvfb: pid 1950398 stopped; its X server :99, pid 1950378 stopped
game-xvfb: log /tmp/pb-redarm-5sxq1nux/arm0/milestones/m0/logs/M0-T8d.launch.game-xvfb.log
services: 1, ready: 1, failures: 0
boot game-xvfb: built in 28 s, booted and checked in 1 s
=== GO ===

==== 2026-10-09T11:20:25-04:00 desktop · plant status-never-ready · a fresh scratch copy of the tree
planted status-never-ready: tests/plants/status-never-ready.patch -> crates/sr-app/src/desktop.rs
== 2026-10-09T11:20:25-04:00 desktop[window] · task M0-T8d · box laserax-ai :: bash tests/smoke.sh {case}
== 2026-10-09T11:20:25-04:00 desktop[launcher] · task M0-T8d · box laserax-ai :: bash tests/smoke.sh {case}
-- desktop[window] · exit=1 · 116.94 s
game-xvfb: not ready within 90s (log /tmp/pb-redarm-5sxq1nux/arm1/milestones/m0/logs/M0-T8d.launch.game-xvfb.log)
game-xvfb: pid 1958122 stopped; its X server :99, pid 1958118 stopped
game-xvfb: log /tmp/pb-redarm-5sxq1nux/arm1/milestones/m0/logs/M0-T8d.launch.game-xvfb.log
services: 1, ready: 0, failures: 1
FAIL game-xvfb: not ready within 90s (log /tmp/pb-redarm-5sxq1nux/arm1/milestones/m0/logs/M0-T8d.launch.game-xvfb.log)
=== NO-GO: launch.py smoke game-xvfb did not end GO ===

-- desktop[launcher] · exit=1 · 207.18 s
game-xvfb: not ready within 90s (log /tmp/pb-redarm-5sxq1nux/arm1/milestones/m0/logs/launcher.launch.game-xvfb.log)
services: 1, ready: 0
FAIL game-xvfb: not ready within 90s (log /tmp/pb-redarm-5sxq1nux/arm1/milestones/m0/logs/launcher.launch.game-xvfb.log)
=== NO-GO: 1 failure(s) ===
Sandbox Reactions is running. Press Enter to close it.
headless-boot: nothing recorded
game: nothing recorded
game-xvfb: pid 1968926 stopped; its X server :99, pid 1968925 stopped
game-offscreen: nothing recorded
services: 4, stopped: 4
=== GO ===
=== NO-GO: the launcher never reached ready ===

==== 2026-10-09T11:23:53-04:00 desktop · plant launcher-no-stop · a fresh scratch copy of the tree
planted launcher-no-stop: tests/plants/launcher-no-stop.patch -> start.sh
== 2026-10-09T11:23:53-04:00 desktop[window] · task M0-T8d · box laserax-ai :: bash tests/smoke.sh {case}
== 2026-10-09T11:23:53-04:00 desktop[launcher] · task M0-T8d · box laserax-ai :: bash tests/smoke.sh {case}
-- desktop[launcher] · exit=1 · 25.37 s
game-xvfb: ready on http://127.0.0.1:47811/status, 0.3s (log /tmp/pb-redarm-5sxq1nux/arm2/milestones/m0/logs/launcher.launch.game-xvfb.log)
services: 1, ready: 1
=== GO ===
Sandbox Reactions is running. Press Enter to close it.
=== NO-GO: the launcher did not stop game-xvfb ===

-- desktop[window] · exit=0 · 25.76 s
game-xvfb: ready on http://127.0.0.1:47811/status, 0.3s (log /tmp/pb-redarm-5sxq1nux/arm2/milestones/m0/logs/M0-T8d.launch.game-xvfb.log)
game-xvfb: pid 1992060 stopped; its X server :99, pid 1992059 stopped
game-xvfb: log /tmp/pb-redarm-5sxq1nux/arm2/milestones/m0/logs/M0-T8d.launch.game-xvfb.log
services: 1, ready: 1, failures: 0
boot game-xvfb: built in 24 s, booted and checked in 1 s
=== GO ===

