==== 2026-10-09T11:32:27-04:00 boot · clean · a fresh scratch copy of the tree
== 2026-10-09T11:32:27-04:00 boot · task M0-T9 · box laserax-ai :: bash tests/smoke.sh headless-boot
-- boot · exit=0 · 29.07 s
headless-boot: ready - exit 0, 0.5s (log /tmp/pb-redarm-cdo0effl/arm0/milestones/m0/logs/M0-T9.launch.headless-boot.log)
headless-boot: pid 2065176 not signalled - gone
headless-boot: log /tmp/pb-redarm-cdo0effl/arm0/milestones/m0/logs/M0-T9.launch.headless-boot.log
services: 1, ready: 1, failures: 0
summary.json: 13 keys of §2.12.2, steps = 200
boot headless-boot: built in 28 s, booted and checked in 1 s
=== GO ===

==== 2026-10-09T11:32:56-04:00 boot · plant scene-refuse · a fresh scratch copy of the tree
planted scene-refuse: tests/plants/scene-refuse.patch -> crates/sr-engine/src/headless.rs
== 2026-10-09T11:32:56-04:00 boot · task M0-T9 · box laserax-ai :: bash tests/smoke.sh headless-boot
-- boot · exit=1 · 32.74 s
headless-boot: exited 4 (log /tmp/pb-redarm-cdo0effl/arm1/milestones/m0/logs/M0-T9.launch.headless-boot.log)
headless-boot: pid 2074366 not signalled - gone
headless-boot: log /tmp/pb-redarm-cdo0effl/arm1/milestones/m0/logs/M0-T9.launch.headless-boot.log
services: 1, ready: 0, failures: 1
FAIL headless-boot: exited 4 (log /tmp/pb-redarm-cdo0effl/arm1/milestones/m0/logs/M0-T9.launch.headless-boot.log)
=== NO-GO: launch.py smoke headless-boot did not end GO ===

