    Checking log v0.4.34
    Checking smallvec v1.16.2
    Checking raw-window-handle v0.6.2
    Checking num-traits v0.2.19
    Checking thiserror v2.0.21
    Checking naga-types v30.0.1
    Checking parking_lot_core v0.9.12
    Checking gpu-allocator v0.28.0
    Checking wgpu-types v30.0.1
    Checking parking_lot v0.12.5
    Checking half v2.7.1
    Checking ordered-float v5.5.0
    Checking naga v30.0.1
    Checking wgpu-naga-bridge v30.0.1
    Checking wgpu-hal v30.0.1
    Checking wgpu-core-deps-windows-linux-android v30.0.1
    Checking wgpu-core v30.0.1
    Checking wgpu v30.0.1
    Checking sr-engine v0.0.0 (C:\workspace\sandbox_reactions\crates\sr-engine)
error: fields `sigma`, `mom`, `mass_out`, and `energy_added` are never read
   --> crates\sr-engine\tests\gpu\floors.rs:280:5
    |
279 | struct Twin {
    |        ---- fields in this struct
280 |     sigma: f64,
    |     ^^^^^
281 |     mom: [f64; 2],
    |     ^^^
...
284 |     mass_out: f64,
    |     ^^^^^^^^
285 |     energy_added: f64,
    |     ^^^^^^^^^^^^
    |
    = note: `Twin` has a derived impl for the trait `Debug`, but this is intentionally ignored during dead code analysis
    = note: `-D dead-code` implied by `-D warnings`
    = help: to override `-D warnings` add `#[expect(dead_code)]` or `#[allow(dead_code)]`

error: the loop variable `ch` is used to index `CHANNELS`
   --> crates\sr-engine\tests\gpu\floors.rs:489:19
    |
489 |         for ch in 0..3 {
    |                   ^^^^
    |
    = help: for further information visit https://rust-lang.github.io/rust-clippy/rust-1.99.0/index.html#needless_range_loop
    = note: `-D clippy::needless-range-loop` implied by `-D warnings`
    = help: to override `-D warnings` add `#[allow(clippy::needless_range_loop)]`
help: consider using an iterator and enumerate()
    |
489 -         for ch in 0..3 {
489 +         for (ch, <item>) in CHANNELS.iter().enumerate().take(3) {
    |

error: the loop variable `k` is used to index `CHANNELS`
   --> crates\sr-engine\tests\gpu\floors.rs:557:18
    |
557 |         for k in 0..N_CHANNELS {
    |                  ^^^^^^^^^^^^^
    |
    = help: for further information visit https://rust-lang.github.io/rust-clippy/rust-1.99.0/index.html#needless_range_loop
help: consider using an iterator and enumerate()
    |
557 -         for k in 0..N_CHANNELS {
557 +         for (k, <item>) in CHANNELS.iter().enumerate().take(N_CHANNELS) {
    |

error: the loop variable `k` is used to index `CHANNELS`
   --> crates\sr-engine\tests\gpu\floors.rs:565:18
    |
565 |         for k in 0..N_CHANNELS {
    |                  ^^^^^^^^^^^^^
    |
    = help: for further information visit https://rust-lang.github.io/rust-clippy/rust-1.99.0/index.html#needless_range_loop
help: consider using an iterator and enumerate()
    |
565 -         for k in 0..N_CHANNELS {
565 +         for (k, <item>) in CHANNELS.iter().enumerate().take(N_CHANNELS) {
    |

error: could not compile `sr-engine` (test "gpu") due to 4 previous errors
== M0-T21 box iterate 2026-10-10T20:08:22Z
   Compiling sr-engine v0.0.0 (C:\workspace\sandbox_reactions\crates\sr-engine)
warning: fields `sigma`, `mom`, `mass_out`, and `energy_added` are never read
   --> crates\sr-engine\tests\gpu\floors.rs:280:5
    |
279 | struct Twin {
    |        ---- fields in this struct
280 |     sigma: f64,
    |     ^^^^^
281 |     mom: [f64; 2],
    |     ^^^
...
284 |     mass_out: f64,
    |     ^^^^^^^^
285 |     energy_added: f64,
    |     ^^^^^^^^^^^^
    |
    = note: `Twin` has a derived impl for the trait `Debug`, but this is intentionally ignored during dead code analysis
    = note: `#[warn(dead_code)]` (part of `#[warn(unused)]`) on by default

warning: `sr-engine` (test "gpu") generated 1 warning
    Finished `release` profile [optimized] target(s) in 7.98s
     Running tests\gpu\main.rs (build/target\release\deps\gpu-74d6808ad45f7bb5.exe)

running 6 tests
test r#box::an_edit_outside_the_box_refits_it_in_p0_and_the_flag_clears ... SR-ADAPTER name=NVIDIA GeForce RTX 4080 Laptop GPU backend=Vulkan driver=NVIDIA

thread 'r#box::an_edit_outside_the_box_refits_it_in_p0_and_the_flag_clears' (4252) panicked at C:\Users\YohanBelanger\.cargo\registry\src\index.crates.io-1949cf8c6b5b557f\wgpu-30.0.1\src\backend\wgpu_core.rs:1084:30:
wgpu error: Validation Error

Caused by:
  In Device::create_shader_module, label = 'reduce.wgsl'
    
Shader 'reduce.wgsl' parsing error: name `active` is a reserved keyword
    ┌─ wgsl:227:36
    │
227 │ @group(0) @binding(7) var<uniform> active: ActiveBox;
    │                                    ^^^^^^ definition of `active`




note: run with `RUST_BACKTRACE=1` environment variable to display a backtrace
FAILED
test r#box::the_box_is_refit_after_p9_at_step_indices_0_mod_16_and_never_between ... SR-ADAPTER name=NVIDIA GeForce RTX 4080 Laptop GPU backend=Vulkan driver=NVIDIA

thread 'r#box::the_box_is_refit_after_p9_at_step_indices_0_mod_16_and_never_between' (24212) panicked at C:\Users\YohanBelanger\.cargo\registry\src\index.crates.io-1949cf8c6b5b557f\wgpu-30.0.1\src\backend\wgpu_core.rs:1084:30:
wgpu error: Validation Error

Caused by:
  In Device::create_shader_module, label = 'reduce.wgsl'
    
Shader 'reduce.wgsl' parsing error: name `active` is a reserved keyword
    ┌─ wgsl:227:36
    │
227 │ @group(0) @binding(7) var<uniform> active: ActiveBox;
    │                                    ^^^^^^ definition of `active`




FAILED
test r#box::the_box_is_the_non_vacuum_cells_grown_by_8_rounded_to_8_and_clamped_at_known_places_edges_and_corners ... SR-ADAPTER name=NVIDIA GeForce RTX 4080 Laptop GPU backend=Vulkan driver=NVIDIA

thread 'r#box::the_box_is_the_non_vacuum_cells_grown_by_8_rounded_to_8_and_clamped_at_known_places_edges_and_corners' (10296) panicked at C:\Users\YohanBelanger\.cargo\registry\src\index.crates.io-1949cf8c6b5b557f\wgpu-30.0.1\src\backend\wgpu_core.rs:1084:30:
wgpu error: Validation Error

Caused by:
  In Device::create_shader_module, label = 'reduce.wgsl'
    
Shader 'reduce.wgsl' parsing error: name `active` is a reserved keyword
    ┌─ wgsl:227:36
    │
227 │ @group(0) @binding(7) var<uniform> active: ActiveBox;
    │                                    ^^^^^^ definition of `active`




FAILED
test r#box::the_fft_size_per_axis_is_the_smallest_power_of_two_at_least_twice_the_box_and_32 ... SR-ADAPTER name=NVIDIA GeForce RTX 4080 Laptop GPU backend=Vulkan driver=NVIDIA

thread 'r#box::the_fft_size_per_axis_is_the_smallest_power_of_two_at_least_twice_the_box_and_32' (32868) panicked at C:\Users\YohanBelanger\.cargo\registry\src\index.crates.io-1949cf8c6b5b557f\wgpu-30.0.1\src\backend\wgpu_core.rs:1084:30:
wgpu error: Validation Error

Caused by:
  In Device::create_shader_module, label = 'reduce.wgsl'
    
Shader 'reduce.wgsl' parsing error: name `active` is a reserved keyword
    ┌─ wgsl:227:36
    │
227 │ @group(0) @binding(7) var<uniform> active: ActiveBox;
    │                                    ^^^^^^ definition of `active`




FAILED
test r#box::the_passes_read_their_dispatch_sizes_from_the_box ... SR-ADAPTER name=NVIDIA GeForce RTX 4080 Laptop GPU backend=Vulkan driver=NVIDIA

thread 'r#box::the_passes_read_their_dispatch_sizes_from_the_box' (10736) panicked at C:\Users\YohanBelanger\.cargo\registry\src\index.crates.io-1949cf8c6b5b557f\wgpu-30.0.1\src\backend\wgpu_core.rs:1084:30:
wgpu error: Validation Error

Caused by:
  In Device::create_shader_module, label = 'reduce.wgsl'
    
Shader 'reduce.wgsl' parsing error: name `active` is a reserved keyword
    ┌─ wgsl:227:36
    │
227 │ @group(0) @binding(7) var<uniform> active: ActiveBox;
    │                                    ^^^^^^ definition of `active`




FAILED
test r#box::the_whole_world_switch_holds_the_box_at_the_world ... SR-ADAPTER name=NVIDIA GeForce RTX 4080 Laptop GPU backend=Vulkan driver=NVIDIA

thread 'r#box::the_whole_world_switch_holds_the_box_at_the_world' (34476) panicked at C:\Users\YohanBelanger\.cargo\registry\src\index.crates.io-1949cf8c6b5b557f\wgpu-30.0.1\src\backend\wgpu_core.rs:1084:30:
wgpu error: Validation Error

Caused by:
  In Device::create_shader_module, label = 'reduce.wgsl'
    
Shader 'reduce.wgsl' parsing error: name `active` is a reserved keyword
    ┌─ wgsl:227:36
    │
227 │ @group(0) @binding(7) var<uniform> active: ActiveBox;
    │                                    ^^^^^^ definition of `active`




FAILED

failures:

failures:
    r#box::an_edit_outside_the_box_refits_it_in_p0_and_the_flag_clears
    r#box::the_box_is_refit_after_p9_at_step_indices_0_mod_16_and_never_between
    r#box::the_box_is_the_non_vacuum_cells_grown_by_8_rounded_to_8_and_clamped_at_known_places_edges_and_corners
    r#box::the_fft_size_per_axis_is_the_smallest_power_of_two_at_least_twice_the_box_and_32
    r#box::the_passes_read_their_dispatch_sizes_from_the_box
    r#box::the_whole_world_switch_holds_the_box_at_the_world

test result: FAILED. 0 passed; 6 failed; 0 ignored; 0 measured; 33 filtered out; finished in 3.81s

error: test failed, to rerun pass `-p sr-engine --test gpu`
== rerun
   Compiling sr-engine v0.0.0 (C:\workspace\sandbox_reactions\crates\sr-engine)
warning: fields `sigma`, `mom`, `mass_out`, and `energy_added` are never read
   --> crates\sr-engine\tests\gpu\floors.rs:280:5
    |
279 | struct Twin {
    |        ---- fields in this struct
280 |     sigma: f64,
    |     ^^^^^
281 |     mom: [f64; 2],
    |     ^^^
...
284 |     mass_out: f64,
    |     ^^^^^^^^
285 |     energy_added: f64,
    |     ^^^^^^^^^^^^
    |
    = note: `Twin` has a derived impl for the trait `Debug`, but this is intentionally ignored during dead code analysis
    = note: `#[warn(dead_code)]` (part of `#[warn(unused)]`) on by default

warning: `sr-engine` (test "gpu") generated 1 warning
    Finished `release` profile [optimized] target(s) in 9.29s
     Running tests\gpu\main.rs (build/target\release\deps\gpu-74d6808ad45f7bb5.exe)

running 6 tests
test r#box::an_edit_outside_the_box_refits_it_in_p0_and_the_flag_clears ... SR-ADAPTER name=NVIDIA GeForce RTX 4080 Laptop GPU backend=Vulkan driver=NVIDIA

thread 'r#box::an_edit_outside_the_box_refits_it_in_p0_and_the_flag_clears' (32204) panicked at C:\Users\YohanBelanger\.cargo\registry\src\index.crates.io-1949cf8c6b5b557f\wgpu-30.0.1\src\backend\wgpu_core.rs:1084:30:
wgpu error: Validation Error

Caused by:
  In Device::create_shader_module, label = 'reduce.wgsl'
    
Shader 'reduce.wgsl' parsing error: name `set` is a reserved keyword
    ┌─ wgsl:465:9
    │
465 │     let set = atomicLoad(&box_flag) != 0u;
    │         ^^^ definition of `set`




note: run with `RUST_BACKTRACE=1` environment variable to display a backtrace
FAILED
test r#box::the_box_is_refit_after_p9_at_step_indices_0_mod_16_and_never_between ... SR-ADAPTER name=NVIDIA GeForce RTX 4080 Laptop GPU backend=Vulkan driver=NVIDIA

thread 'r#box::the_box_is_refit_after_p9_at_step_indices_0_mod_16_and_never_between' (36900) panicked at C:\Users\YohanBelanger\.cargo\registry\src\index.crates.io-1949cf8c6b5b557f\wgpu-30.0.1\src\backend\wgpu_core.rs:1084:30:
wgpu error: Validation Error

Caused by:
  In Device::create_shader_module, label = 'reduce.wgsl'
    
Shader 'reduce.wgsl' parsing error: name `set` is a reserved keyword
    ┌─ wgsl:465:9
    │
465 │     let set = atomicLoad(&box_flag) != 0u;
    │         ^^^ definition of `set`




FAILED
test r#box::the_box_is_the_non_vacuum_cells_grown_by_8_rounded_to_8_and_clamped_at_known_places_edges_and_corners ... SR-ADAPTER name=NVIDIA GeForce RTX 4080 Laptop GPU backend=Vulkan driver=NVIDIA

thread 'r#box::the_box_is_the_non_vacuum_cells_grown_by_8_rounded_to_8_and_clamped_at_known_places_edges_and_corners' (35164) panicked at C:\Users\YohanBelanger\.cargo\registry\src\index.crates.io-1949cf8c6b5b557f\wgpu-30.0.1\src\backend\wgpu_core.rs:1084:30:
wgpu error: Validation Error

Caused by:
  In Device::create_shader_module, label = 'reduce.wgsl'
    
Shader 'reduce.wgsl' parsing error: name `set` is a reserved keyword
    ┌─ wgsl:465:9
    │
465 │     let set = atomicLoad(&box_flag) != 0u;
    │         ^^^ definition of `set`




FAILED
test r#box::the_fft_size_per_axis_is_the_smallest_power_of_two_at_least_twice_the_box_and_32 ... SR-ADAPTER name=NVIDIA GeForce RTX 4080 Laptop GPU backend=Vulkan driver=NVIDIA

thread 'r#box::the_fft_size_per_axis_is_the_smallest_power_of_two_at_least_twice_the_box_and_32' (33956) panicked at C:\Users\YohanBelanger\.cargo\registry\src\index.crates.io-1949cf8c6b5b557f\wgpu-30.0.1\src\backend\wgpu_core.rs:1084:30:
wgpu error: Validation Error

Caused by:
  In Device::create_shader_module, label = 'reduce.wgsl'
    
Shader 'reduce.wgsl' parsing error: name `set` is a reserved keyword
    ┌─ wgsl:465:9
    │
465 │     let set = atomicLoad(&box_flag) != 0u;
    │         ^^^ definition of `set`




FAILED
test r#box::the_passes_read_their_dispatch_sizes_from_the_box ... SR-ADAPTER name=NVIDIA GeForce RTX 4080 Laptop GPU backend=Vulkan driver=NVIDIA

thread 'r#box::the_passes_read_their_dispatch_sizes_from_the_box' (24212) panicked at C:\Users\YohanBelanger\.cargo\registry\src\index.crates.io-1949cf8c6b5b557f\wgpu-30.0.1\src\backend\wgpu_core.rs:1084:30:
wgpu error: Validation Error

Caused by:
  In Device::create_shader_module, label = 'reduce.wgsl'
    
Shader 'reduce.wgsl' parsing error: name `set` is a reserved keyword
    ┌─ wgsl:465:9
    │
465 │     let set = atomicLoad(&box_flag) != 0u;
    │         ^^^ definition of `set`




FAILED
test r#box::the_whole_world_switch_holds_the_box_at_the_world ... SR-ADAPTER name=NVIDIA GeForce RTX 4080 Laptop GPU backend=Vulkan driver=NVIDIA

thread 'r#box::the_whole_world_switch_holds_the_box_at_the_world' (39780) panicked at C:\Users\YohanBelanger\.cargo\registry\src\index.crates.io-1949cf8c6b5b557f\wgpu-30.0.1\src\backend\wgpu_core.rs:1084:30:
wgpu error: Validation Error

Caused by:
  In Device::create_shader_module, label = 'reduce.wgsl'
    
Shader 'reduce.wgsl' parsing error: name `set` is a reserved keyword
    ┌─ wgsl:465:9
    │
465 │     let set = atomicLoad(&box_flag) != 0u;
    │         ^^^ definition of `set`




FAILED

failures:

failures:
    r#box::an_edit_outside_the_box_refits_it_in_p0_and_the_flag_clears
    r#box::the_box_is_refit_after_p9_at_step_indices_0_mod_16_and_never_between
    r#box::the_box_is_the_non_vacuum_cells_grown_by_8_rounded_to_8_and_clamped_at_known_places_edges_and_corners
    r#box::the_fft_size_per_axis_is_the_smallest_power_of_two_at_least_twice_the_box_and_32
    r#box::the_passes_read_their_dispatch_sizes_from_the_box
    r#box::the_whole_world_switch_holds_the_box_at_the_world

test result: FAILED. 0 passed; 6 failed; 0 ignored; 0 measured; 33 filtered out; finished in 4.08s

error: test failed, to rerun pass `-p sr-engine --test gpu`
== rerun
   Compiling sr-engine v0.0.0 (C:\workspace\sandbox_reactions\crates\sr-engine)
warning: fields `sigma`, `mom`, `mass_out`, and `energy_added` are never read
   --> crates\sr-engine\tests\gpu\floors.rs:280:5
    |
279 | struct Twin {
    |        ---- fields in this struct
280 |     sigma: f64,
    |     ^^^^^
281 |     mom: [f64; 2],
    |     ^^^
...
284 |     mass_out: f64,
    |     ^^^^^^^^
285 |     energy_added: f64,
    |     ^^^^^^^^^^^^
    |
    = note: `Twin` has a derived impl for the trait `Debug`, but this is intentionally ignored during dead code analysis
    = note: `#[warn(dead_code)]` (part of `#[warn(unused)]`) on by default

warning: `sr-engine` (test "gpu") generated 1 warning
    Finished `release` profile [optimized] target(s) in 13.10s
     Running tests\gpu\main.rs (build/target\release\deps\gpu-74d6808ad45f7bb5.exe)

running 6 tests
test r#box::an_edit_outside_the_box_refits_it_in_p0_and_the_flag_clears ... SR-ADAPTER name=NVIDIA GeForce RTX 4080 Laptop GPU backend=Vulkan driver=NVIDIA
step 4, edit flagged: box [192, 88, 24, 24], from step 4, 3 fits
ok
test r#box::the_box_is_refit_after_p9_at_step_indices_0_mod_16_and_never_between ... SR-ADAPTER name=NVIDIA GeForce RTX 4080 Laptop GPU backend=Vulkan driver=NVIDIA
after 1 steps: box [32, 32, 24, 24], from step 1, 2 fits
after 16 steps: box [32, 32, 24, 24], from step 1, 2 fits
after 17 steps: box [192, 88, 24, 24], from step 17, 3 fits
after 32 steps: box [192, 88, 24, 24], from step 17, 3 fits
after 33 steps: box [32, 32, 24, 24], from step 33, 4 fits
ok
test r#box::the_box_is_the_non_vacuum_cells_grown_by_8_rounded_to_8_and_clamped_at_known_places_edges_and_corners ... SR-ADAPTER name=NVIDIA GeForce RTX 4080 Laptop GPU backend=Vulkan driver=NVIDIA
empty world: box [0, 0, 0, 0]
one cell, middle: box [288, 192, 24, 24]
on the 8-grid: box [0, 0, 24, 24]
on the 8-grid, inside: box [8, 8, 24, 24]
one off the grid: box [0, 0, 16, 16]
corner (0, 0): box [0, 0, 16, 16]
corner (599, 399): box [584, 384, 16, 16]
left edge: box [0, 192, 16, 24]
right edge: box [584, 192, 16, 24]
top edge: box [288, 0, 24, 16]
a 100 × 10 block: box [88, 40, 120, 32]
two far corners: box [0, 0, 600, 400]
ok
test r#box::the_fft_size_per_axis_is_the_smallest_power_of_two_at_least_twice_the_box_and_32 ... SR-ADAPTER name=NVIDIA GeForce RTX 4080 Laptop GPU backend=Vulkan driver=NVIDIA
600 × 400, gas on []: box [0, 0, 0, 0], FFT [32, 32]
600 × 400, gas on [(4, 4)]: box [0, 0, 16, 16], FFT [32, 32]
600 × 400, gas on [(300, 200)]: box [288, 192, 24, 24], FFT [64, 64]
600 × 400, gas on [(0, 0), (599, 399)]: box [0, 0, 600, 400], FFT [2048, 1024]
2048 × 64, gas on [(0, 0), (2047, 63)]: box [0, 0, 2048, 64], FFT [4096, 128]
ok
test r#box::the_passes_read_their_dispatch_sizes_from_the_box ... SR-ADAPTER name=NVIDIA GeForce RTX 4080 Laptop GPU backend=Vulkan driver=NVIDIA
Fit: box [88, 40, 40, 32], tiles [5, 4, 1], cells [5, 1, 1], Δt_0 9.108400344848633e-1 (want 9.108400612990104e-1)
WholeWorld: box [0, 0, 256, 128], tiles [32, 16, 1], cells [128, 1, 1], Δt_0 4.4721364974975586e-1 (want 4.4721359216795703e-1)
ok
test r#box::the_whole_world_switch_holds_the_box_at_the_world ... SR-ADAPTER name=NVIDIA GeForce RTX 4080 Laptop GPU backend=Vulkan driver=NVIDIA
ok

test result: ok. 6 passed; 0 failed; 0 ignored; 0 measured; 33 filtered out; finished in 5.42s

