==== 2026-10-09T10:10:15-04:00 desktop · clean · a fresh scratch copy of the tree
== 2026-10-09T10:10:15-04:00 desktop[window] · task M0-T5 · box laserax-ai :: bash tests/smoke.sh {case}
-- desktop[window] · exit=0 · 25.35 s
game-xvfb: ready on http://127.0.0.1:47811/status, 0.3s (log /tmp/pb-redarm-i0qhuk1a/arm0/milestones/m0/logs/M0-T5.launch.game-xvfb.log)
game-xvfb: pid 845922 stopped; its X server :99, pid 845921 stopped
game-xvfb: log /tmp/pb-redarm-i0qhuk1a/arm0/milestones/m0/logs/M0-T5.launch.game-xvfb.log
services: 1, ready: 1, failures: 0
boot game-xvfb: built in 24 s, booted and checked in 1 s
=== GO ===

==== 2026-10-09T10:10:40-04:00 desktop · plant status-never-ready · a fresh scratch copy of the tree
planted status-never-ready: tests/plants/status-never-ready.patch -> crates/sr-app/src/desktop.rs
== 2026-10-09T10:10:40-04:00 desktop[window] · task M0-T5 · box laserax-ai :: bash tests/smoke.sh {case}
-- desktop[window] · exit=1 · 112.16 s
game-xvfb: not ready within 90s (log /tmp/pb-redarm-i0qhuk1a/arm1/milestones/m0/logs/M0-T5.launch.game-xvfb.log)
game-xvfb: pid 854030 stopped; its X server :99, pid 854028 stopped
game-xvfb: log /tmp/pb-redarm-i0qhuk1a/arm1/milestones/m0/logs/M0-T5.launch.game-xvfb.log
services: 1, ready: 0, failures: 1
FAIL game-xvfb: not ready within 90s (log /tmp/pb-redarm-i0qhuk1a/arm1/milestones/m0/logs/M0-T5.launch.game-xvfb.log)
=== NO-GO: launch.py smoke game-xvfb did not end GO ===

==== 2026-10-09T10:15:02-04:00 desktop · clean · a fresh scratch copy of the tree
== 2026-10-09T10:15:02-04:00 desktop[window] · task M0-T5 · box laserax-ai :: bash tests/smoke.sh {case}
-- desktop[window] · exit=0 · 28.52 s
game-xvfb: ready on http://127.0.0.1:47811/status, 0.5s (log /tmp/pb-redarm-5ekvlx_z/arm0/milestones/m0/logs/M0-T5.launch.game-xvfb.log)
game-xvfb: pid 923066 stopped; its X server :99, pid 923064 stopped
game-xvfb: log /tmp/pb-redarm-5ekvlx_z/arm0/milestones/m0/logs/M0-T5.launch.game-xvfb.log
services: 1, ready: 1, failures: 0
boot game-xvfb: built in 28 s, booted and checked in 1 s
=== GO ===

==== 2026-10-09T10:15:31-04:00 desktop · plant status-never-ready · a fresh scratch copy of the tree
planted status-never-ready: tests/plants/status-never-ready.patch -> crates/sr-app/src/desktop.rs
== 2026-10-09T10:15:31-04:00 desktop[window] · task M0-T5 · box laserax-ai :: bash tests/smoke.sh {case}
-- desktop[window] · exit=1 · 116.80 s
game-xvfb: not ready within 90s (log /tmp/pb-redarm-5ekvlx_z/arm1/milestones/m0/logs/M0-T5.launch.game-xvfb.log)
game-xvfb: pid 932398 stopped; its X server :99, pid 932391 stopped
game-xvfb: log /tmp/pb-redarm-5ekvlx_z/arm1/milestones/m0/logs/M0-T5.launch.game-xvfb.log
services: 1, ready: 0, failures: 1
FAIL game-xvfb: not ready within 90s (log /tmp/pb-redarm-5ekvlx_z/arm1/milestones/m0/logs/M0-T5.launch.game-xvfb.log)
=== NO-GO: launch.py smoke game-xvfb did not end GO ===

