== 2026-10-09T11:08:26-04:00 desktop[window] · task M0-T8c · box laserax-ai :: bash tests/smoke.sh {case}
== 2026-10-09T11:08:26-04:00 desktop[launcher] · task M0-T8c · box laserax-ai :: bash tests/smoke.sh {case}
-- desktop[window] · exit=0 · 3.58 s
game-xvfb: ready on http://127.0.0.1:47811/status, 0.6s (log /home/ybelanger/private/sandbox_reactions/milestones/m0/logs/M0-T8c.launch.game-xvfb.log)
game-xvfb: pid 1646714 stopped; its X server :99, pid 1646711 stopped
game-xvfb: log /home/ybelanger/private/sandbox_reactions/milestones/m0/logs/M0-T8c.launch.game-xvfb.log
services: 1, ready: 1, failures: 0
boot game-xvfb: built in 0 s, booted and checked in 3 s
=== GO ===

-- desktop[launcher] · exit=0 · 4.34 s
game-xvfb: ready on http://127.0.0.1:47811/status, 0.6s (log /home/ybelanger/private/sandbox_reactions/milestones/m0/logs/launcher.launch.game-xvfb.log)
services: 1, ready: 1
=== GO ===
Sandbox Reactions is running. Press Enter to close it.
headless-boot: nothing recorded
game: nothing recorded
game-xvfb: pid 1646970 stopped; its X server :99, pid 1646966 stopped
game-offscreen: nothing recorded
services: 4, stopped: 4
=== GO ===
launcher game-xvfb: built in 0 s, started, stopped, nothing left running
=== GO ===

