   Compiling sr-physics v0.0.0 (C:\workspace\sandbox_reactions\crates\sr-physics)
    Finished `release` profile [optimized] target(s) in 4.04s
     Running unittests src\lib.rs (build/target\release\deps\sr_physics-dfda0d2b393312b1.exe)

running 13 tests
test eos::tests::cold_pressure_limits ... ok
test eos::tests::gas_laws ... ok
test eos::tests::energy_limits ... ok
test eos::tests::table_geometry ... ok
test eos::tests::low_end_is_finite ... ok
test eos::tests::zero_k_means_no_cold_pressure ... ok
test eos::tests::thermal_from_energy_and_the_floor ... ok
test eos::tests::pressure_log_slope_is_at_most_two ... ok
test eos::tests::shipped_pairs_are_the_contracts ... ok
test eos::tests::closed_form_matches_quadrature ... ok
test eos::tests::interpolation_between_nodes ... ok
test eos::tests::table_nodes_equal_the_closed_form_integral ... ok
test eos::tests::monotone ... ok

test result: ok. 13 passed; 0 failed; 0 ignored; 0 measured; 29 filtered out; finished in 0.02s

== 2026-10-10T09:22:06-04:00 build[native] · task M0-T12 · box Laser2025-20 :: bash tests/cargo.sh build {case}
== 2026-10-10T09:22:06-04:00 build[wasm] · task M0-T12 · box Laser2025-20 :: bash tests/cargo.sh build {case}
-- build[wasm] · exit=0 · 5.01 s
build wasm: 1.99.0 in 3 s, target C:/workspace/sandbox_reactions/build/target (1.8G)
=== GO ===

-- build[native] · exit=0 · 13.75 s
build native: 1.99.0 in 10 s, target C:/workspace/sandbox_reactions/build/target (1.8G)
=== GO ===

