== 2026-10-09T09:56:13-04:00 plan_lint · task M0-TM1 · box laserax-ai :: {python} tools/pb/plan.py lint --plan milestones/m0/m0_implementation_plan.md
-- plan_lint · exit=0 · 0.12 s
lint: checks=492 failed=0 warnings=9 · blocks=169 · flow_rows=169 · verify_fences=0 · history=0 · flow=per-task · header=395/600 · pipeline=9/60 · ladder=4 rungs · refresh=5/5
WARN: M0-TE-win: DONE outside the current phase and 55 lines long - stub it (§2.6)
WARN: M0-D2: DONE outside the current phase and 10 lines long - stub it (§2.6)
WARN: M0-D3: DONE outside the current phase and 10 lines long - stub it (§2.6)
WARN: M0-D4: DONE outside the current phase and 10 lines long - stub it (§2.6)
WARN: M0-D5: DONE outside the current phase and 15 lines long - stub it (§2.6)
WARN: M0-D6: DONE outside the current phase and 10 lines long - stub it (§2.6)
WARN: M0-D7: DONE outside the current phase and 10 lines long - stub it (§2.6)
WARN: M0-TJ3: DONE outside the current phase and 27 lines long - stub it (§2.6)
WARN: M0-D8: DONE outside the current phase and 10 lines long - stub it (§2.6)
=== GO ===

== 2026-10-09T09:57:48-04:00 plan_lint · task M0-TM1 · box laserax-ai :: {python} tools/pb/plan.py lint --plan milestones/m0/m0_implementation_plan.md
-- plan_lint · exit=0 · 0.17 s
lint: checks=491 failed=0 warnings=9 · blocks=169 · flow_rows=169 · verify_fences=0 · history=0 · flow=per-task · header=395/600 · pipeline=9/60 · ladder=4 rungs · refresh=0/5
WARN: M0-TE-win: DONE outside the current phase and 55 lines long - stub it (§2.6)
WARN: M0-D2: DONE outside the current phase and 10 lines long - stub it (§2.6)
WARN: M0-D3: DONE outside the current phase and 10 lines long - stub it (§2.6)
WARN: M0-D4: DONE outside the current phase and 10 lines long - stub it (§2.6)
WARN: M0-D5: DONE outside the current phase and 15 lines long - stub it (§2.6)
WARN: M0-D6: DONE outside the current phase and 10 lines long - stub it (§2.6)
WARN: M0-D7: DONE outside the current phase and 10 lines long - stub it (§2.6)
WARN: M0-TJ3: DONE outside the current phase and 27 lines long - stub it (§2.6)
WARN: M0-D8: DONE outside the current phase and 10 lines long - stub it (§2.6)
=== GO ===

