== 2026-10-08T13:39:37-04:00 toolchain[desktop] · task M0-TG · box laserax-ai :: bash tests/toolchain/check.sh {case}
-- toolchain[desktop] · exit=0 · 0.06 s
toolchain desktop: rustc 1.99.0 (b940084d7 2026-09-28) built and ran the one-file program
=== GO ===

== 2026-10-08T13:39:37-04:00 toolchain[wasm] · task M0-TG · box laserax-ai :: bash tests/toolchain/check.sh {case}
-- toolchain[wasm] · exit=0 · 0.06 s
toolchain wasm: wasm32-unknown-unknown module built (2651758 bytes)
=== GO ===

== 2026-10-08T13:39:37-04:00 toolchain[trunk] · task M0-TG · box laserax-ai :: bash tests/toolchain/check.sh {case}
-- toolchain[trunk] · exit=0 · 0.21 s
toolchain trunk: trunk 0.21.14 built the page
=== GO ===

== 2026-10-08T13:39:54-04:00 toolchain[desktop] · task M0-TG · box laserax-ai :: bash tests/toolchain/check.sh {case}
-- toolchain[desktop] · exit=0 · 0.06 s
toolchain desktop: rustc 1.99.0 (b940084d7 2026-09-28) built and ran the one-file program
=== GO ===

== 2026-10-08T13:39:54-04:00 toolchain[wasm] · task M0-TG · box laserax-ai :: bash tests/toolchain/check.sh {case}
-- toolchain[wasm] · exit=0 · 0.03 s
toolchain wasm: wasm32-unknown-unknown module built (2651758 bytes)
=== GO ===

== 2026-10-08T13:39:54-04:00 toolchain[trunk] · task M0-TG · box laserax-ai :: bash tests/toolchain/check.sh {case}
-- toolchain[trunk] · exit=0 · 0.16 s
toolchain trunk: trunk 0.21.14 built the page
=== GO ===

