==== 2026-10-09T11:03:02-04:00 capture · clean · a fresh scratch copy of the tree
== 2026-10-09T11:03:02-04:00 capture[smoke] · task M0-T8 · box laserax-ai :: bash tests/capture/check.sh {case}
== 2026-10-09T11:03:02-04:00 capture[refuse] · task M0-T8 · box laserax-ai :: bash tests/capture/check.sh {case}
-- capture[refuse] · exit=0 · 37.73 s
capture refuse: a not-built action, an unknown action and a bad id each refused, exit 4
=== GO ===

-- capture[smoke] · exit=0 · 38.69 s
SR-ADAPTER name=llvmpipe (LLVM 20.1.2, 256 bits) backend=Vulkan driver=llvmpipe
SR-CAPTURE paused paused.png 1846x1016
SR-CAPTURE running running.png 1846x1016
SR-CAPTURE DONE 2 /tmp/tmp.XpQNLCzFoB
2 PNGs of (1846, 1016) with different pixels, captions.json valid
capture smoke: ok
=== GO ===

==== 2026-10-09T11:03:41-04:00 capture · plant capture-no-captions · a fresh scratch copy of the tree
planted capture-no-captions: tests/plants/capture-no-captions.patch -> crates/sr-app/src/capture.rs
== 2026-10-09T11:03:41-04:00 capture[smoke] · task M0-T8 · box laserax-ai :: bash tests/capture/check.sh {case}
== 2026-10-09T11:03:41-04:00 capture[refuse] · task M0-T8 · box laserax-ai :: bash tests/capture/check.sh {case}
-- capture[refuse] · exit=0 · 33.50 s
capture refuse: a not-built action, an unknown action and a bad id each refused, exit 4
=== GO ===

-- capture[smoke] · exit=1 · 34.35 s
SR-ADAPTER name=llvmpipe (LLVM 20.1.2, 256 bits) backend=Vulkan driver=llvmpipe
SR-CAPTURE paused paused.png 1846x1016
SR-CAPTURE running running.png 1846x1016
SR-CAPTURE DONE 2 /tmp/tmp.Bp5pVgNaiV
Traceback (most recent call last):
  File "<stdin>", line 3, in <module>
FileNotFoundError: [Errno 2] No such file or directory: '/tmp/tmp.Bp5pVgNaiV/captions.json'
=== NO-GO: the captures do not match §3.3 ===

==== 2026-10-09T11:05:43-04:00 capture · clean · a fresh scratch copy of the tree
== 2026-10-09T11:05:43-04:00 capture[smoke] · task M0-T8 · box laserax-ai :: bash tests/capture/check.sh {case}
== 2026-10-09T11:05:43-04:00 capture[refuse] · task M0-T8 · box laserax-ai :: bash tests/capture/check.sh {case}
-- capture[refuse] · exit=0 · 30.67 s
capture refuse: a not-built action, an unknown action and a bad id each refused, exit 4
=== GO ===

-- capture[smoke] · exit=0 · 31.53 s
SR-ADAPTER name=llvmpipe (LLVM 20.1.2, 256 bits) backend=Vulkan driver=llvmpipe
SR-CAPTURE paused paused.png 1912x1048
SR-CAPTURE running running.png 1912x1048
SR-CAPTURE DONE 2 /tmp/tmp.B7hs4miJvC
2 PNGs of (1912, 1048) with different pixels, captions.json valid
capture smoke: ok
=== GO ===

==== 2026-10-09T11:06:14-04:00 capture · plant capture-no-captions · a fresh scratch copy of the tree
planted capture-no-captions: tests/plants/capture-no-captions.patch -> crates/sr-app/src/capture.rs
== 2026-10-09T11:06:14-04:00 capture[smoke] · task M0-T8 · box laserax-ai :: bash tests/capture/check.sh {case}
== 2026-10-09T11:06:14-04:00 capture[refuse] · task M0-T8 · box laserax-ai :: bash tests/capture/check.sh {case}
-- capture[refuse] · exit=0 · 36.70 s
capture refuse: a not-built action, an unknown action and a bad id each refused, exit 4
=== GO ===

-- capture[smoke] · exit=1 · 38.09 s
SR-ADAPTER name=llvmpipe (LLVM 20.1.2, 256 bits) backend=Vulkan driver=llvmpipe
SR-CAPTURE paused paused.png 1912x1048
SR-CAPTURE running running.png 1912x1048
SR-CAPTURE DONE 2 /tmp/tmp.bWSdKtpj6t
Traceback (most recent call last):
  File "<stdin>", line 3, in <module>
FileNotFoundError: [Errno 2] No such file or directory: '/tmp/tmp.bWSdKtpj6t/captions.json'
=== NO-GO: the captures do not match §3.3 ===

