== 2026-10-10T10:44:45-04:00 desktop[window] · task M0-T15-r4 · box Laser2025-20 :: bash tests/smoke.sh {case}
== 2026-10-10T10:44:45-04:00 desktop[launcher] · task M0-T15-r4 · box Laser2025-20 :: bash tests/smoke.sh {case}
-- desktop[launcher] · exit=0 · 12.62 s
game-offscreen: ready on http://127.0.0.1:47811/status, 1.2s (log C:\workspace\sandbox_reactions\milestones\m0\logs\launcher.launch.game-offscreen.log)
services: 1, ready: 1
=== GO ===
Sandbox Reactions is running. Press Enter to close it.
headless-boot: nothing recorded
game: nothing recorded
game-xvfb: nothing recorded
game-offscreen: pid 31272 stopped
web: nothing recorded
services: 5, stopped: 5
=== GO ===
launcher game-offscreen: built in 2 s, started, stopped, nothing left running
=== GO ===

-- desktop[window] · exit=0 · 16.16 s
game-offscreen: ready on http://127.0.0.1:47811/status, 1.1s (log C:\workspace\sandbox_reactions\milestones\m0\logs\M0-T15-r4.launch.game-offscreen.log)
game-offscreen: pid 15164 stopped
game-offscreen: log C:\workspace\sandbox_reactions\milestones\m0\logs\M0-T15-r4.launch.game-offscreen.log
services: 1, ready: 1, failures: 0
boot game-offscreen: built in 2 s, booted and checked in 14 s
=== GO ===

