==== 2026-10-09T10:14:14-04:00 boot · clean · a fresh scratch copy of the tree
== 2026-10-09T10:14:14-04:00 boot · task M0-T5 · box laserax-ai :: bash tests/smoke.sh headless-boot
-- boot · exit=0 · 24.87 s
headless-boot: ready - exit 0, 0.7s (log /tmp/pb-redarm-gmt7z6wn/arm0/milestones/m0/logs/M0-T5.launch.headless-boot.log)
headless-boot: pid 903802 not signalled - gone
headless-boot: log /tmp/pb-redarm-gmt7z6wn/arm0/milestones/m0/logs/M0-T5.launch.headless-boot.log
services: 1, ready: 1, failures: 0
summary.json: 13 keys of §2.12.2, steps = 200
boot headless-boot: built in 23 s, booted and checked in 1 s
=== GO ===

==== 2026-10-09T10:14:38-04:00 boot · plant scene-refuse · a fresh scratch copy of the tree
planted scene-refuse: tests/plants/scene-refuse.patch -> crates/sr-engine/src/headless.rs
== 2026-10-09T10:14:38-04:00 boot · task M0-T5 · box laserax-ai :: bash tests/smoke.sh headless-boot
-- boot · exit=1 · 23.78 s
headless-boot: exited 4 (log /tmp/pb-redarm-gmt7z6wn/arm1/milestones/m0/logs/M0-T5.launch.headless-boot.log)
headless-boot: pid 913306 not signalled - gone
headless-boot: log /tmp/pb-redarm-gmt7z6wn/arm1/milestones/m0/logs/M0-T5.launch.headless-boot.log
services: 1, ready: 0, failures: 1
FAIL headless-boot: exited 4 (log /tmp/pb-redarm-gmt7z6wn/arm1/milestones/m0/logs/M0-T5.launch.headless-boot.log)
=== NO-GO: launch.py smoke headless-boot did not end GO ===

