== 2026-10-10T10:15:53-04:00 web[build] · task M0-T15c · box Laser2025-20 :: bash tests/web/check.sh {case}
== 2026-10-10T10:15:53-04:00 web[ready] · task M0-T15c · box Laser2025-20 :: bash tests/web/check.sh {case}
== 2026-10-10T10:15:53-04:00 web[no-webgpu] · task M0-T15c · box Laser2025-20 :: bash tests/web/check.sh {case}
-- web[ready] · exit=0 · 12.92 s
web: ready on port 47812, 0.5s (log C:\workspace\sandbox_reactions\milestones\m0\logs\M0-T15c.launch.web.log)
services: 1, ready: 1
web smoke ready: C:\Program Files\Google\Chrome\Application\chrome.exe (154.0.8037.99) on win32, flags --headless=new --enable-unsafe-webgpu, http://127.0.0.1:47812
SR-ADAPTER  (BrowserWebGpu, Other, driver )
SR-CHROME-ADAPTER vendor=nvidia architecture=lovelace device= description= fallback=false
ready: srState "ready" after 1.2 s
=== GO ===

-- web[build] · exit=0 · 51.31 s
web build: trunk 0.21.14, 4.1M wasm; check on line 37, wasm on line 47
=== GO ===

-- web[no-webgpu] · exit=0 · 62.61 s
web: ready on port 47812, 0.5s (log C:\workspace\sandbox_reactions\milestones\m0\logs\M0-T15c.launch.web.log)
services: 1, ready: 1
web smoke no-webgpu: C:\Program Files\Google\Chrome\Application\chrome.exe (154.0.8037.99) on win32, flags --headless=new --enable-unsafe-webgpu, http://127.0.0.1:47812
SR-CHROME-ADAPTER vendor=nvidia architecture=lovelace device= description= fallback=false
no-webgpu: srState "no-webgpu" after 0.1 s, the three web.no_webgpu_* texts exact, no wasm fetched
=== GO ===

== 2026-10-10T10:16:57-04:00 web[build] · task M0-T15c · box Laser2025-20 :: bash tests/web/check.sh {case}
== 2026-10-10T10:16:57-04:00 web[ready] · task M0-T15c · box Laser2025-20 :: bash tests/web/check.sh {case}
== 2026-10-10T10:16:57-04:00 web[no-webgpu] · task M0-T15c · box Laser2025-20 :: bash tests/web/check.sh {case}
-- web[build] · exit=0 · 32.70 s
web build: trunk 0.21.14, 4.1M wasm; check on line 37, wasm on line 47
=== GO ===

-- web[ready] · exit=0 · 43.59 s
web: ready on port 47812, 0.5s (log C:\workspace\sandbox_reactions\milestones\m0\logs\M0-T15c.launch.web.log)
services: 1, ready: 1
web smoke ready: C:\Program Files\Google\Chrome\Application\chrome.exe (154.0.8037.99) on win32, flags --headless=new --enable-unsafe-webgpu, http://127.0.0.1:47812
SR-ADAPTER  (BrowserWebGpu, Other, driver )
SR-CHROME-ADAPTER vendor=nvidia architecture=lovelace device= description= fallback=false
ready: srState "ready" after 0.7 s
=== GO ===

-- web[no-webgpu] · exit=0 · 54.03 s
web: ready on port 47812, 0.5s (log C:\workspace\sandbox_reactions\milestones\m0\logs\M0-T15c.launch.web.log)
services: 1, ready: 1
web smoke no-webgpu: C:\Program Files\Google\Chrome\Application\chrome.exe (154.0.8037.99) on win32, flags --headless=new --enable-unsafe-webgpu, http://127.0.0.1:47812
SR-CHROME-ADAPTER vendor=nvidia architecture=lovelace device= description= fallback=false
no-webgpu: srState "no-webgpu" after 0.1 s, the three web.no_webgpu_* texts exact, no wasm fetched
=== GO ===

== 2026-10-10T10:17:53-04:00 web[build] · task M0-T15c · box Laser2025-20 :: bash tests/web/check.sh {case}
== 2026-10-10T10:17:53-04:00 web[no-webgpu] · task M0-T15c · box Laser2025-20 :: bash tests/web/check.sh {case}
== 2026-10-10T10:17:53-04:00 web[ready] · task M0-T15c · box Laser2025-20 :: bash tests/web/check.sh {case}
-- web[no-webgpu] · exit=0 · 10.42 s
web: ready on port 47812, 0.5s (log C:\workspace\sandbox_reactions\milestones\m0\logs\M0-T15c.launch.web.log)
services: 1, ready: 1
web smoke no-webgpu: C:\Program Files\Google\Chrome\Application\chrome.exe (154.0.8037.99) on win32, flags --headless=new --enable-unsafe-webgpu, http://127.0.0.1:47812
SR-CHROME-ADAPTER vendor=nvidia architecture=lovelace device= description= fallback=false
no-webgpu: srState "no-webgpu" after 0.0 s, the three web.no_webgpu_* texts exact, no wasm fetched
=== GO ===

-- web[build] · exit=0 · 40.33 s
web build: trunk 0.21.14, 4.1M wasm; check on line 37, wasm on line 47
=== GO ===

-- web[ready] · exit=0 · 50.73 s
web: ready on port 47812, 0.5s (log C:\workspace\sandbox_reactions\milestones\m0\logs\M0-T15c.launch.web.log)
services: 1, ready: 1
web smoke ready: C:\Program Files\Google\Chrome\Application\chrome.exe (154.0.8037.99) on win32, flags --headless=new --enable-unsafe-webgpu, http://127.0.0.1:47812
SR-ADAPTER  (BrowserWebGpu, Other, driver )
SR-CHROME-ADAPTER vendor=nvidia architecture=lovelace device= description= fallback=false
ready: srState "ready" after 0.7 s
=== GO ===

