==== 2026-10-10T11:34:35-04:00 web · clean · a fresh scratch copy of the tree
== 2026-10-10T11:34:36-04:00 web[build] · task M0-V2 · box Laser2025-20 :: bash tests/web/check.sh {case}
== 2026-10-10T11:34:36-04:00 web[ready] · task M0-V2 · box Laser2025-20 :: bash tests/web/check.sh {case}
== 2026-10-10T11:34:36-04:00 web[no-webgpu] · task M0-V2 · box Laser2025-20 :: bash tests/web/check.sh {case}
-- web[no-webgpu] · exit=0 · 248.62 s
web build: trunk 0.21.14, 4.1M wasm; check on line 37, wasm on line 47
web: ready on port 47812, 2.1s (log C:\Users\YohanBelanger\AppData\Local\Temp\pb-redarm-emvo1kic\arm0\milestones\m0\logs\M0-V2.launch.web.log)
services: 1, ready: 1
web smoke no-webgpu: C:\Program Files\Google\Chrome\Application\chrome.exe (154.0.8037.99) on win32, flags --headless=new --enable-unsafe-webgpu, http://127.0.0.1:47812
SR-CHROME-ADAPTER vendor=nvidia architecture=lovelace device= description= fallback=false
no-webgpu: srState "no-webgpu" after 0.2 s, the three web.no_webgpu_* texts exact, no wasm fetched
=== GO ===

-- web[ready] · exit=0 · 267.31 s
web: ready on port 47812, 1.0s (log C:\Users\YohanBelanger\AppData\Local\Temp\pb-redarm-emvo1kic\arm0\milestones\m0\logs\M0-V2.launch.web.log)
services: 1, ready: 1
web smoke ready: C:\Program Files\Google\Chrome\Application\chrome.exe (154.0.8037.99) on win32, flags --headless=new --enable-unsafe-webgpu, http://127.0.0.1:47812
SR-ADAPTER  (BrowserWebGpu, Other, driver )
SR-CHROME-ADAPTER vendor=nvidia architecture=lovelace device= description= fallback=false
ready: srState "ready" after 2.0 s
=== GO ===

-- web[build] · exit=0 · 313.80 s
web build: trunk 0.21.14, 4.1M wasm; check on line 37, wasm on line 47
=== GO ===

==== 2026-10-10T11:39:51-04:00 web · plant web-no-gpu-check · a fresh scratch copy of the tree
planted web-no-gpu-check: tests/plants/web-no-gpu-check.patch -> web/index.html
== 2026-10-10T11:39:52-04:00 web[build] · task M0-V2 · box Laser2025-20 :: bash tests/web/check.sh {case}
== 2026-10-10T11:39:52-04:00 web[ready] · task M0-V2 · box Laser2025-20 :: bash tests/web/check.sh {case}
== 2026-10-10T11:39:52-04:00 web[no-webgpu] · task M0-V2 · box Laser2025-20 :: bash tests/web/check.sh {case}
-- web[ready] · exit=1 · 78.44 s
web ready: index.html has no navigator.gpu check
=== NO-GO: index.html has no navigator.gpu check ===

-- web[build] · exit=1 · 119.44 s
web build: index.html has no navigator.gpu check
=== NO-GO: index.html has no navigator.gpu check ===

-- web[no-webgpu] · exit=1 · 155.89 s
web no-webgpu: index.html has no navigator.gpu check
=== NO-GO: index.html has no navigator.gpu check ===

==== 2026-10-10T11:42:29-04:00 web · plant web-autoload · a fresh scratch copy of the tree
planted web-autoload: tests/plants/web-autoload.patch -> web/Trunk.toml
== 2026-10-10T11:42:29-04:00 web[build] · task M0-V2 · box Laser2025-20 :: bash tests/web/check.sh {case}
== 2026-10-10T11:42:29-04:00 web[ready] · task M0-V2 · box Laser2025-20 :: bash tests/web/check.sh {case}
== 2026-10-10T11:42:29-04:00 web[no-webgpu] · task M0-V2 · box Laser2025-20 :: bash tests/web/check.sh {case}
-- web[ready] · exit=1 · 38.89 s
web ready: trunk's auto-loader or preload for the wasm is still in index.html
=== NO-GO: trunk's auto-loader or preload for the wasm is still in index.html ===

-- web[build] · exit=1 · 74.05 s
web build: trunk's auto-loader or preload for the wasm is still in index.html
=== NO-GO: trunk's auto-loader or preload for the wasm is still in index.html ===

-- web[no-webgpu] · exit=1 · 105.56 s
web no-webgpu: trunk's auto-loader or preload for the wasm is still in index.html
=== NO-GO: trunk's auto-loader or preload for the wasm is still in index.html ===

==== 2026-10-10T11:44:16-04:00 web · plant never-ready · a fresh scratch copy of the tree
planted never-ready: tests/plants/never-ready.patch -> crates/sr-app/src/web.rs
== 2026-10-10T11:44:17-04:00 web[build] · task M0-V2 · box Laser2025-20 :: bash tests/web/check.sh {case}
== 2026-10-10T11:44:17-04:00 web[ready] · task M0-V2 · box Laser2025-20 :: bash tests/web/check.sh {case}
== 2026-10-10T11:44:17-04:00 web[no-webgpu] · task M0-V2 · box Laser2025-20 :: bash tests/web/check.sh {case}
-- web[no-webgpu] · exit=0 · 79.03 s
web build: trunk 0.21.14, 4.1M wasm; check on line 37, wasm on line 47
web: ready on port 47812, 0.5s (log C:\Users\YohanBelanger\AppData\Local\Temp\pb-redarm-emvo1kic\arm3\milestones\m0\logs\M0-V2.launch.web.log)
services: 1, ready: 1
web smoke no-webgpu: C:\Program Files\Google\Chrome\Application\chrome.exe (154.0.8037.99) on win32, flags --headless=new --enable-unsafe-webgpu, http://127.0.0.1:47812
SR-CHROME-ADAPTER vendor=nvidia architecture=lovelace device= description= fallback=false
no-webgpu: srState "no-webgpu" after 0.3 s, the three web.no_webgpu_* texts exact, no wasm fetched
=== GO ===

-- web[build] · exit=0 · 125.80 s
web build: trunk 0.21.14, 4.1M wasm; check on line 37, wasm on line 47
=== GO ===

-- web[ready] · exit=1 · 166.44 s
web: ready on port 47812, 0.5s (log C:\Users\YohanBelanger\AppData\Local\Temp\pb-redarm-emvo1kic\arm3\milestones\m0\logs\M0-V2.launch.web.log)
services: 1, ready: 1
web smoke ready: C:\Program Files\Google\Chrome\Application\chrome.exe (154.0.8037.99) on win32, flags --headless=new --enable-unsafe-webgpu, http://127.0.0.1:47812
=== NO-GO: ready: srState is "loading" after 30 s; never ready - console.warning: The powerPreference option is currently ignored when calling requestAdapter() on Windows. See https://crbug.com/369219127 | console.error: Failed to load resource: the server responded with a status of 404 (File not found) | console.warning: The powerPreference option is currently ignored when calling requestAdapter() on Windows. See https://crbug.com/369219127 ===

