==== 2026-10-10T11:13:07-04:00 build · clean · a fresh scratch copy of the tree
== 2026-10-10T11:13:07-04:00 build[native] · task M0-V2-d9-2 · box Laser2025-20 :: bash tests/cargo.sh build {case}
== 2026-10-10T11:13:07-04:00 build[wasm] · task M0-V2-d9-2 · box Laser2025-20 :: bash tests/cargo.sh build {case}
-- build[wasm] · exit=0 · 21.44 s
build wasm: 1.99.0 in 19 s, target /c/Users/YohanBelanger/.cache/sandbox-reactions/redarm-target (1.9G)
=== GO ===

-- build[native] · exit=0 · 22.33 s
build native: 1.99.0 in 20 s, target /c/Users/YohanBelanger/.cache/sandbox-reactions/redarm-target (1.9G)
=== GO ===

==== 2026-10-10T11:13:32-04:00 build · plant build-wasm-only · a fresh scratch copy of the tree
planted build-wasm-only: tests/plants/build-wasm-only.patch -> crates/sr-physics/src/lib.rs
== 2026-10-10T11:13:32-04:00 build[native] · task M0-V2-d9-2 · box Laser2025-20 :: bash tests/cargo.sh build {case}
== 2026-10-10T11:13:32-04:00 build[wasm] · task M0-V2-d9-2 · box Laser2025-20 :: bash tests/cargo.sh build {case}
-- build[wasm] · exit=1 · 3.77 s
--- cargo check --workspace --target wasm32-unknown-unknown --locked (check) ---
    Checking sr-physics v0.0.0 (C:\Users\YohanBelanger\AppData\Local\Temp\pb-redarm-2554sif3\arm1\crates\sr-physics)
    Checking sr-engine v0.0.0 (C:\Users\YohanBelanger\AppData\Local\Temp\pb-redarm-2554sif3\arm1\crates\sr-engine)
error: planted: the wasm build breaks while the native build stays green
 --> crates\sr-physics\src\lib.rs:4:1
  |
4 | compile_error!("planted: the wasm build breaks while the native build stays green");
  | ^^^^^^^^^^^^^^^^^^^^^^^^^^^^^^^^^^^^^^^^^^^^^^^^^^^^^^^^^^^^^^^^^^^^^^^^^^^^^^^^^^^

error: could not compile `sr-physics` (lib) due to 1 previous error
warning: build failed, waiting for other jobs to finish...
=== NO-GO: cargo check --target wasm32-unknown-unknown failed ===

-- build[native] · exit=0 · 24.56 s
build native: 1.99.0 in 23 s, target /c/Users/YohanBelanger/.cache/sandbox-reactions/redarm-target (1.9G)
=== GO ===

